Creating test database for alias 'default'...
.F
======================================================================
FAIL: test_chat_ui_login_immediately_loads_users_own_conversation_list (guide_api.tests.GuideApiTests.test_chat_ui_login_immediately_loads_users_own_conversation_list)
----------------------------------------------------------------------
Traceback (most recent call last):
  File "/Users/deecoderr/Work/Personal/Projects/BhagwatGitaGuide/guide_api/tests.py", line 1546, in test_chat_ui_login_immediately_loads_users_own_conversation_list
    self.assertContains(login_response, "Start New")
    ~~~~~~~~~~~~~~~~~~~^^^^^^^^^^^^^^^^^^^^^^^^^^^^^
AssertionError: False is not true : Couldn't find 'Start New' in the following response
b'<!doctype html>\n\n<html lang="en">\n<head>\n  <meta charset="utf-8">\n  <meta name="viewport" content="width=device-width, initial-scale=1">\n  <title>Bhagavad Gita Guide | Ask Life Questions, Get Verse-Based Guidance</title>\n  <meta\n    name="description"\n    content="Ask your life question and get Bhagavad Gita guidance with relevant verses, practical meaning, and clear next steps for anxiety, relationships, discipline, career, and purpose."\n  >\n  <link rel="preconnect" href="https://fonts.googleapis.com">\n  <link rel="preconnect" href="https://fonts.gstatic.com" crossorigin>\n  <link\n    href="https://fonts.googleapis.com/css2?family=Cormorant+Garamond:ital,wght@0,400;0,500;0,600;0,700;1,500&family=Manrope:wght@400;500;600;700;800&family=Sora:wght@500;600;700&display=swap"\n    rel="stylesheet"\n  >\n  <link rel="stylesheet" href="/static/guide_api/css/gita-app-theme.css">\n  <link rel="stylesheet" href="/static/guide_api/css/gita-web-portal.css">\n  <link\n    rel="stylesheet"\n    href="https://cdnjs.cloudflare.com/ajax/libs/animate.css/4.1.1/animate.min.css"\n    crossorigin="anonymous"\n    referrerpolicy="no-referrer"\n  >\n  <link rel="stylesheet" href="https://unpkg.com/aos@2.3.1/dist/aos.css">\n  <style>\n    * { box-sizing: border-box; }\n\n    body {\n      margin: 0;\n      min-height: 100vh;\n      font-family: var(--font-body);\n      color: var(--text);\n      background:\n        radial-gradient(circle at 12% 10%, rgba(91, 132, 180, 0.26) 0%, transparent 28%),\n        radial-gradient(circle at 86% 16%, rgba(155, 123, 168, 0.14) 0%, transparent 24%),\n        radial-gradient(circle at 50% 110%, rgba(232, 184, 109, 0.1) 0%, transparent 34%),\n        linear-gradient(140deg, var(--bg-a) 0%, var(--bg-b) 36%, var(--bg-c) 72%, var(--bg-d) 100%);\n      overflow-x: hidden;\n    }\n\n    body::before {\n      content: "";\n      position: fixed;\n      inset: 0;\n      pointer-events: none;\n      background:\n        linear-gradient(180deg, rgba(255, 244, 220, 0.055), transparent 25%),\n        radial-gradient(ellipse 120% 40% at 50% -8%, rgba(23, 48, 68, 0.35), transparent 55%),\n        radial-gradient(circle at 50% 0%, rgba(232, 184, 109, 0.14), transparent 32%),\n        radial-gradient(ellipse 80% 100% at 100% 50%, rgba(107, 78, 158, 0.05), transparent 50%);\n      z-index: 0;\n    }\n\n    .aurora-veils,\n    .sacred-grid,\n    .cursor-aura,\n    .page-progress {\n      position: fixed;\n      pointer-events: none;\n      z-index: 0;\n    }\n\n    .aurora-veils {\n      inset: -12% -6%;\n      opacity: 0.5;\n      background:\n        radial-gradient(circle at 20% 22%, rgba(23, 48, 68, 0.55), transparent 28%),\n        radial-gradient(circle at 78% 16%, rgba(107, 78, 158, 0.22), transparent 24%),\n        radial-gradient(circle at 52% 72%, rgba(232, 184, 109, 0.1), transparent 32%);\n      filter: blur(44px);\n      animation: auroraBreath 22s ease-in-out infinite alternate;\n    }\n\n    .sacred-grid {\n      inset: 0;\n      opacity: 0.07;\n      background-image:\n        linear-gradient(rgba(255, 255, 255, 0.055) 1px, transparent 1px),\n        linear-gradient(90deg, rgba(255, 255, 255, 0.055) 1px, transparent 1px),\n        linear-gradient(rgba(232, 184, 109, 0.04) 1px, transparent 1px);\n      background-size: 64px 64px, 64px 64px, 12px 12px;\n      mask-image: radial-gradient(ellipse 70% 60% at 50% 40%, black 0%, transparent 90%);\n    }\n\n    .cursor-aura {\n      width: 360px;\n      height: 360px;\n      border-radius: 50%;\n      left: 0;\n      top: 0;\n      opacity: 0.2;\n      background: radial-gradient(\n        circle,\n        rgba(232, 184, 109, 0.4) 0%,\n        rgba(91, 163, 196, 0.12) 42%,\n        transparent 68%\n      );\n      filter: blur(26px);\n      transform: translate3d(-50%, -50%, 0);\n      transition: opacity 220ms ease;\n      z-index: 1;\n    }\n\n    .page-progress {\n      inset: 0 auto auto 0;\n      width: 0;\n      height: 2px;\n      background: linear-gradient(90deg, var(--divine-gold), var(--sky-glow), var(--lotus-rose));\n      box-shadow: 0 0 20px rgba(232, 184, 109, 0.5);\n      z-index: 20;\n    }\n\n    .stardust {\n      position: fixed;\n      inset: 0;\n      pointer-events: none;\n      z-index: 0;\n      opacity: 0.24;\n      background-image:\n        radial-gradient(circle at 20% 25%, rgba(255, 255, 255, 0.45) 0 0.5px, transparent 1.5px),\n        radial-gradient(circle at 80% 70%, rgba(255, 255, 255, 0.28) 0 0.5px, transparent 1.5px),\n        radial-gradient(circle at 60% 35%, rgba(232, 184, 109, 0.22) 0 0.5px, transparent 1.5px);\n      background-size: 200px 200px, 240px 240px, 280px 280px;\n      animation: stardrift 32s linear infinite;\n    }\n\n    .bg-orb {\n      position: fixed;\n      border-radius: 999px;\n      filter: blur(34px);\n      opacity: 0.32;\n      pointer-events: none;\n      z-index: 0;\n      animation: float 12s ease-in-out infinite;\n      will-change: transform;\n    }\n    .bg-orb.orb-1 {\n      width: 300px;\n      height: 300px;\n      background: radial-gradient(circle at 30% 30%, #4a3478, #1e1638);\n      top: -90px;\n      right: -60px;\n    }\n    .bg-orb.orb-2 {\n      width: 280px;\n      height: 280px;\n      background: radial-gradient(circle at 40% 50%, #173044, #0a1520);\n      bottom: 40px;\n      left: -80px;\n      animation-delay: -2.5s;\n    }\n    .bg-orb.orb-3 {\n      width: 200px;\n      height: 200px;\n      background: radial-gradient(circle at 60% 40%, rgba(107, 78, 158, 0.85), #2a1b38);\n      top: 44%;\n      right: 8%;\n      animation-delay: -5s;\n    }\n\n    @keyframes float {\n      0%, 100% { transform: translateY(0px); }\n      50% { transform: translateY(20px); }\n    }\n\n    @keyframes blink {\n      0%, 49% { opacity: 1; }\n      50%, 100% { opacity: 0; }\n    }\n\n    .app {\n      position: relative;\n      z-index: 1;\n      max-width: 1360px;\n      margin: 0 auto;\n      padding: 24px 18px 44px;\n    }\n\n    .hero {\n      border: 1px solid var(--border-strong);\n      background:\n        radial-gradient(circle at top left, rgba(232, 184, 109, 0.2), transparent 30%),\n        linear-gradient(145deg, rgba(10, 18, 30, 0.84), rgba(18, 31, 50, 0.78) 45%, rgba(44, 22, 53, 0.72));\n      border-radius: 28px;\n      padding: 28px;\n      box-shadow: var(--shadow);\n      backdrop-filter: blur(16px);\n      margin-bottom: 16px;\n      position: relative;\n      overflow: hidden;\n      transform-style: preserve-3d;\n    }\n    .hero::after {\n      content: "";\n      position: absolute;\n      top: -58%;\n      left: -12%;\n      width: 44%;\n      height: 240%;\n      transform: rotate(18deg);\n      background: linear-gradient(\n        180deg,\n        rgba(255, 255, 255, 0),\n        rgba(232, 184, 109, 0.22),\n        rgba(255, 255, 255, 0)\n      );\n      animation: heroShimmer 8s ease-in-out infinite;\n      pointer-events: none;\n    }\n    .hero::before {\n      content: "";\n      position: absolute;\n      right: 6%;\n      top: 16%;\n      width: 180px;\n      height: 180px;\n      border-radius: 50%;\n      border: 1px solid rgba(232, 184, 109, 0.12);\n      box-shadow:\n        0 0 0 18px rgba(232, 184, 109, 0.03),\n        0 0 0 42px rgba(232, 184, 109, 0.02);\n      opacity: 0.9;\n      animation: haloRotate 18s linear infinite;\n    }\n    .hero h1 { margin: 0 0 10px; font-size: clamp(30px, 4vw, 48px); letter-spacing: -0.02em; line-height: 1.08; }\n    .hero p { margin: 0; color: var(--muted); line-height: 1.7; max-width: 60ch; }\n    .hero h1,\n    .panel h2,\n    .panel h3 {\n      font-family: var(--font-display);\n    }\n\n    .hero-grid {\n      display: grid;\n      grid-template-columns: minmax(0, 1.3fr) minmax(260px, 0.7fr);\n      gap: 22px;\n      align-items: stretch;\n      position: relative;\n      z-index: 1;\n    }\n\n    .hero-copy {\n      display: grid;\n      gap: 14px;\n      position: relative;\n      z-index: 1;\n    }\n\n    .hero-blessing {\n      align-self: stretch;\n      border-radius: 22px;\n      padding: 18px 18px 16px;\n      border: 1px solid rgba(232, 184, 109, 0.18);\n      background:\n        linear-gradient(180deg, rgba(255, 247, 230, 0.08), rgba(232, 184, 109, 0.03)),\n        rgba(8, 13, 25, 0.42);\n      box-shadow: inset 0 1px 0 rgba(255, 255, 255, 0.04);\n      display: grid;\n      gap: 14px;\n      position: relative;\n      overflow: hidden;\n      transform: translateZ(24px);\n    }\n\n    .hero-blessing::after {\n      content: "";\n      position: absolute;\n      inset: auto -22% -45% auto;\n      width: 160px;\n      height: 160px;\n      border-radius: 50%;\n      background: radial-gradient(circle, rgba(232, 184, 109, 0.18), transparent 70%);\n      filter: blur(6px);\n      animation: blessingFloat 7s ease-in-out infinite;\n    }\n\n    .hero-blessing-kicker {\n      font-size: 11px;\n      letter-spacing: 0.24em;\n      text-transform: uppercase;\n      color: #f3d694;\n    }\n\n    .hero-blessing-quote {\n      margin: 0;\n      font-size: 18px;\n      line-height: 1.6;\n      color: #fff7df;\n      font-weight: 600;\n    }\n\n    .hero-blessing-note {\n      margin: 0;\n      font-size: 13px;\n      line-height: 1.65;\n      color: var(--text-muted);\n    }\n\n    .hero-meta {\n      display: flex;\n      flex-wrap: wrap;\n      gap: 10px;\n    }\n\n    .hero-meta-pill {\n      display: inline-flex;\n      align-items: center;\n      gap: 8px;\n      padding: 10px 14px;\n      border-radius: 999px;\n      border: 1px solid rgba(255, 255, 255, 0.12);\n      background: rgba(255, 255, 255, 0.05);\n      color: #e7eef9;\n      font-size: 12px;\n      letter-spacing: 0.02em;\n      backdrop-filter: blur(8px);\n    }\n\n    .eyebrow {\n      display: inline-flex;\n      align-items: center;\n      gap: 8px;\n      padding: 6px 10px;\n      margin-bottom: 12px;\n      border-radius: 999px;\n      border: 1px solid rgba(232, 184, 109, 0.2);\n      background: rgba(232, 184, 109, 0.08);\n      color: #ffe8b2;\n      font-size: 12px;\n      letter-spacing: 0.18em;\n      text-transform: uppercase;\n    }\n\n    .top-nav {\n      display: flex;\n      justify-content: space-between;\n      align-items: flex-start;\n      gap: clamp(10px, 2vw, 18px);\n      margin-bottom: 14px;\n      padding: 10px 12px 10px 14px;\n      border: 1px solid rgba(232, 184, 109, 0.14);\n      border-radius: 20px;\n      background:\n        linear-gradient(165deg, rgba(232, 184, 109, 0.06), transparent 42%),\n        rgba(8, 14, 24, 0.88);\n      backdrop-filter: blur(16px);\n      box-shadow:\n        0 1px 0 rgba(255, 255, 255, 0.06) inset,\n        0 18px 44px rgba(2, 7, 18, 0.35);\n      position: relative;\n      z-index: 2;\n    }\n\n    .nav-brand {\n      display: flex;\n      align-items: center;\n      padding-top: 2px;\n      flex-shrink: 0;\n    }\n\n    .nav-home {\n      display: inline-flex;\n      align-items: center;\n      gap: 8px;\n      color: #fff9ec !important;\n      text-decoration: none;\n      border: 1px solid rgba(232, 184, 109, 0.35);\n      padding: 10px 14px;\n      border-radius: 999px;\n      font-size: 13px;\n      font-weight: 600;\n      letter-spacing: 0.02em;\n      background: linear-gradient(\n        145deg,\n        rgba(232, 184, 109, 0.18),\n        rgba(255, 255, 255, 0.04)\n      );\n      box-shadow: 0 0 0 1px rgba(0, 0, 0, 0.2);\n    }\n\n    .nav-home:hover {\n      border-color: rgba(232, 184, 109, 0.55);\n      background: linear-gradient(\n        145deg,\n        rgba(232, 184, 109, 0.26),\n        rgba(255, 255, 255, 0.06)\n      );\n    }\n\n    .nav-toolbar {\n      display: flex;\n      flex-wrap: wrap;\n      justify-content: flex-end;\n      align-items: center;\n      gap: 8px 10px;\n      flex: 1;\n      min-width: 0;\n    }\n\n    .nav-cluster {\n      display: inline-flex;\n      flex-wrap: wrap;\n      align-items: center;\n      gap: 8px;\n      padding: 4px 6px;\n      border-radius: 999px;\n      border: 1px solid rgba(255, 255, 255, 0.08);\n      background: rgba(4, 10, 20, 0.45);\n    }\n\n    .nav-cluster--cta {\n      border-color: rgba(232, 184, 109, 0.12);\n      background: rgba(6, 12, 22, 0.5);\n    }\n\n    .top-nav a:not(.nav-home) {\n      color: var(--text);\n      text-decoration: none;\n      border: 1px solid rgba(255, 255, 255, 0.12);\n      padding: 9px 13px;\n      border-radius: 999px;\n      font-size: 12px;\n      background: rgba(255, 255, 255, 0.04);\n    }\n\n    .nav-inline-form {\n      margin: 0;\n      display: inline-flex;\n    }\n\n    .nav-language-form {\n      display: inline-flex;\n      align-items: center;\n      gap: 6px;\n      margin: 0;\n    }\n\n    .nav-language-label {\n      font-size: 11px;\n      color: var(--muted);\n      white-space: nowrap;\n    }\n\n    .nav-language-select {\n      border: 1px solid rgba(255, 255, 255, 0.14);\n      border-radius: 999px;\n      padding: 7px 10px;\n      background: rgba(255, 255, 255, 0.04);\n      color: var(--text);\n      font-size: 12px;\n      cursor: pointer;\n    }\n    .auth-pill {\n      border-radius: 999px;\n      padding: 7px 11px;\n      font-size: 11px;\n      border: 1px solid rgba(255, 255, 255, 0.12);\n      color: var(--muted);\n      background: rgba(255, 255, 255, 0.04);\n    }\n\n    .nav-btn {\n      display: inline-flex;\n      align-items: center;\n      gap: 6px;\n      color: var(--text);\n      text-decoration: none;\n      border: 1px solid rgba(255, 255, 255, 0.14);\n      padding: 7px 13px;\n      border-radius: 999px;\n      font-size: 12px;\n      background: rgba(255, 255, 255, 0.04);\n      cursor: pointer;\n      transition: all 180ms ease;\n    }\n\n    .nav-btn:hover {\n      background: rgba(255, 255, 255, 0.08);\n      border-color: rgba(232, 184, 109, 0.28);\n      box-shadow: 0 8px 20px rgba(232, 184, 109, 0.12);\n    }\n\n    .nav-btn-secondary {\n      background: linear-gradient(145deg, rgba(232, 184, 109, 0.18), rgba(232, 184, 109, 0.05));\n      border-color: rgba(232, 184, 109, 0.4);\n      color: var(--divine-gold);\n    }\n\n    .nav-btn-secondary:hover {\n      background: linear-gradient(145deg, rgba(232, 184, 109, 0.25), rgba(232, 184, 109, 0.1));\n      border-color: var(--divine-gold);\n    }\n\n    .layout {\n      display: grid;\n      grid-template-columns: 332px minmax(0, 1fr);\n      gap: 22px;\n      align-items: start;\n    }\n\n    .layout.guest-home-layout {\n      grid-template-columns: minmax(0, 1fr);\n    }\n\n    .layout.guest-home-layout .main-stack {\n      width: 100%;\n      max-width: 980px;\n      margin: 0 auto;\n    }\n\n    .guest-access-panel .split {\n      align-items: start;\n    }\n\n    .guest-access-panel .panel-kicker {\n      margin-bottom: 10px;\n    }\n\n    .panel {\n      border: 1px solid var(--border);\n      background:\n        linear-gradient(180deg, rgba(255, 255, 255, 0.03), transparent 35%),\n        var(--surface);\n      border-radius: 22px;\n      box-shadow: var(--shadow);\n      backdrop-filter: blur(14px);\n      padding: 18px;\n      transition: transform 220ms ease, border-color 220ms ease,\n        box-shadow 220ms ease;\n      will-change: transform;\n      transform-style: preserve-3d;\n    }\n\n    .panel-primary {\n      border-color: rgba(232, 184, 109, 0.18);\n      background:\n        radial-gradient(circle at top left, rgba(232, 184, 109, 0.08), transparent 28%),\n        linear-gradient(180deg, rgba(255, 255, 255, 0.04), transparent 35%),\n        rgba(11, 20, 35, 0.72);\n    }\n\n    .panel-secondary {\n      background:\n        linear-gradient(180deg, rgba(255, 255, 255, 0.025), transparent 32%),\n        rgba(10, 17, 30, 0.56);\n    }\n\n    .panel-utility {\n      background:\n        linear-gradient(180deg, rgba(255, 255, 255, 0.018), transparent 32%),\n        rgba(8, 14, 27, 0.42);\n      box-shadow: 0 18px 42px rgba(2, 7, 18, 0.26);\n    }\n\n    .panel:hover {\n      transform: translateY(-2px);\n      border-color: rgba(232, 184, 109, 0.18);\n      box-shadow: 0 28px 60px rgba(2, 7, 18, 0.48);\n    }\n\n    .panel::after {\n      content: "";\n      position: absolute;\n      inset: 0;\n      border-radius: inherit;\n      border: 1px solid transparent;\n      background: linear-gradient(135deg, rgba(255,255,255,0.12), transparent 35%, rgba(232, 184, 109, 0.06));\n      mask:\n        linear-gradient(#fff 0 0) padding-box,\n        linear-gradient(#fff 0 0);\n      mask-composite: exclude;\n      -webkit-mask:\n        linear-gradient(#fff 0 0) padding-box,\n        linear-gradient(#fff 0 0);\n      -webkit-mask-composite: xor;\n      pointer-events: none;\n      opacity: 0.48;\n    }\n\n    .panel h2,\n    .panel h3 {\n      margin: 2px 0 12px;\n      font-size: 17px;\n      letter-spacing: 0.01em;\n    }\n\n    .panel-utility h2 {\n      margin-bottom: 0;\n    }\n\n    .panel-header {\n      display: flex;\n      align-items: flex-start;\n      justify-content: space-between;\n      gap: 12px;\n      margin-bottom: 12px;\n    }\n\n    .panel-kicker {\n      display: inline-flex;\n      align-items: center;\n      gap: 7px;\n      margin-bottom: 8px;\n      padding: 6px 10px;\n      border-radius: 999px;\n      border: 1px solid rgba(232, 184, 109, 0.12);\n      background: rgba(232, 184, 109, 0.07);\n      color: #f4dca5;\n      font-size: 11px;\n      letter-spacing: 0.14em;\n      text-transform: uppercase;\n    }\n\n    .asset-icon {\n      width: 18px;\n      height: 18px;\n      display: inline-flex;\n      align-items: center;\n      justify-content: center;\n      filter: drop-shadow(0 0 12px rgba(232, 184, 109, 0.16));\n    }\n\n    .asset-icon svg {\n      width: 100%;\n      height: 100%;\n      stroke: currentColor;\n    }\n\n    .asset-icon.large {\n      width: 24px;\n      height: 24px;\n    }\n\n    .asset-icon.hero-mark {\n      width: 22px;\n      height: 22px;\n      opacity: 0.9;\n    }\n\n    .hint { color: var(--muted); font-size: 14px; line-height: 1.62; margin-bottom: 12px; }\n\n    form { margin: 0; }\n\n    label {\n      display: block;\n      font-size: 13px;\n      margin-top: 10px;\n      color: var(--muted);\n      font-weight: 600;\n    }\n\n    input,\n    textarea,\n    select {\n      width: 100%;\n      margin-top: 6px;\n      padding: 12px 14px;\n      border-radius: 16px;\n      border: 1px solid rgba(255, 255, 255, 0.14);\n      background: rgba(5, 10, 22, 0.5);\n      color: var(--text);\n      outline: none;\n      transition: border-color 120ms ease, box-shadow 120ms ease,\n        background 120ms ease;\n    }\n\n    input:focus,\n    textarea:focus,\n    select:focus {\n      border-color: rgba(232, 184, 109, 0.72);\n      box-shadow: 0 0 0 3px rgba(232, 184, 109, 0.16);\n      background: rgba(8, 14, 26, 0.66);\n    }\n\n    textarea { min-height: 110px; resize: vertical; line-height: 1.5; }\n\n    button {\n      border: 0;\n      border-radius: 999px;\n      padding: 11px 16px;\n      margin-top: 12px;\n      color: white;\n      background: linear-gradient(135deg, #d6a54d, #b9772a);\n      cursor: pointer;\n      font-weight: 600;\n      letter-spacing: 0.02em;\n      transition: transform 140ms ease, filter 140ms ease, box-shadow 140ms ease;\n      box-shadow: 0 12px 26px rgba(185, 119, 42, 0.26);\n      position: relative;\n      overflow: hidden;\n    }\n\n    button::after,\n    .chip-btn::after,\n    .nav-btn::after {\n      content: "";\n      position: absolute;\n      inset: auto auto -70% -15%;\n      width: 40%;\n      height: 220%;\n      transform: rotate(20deg);\n      background: linear-gradient(180deg, rgba(255,255,255,0), rgba(255,255,255,0.28), rgba(255,255,255,0));\n      opacity: 0;\n      transition: transform 520ms ease, opacity 280ms ease;\n      pointer-events: none;\n    }\n\n    button:hover::after,\n    .chip-btn:hover::after,\n    .nav-btn:hover::after {\n      opacity: 1;\n      transform: rotate(20deg) translateX(220%);\n    }\n\n    button:hover { transform: translateY(-1px); filter: brightness(1.05); box-shadow: 0 16px 32px rgba(185, 119, 42, 0.3); }\n    button:active { transform: translateY(0); }\n\n    .btn-secondary { background: linear-gradient(135deg, #4eb5d3, #237ca8); box-shadow: 0 12px 26px rgba(35, 124, 168, 0.26); }\n    .btn-ghost {\n      background: rgba(255, 255, 255, 0.05);\n      border: 1px solid rgba(255, 255, 255, 0.14);\n      box-shadow: none;\n    }\n\n    .chips {\n      display: flex;\n      flex-wrap: wrap;\n      gap: 8px;\n      margin: 10px 0 8px;\n    }\n\n    .chip-form { display: inline; }\n\n    .chip-btn {\n      margin: 0;\n      font-size: 13px;\n      border-radius: 999px;\n      border: 1px solid rgba(255, 255, 255, 0.12);\n      background: linear-gradient(180deg, rgba(255, 255, 255, 0.06), rgba(255, 255, 255, 0.03));\n      color: var(--text);\n      padding: 9px 13px;\n      box-shadow: none;\n      position: relative;\n      overflow: hidden;\n    }\n\n    .stack { display: grid; gap: 12px; }\n\n    .sr-only {\n      position: absolute;\n      width: 1px;\n      height: 1px;\n      padding: 0;\n      margin: -1px;\n      overflow: hidden;\n      clip: rect(0, 0, 0, 0);\n      white-space: nowrap;\n      border: 0;\n    }\n\n    .main-stack {\n      gap: 16px;\n    }\n\n    .section-accordion {\n      margin-top: 4px;\n      border-top: 1px solid rgba(255, 255, 255, 0.08);\n      padding-top: 12px;\n    }\n\n    .section-accordion summary {\n      list-style: none;\n      display: flex;\n      align-items: center;\n      justify-content: space-between;\n      gap: 12px;\n      cursor: pointer;\n    }\n\n    .section-accordion summary::-webkit-details-marker {\n      display: none;\n    }\n\n    .section-accordion summary::after {\n      content: "+";\n      width: 28px;\n      height: 28px;\n      border-radius: 999px;\n      display: grid;\n      place-items: center;\n      color: var(--divine-gold);\n      background: rgba(232, 184, 109, 0.08);\n      border: 1px solid rgba(232, 184, 109, 0.16);\n      flex-shrink: 0;\n      transition: transform 180ms ease, background 180ms ease;\n    }\n\n    .section-accordion[open] summary::after {\n      content: "\xe2\x88\x92";\n      transform: rotate(180deg);\n      background: rgba(232, 184, 109, 0.14);\n    }\n\n    .section-accordion-body {\n      display: grid;\n      gap: 12px;\n      margin-top: 14px;\n    }\n\n    .message {\n      border-radius: 12px;\n      border: 1px solid transparent;\n      padding: 10px 12px;\n      font-size: 14px;\n      line-height: 1.45;\n      margin-bottom: 10px;\n    }\n    .message.error {\n      border-color: var(--danger-border);\n      background: var(--danger-bg);\n      color: #ffd4dc;\n    }\n    .message.success {\n      border-color: var(--success-border);\n      background: var(--success-bg);\n      color: #d6fff7;\n    }\n\n    .quota {\n      border: 1px solid var(--border);\n      background: rgba(255, 255, 255, 0.05);\n      border-radius: 12px;\n      padding: 10px 12px;\n      font-size: 13px;\n      color: var(--muted);\n      margin-top: 10px;\n    }\n\n    .today-card {\n      position: relative;\n      overflow: hidden;\n      background:\n        radial-gradient(circle at top right, rgba(121, 217, 239, 0.16), transparent 36%),\n        linear-gradient(160deg, rgba(255, 214, 153, 0.16), rgba(83, 52, 107, 0.16));\n      isolation: isolate;\n    }\n\n    .today-card::after {\n      content: "";\n      position: absolute;\n      inset: auto -20px -40px auto;\n      width: 120px;\n      height: 120px;\n      border-radius: 999px;\n      background: rgba(255, 220, 120, 0.08);\n      filter: blur(8px);\n      pointer-events: none;\n    }\n\n    .today-kicker {\n      color: #ffe3a2;\n      font-size: 12px;\n      letter-spacing: 0.18em;\n      text-transform: uppercase;\n      margin-bottom: 10px;\n    }\n\n    .today-verse {\n      margin: 0 0 10px;\n      font-size: 19px;\n      line-height: 1.7;\n      font-weight: 600;\n      color: #fff7df;\n    }\n\n    .today-note {\n      color: var(--muted);\n      font-size: 13px;\n      line-height: 1.55;\n      margin-bottom: 12px;\n    }\n\n    .today-footer {\n      display: flex;\n      justify-content: space-between;\n      align-items: center;\n      gap: 12px;\n      flex-wrap: wrap;\n      color: var(--muted);\n      font-size: 12px;\n    }\n\n    .section {\n      border: 1px solid var(--border);\n      background: rgba(8, 14, 28, 0.35);\n      border-radius: 12px;\n      padding: 14px;\n      line-height: 1.6;\n    }\n\n    .section h4 { margin: 0 0 8px; font-size: 14px; color: var(--muted); }\n\n    .transcript {\n      display: grid;\n      gap: 14px;\n      max-height: 460px;\n      overflow-y: auto;\n      padding: 6px 8px 6px 2px;\n      scroll-behavior: smooth;\n    }\n\n    .transcript::-webkit-scrollbar,\n    .conversation-scroll::-webkit-scrollbar,\n    .chat-scroll-area::-webkit-scrollbar {\n      width: 8px;\n    }\n\n    .transcript::-webkit-scrollbar-thumb,\n    .conversation-scroll::-webkit-scrollbar-thumb,\n    .chat-scroll-area::-webkit-scrollbar-thumb {\n      border-radius: 999px;\n      background: linear-gradient(180deg, rgba(232, 184, 109, 0.34), rgba(121, 217, 239, 0.18));\n    }\n\n    .transcript::-webkit-scrollbar-track,\n    .conversation-scroll::-webkit-scrollbar-track,\n    .chat-scroll-area::-webkit-scrollbar-track {\n      background: rgba(255, 255, 255, 0.03);\n      border-radius: 999px;\n    }\n\n    .chat-bubble {\n      max-width: 88%;\n      padding: 14px 16px;\n      border-radius: 20px;\n      line-height: 1.7;\n      border: 1px solid rgba(255, 255, 255, 0.12);\n      box-shadow: var(--shadow-soft);\n      position: relative;\n      overflow: hidden;\n    }\n\n    .chat-bubble::after {\n      content: "";\n      position: absolute;\n      inset: 0;\n      background: linear-gradient(140deg, rgba(255,255,255,0.06), transparent 38%);\n      pointer-events: none;\n      opacity: 0.7;\n    }\n\n    .chat-bubble.user {\n      margin-left: auto;\n      background: linear-gradient(180deg, rgba(73, 146, 171, 0.22), rgba(24, 57, 72, 0.4));\n      border-color: rgba(110, 204, 227, 0.24);\n      animation: bubbleInUser 240ms ease;\n    }\n\n    .chat-bubble.assistant {\n      margin-right: auto;\n      background:\n        linear-gradient(180deg, rgba(232, 184, 109, 0.12), rgba(255, 255, 255, 0.03)),\n        rgba(15, 25, 39, 0.74);\n      border-color: rgba(232, 184, 109, 0.18);\n      box-shadow:\n        inset 0 1px 0 rgba(255, 255, 255, 0.04),\n        0 14px 30px rgba(5, 10, 18, 0.28);\n      animation: bubbleInAssistant 280ms ease;\n    }\n\n    .chat-bubble.assistant::before {\n      content: "";\n      position: absolute;\n      inset: auto auto -28px -24px;\n      width: 90px;\n      height: 90px;\n      border-radius: 50%;\n      background: radial-gradient(circle, rgba(232, 184, 109, 0.12), transparent 70%);\n      pointer-events: none;\n    }\n\n    .chat-bubble.typing-live .typing-text,\n    .typing-panel.typing-live .typing-text {\n      white-space: pre-wrap;\n    }\n\n    .typing-cursor {\n      display: inline-block;\n      width: 10px;\n      margin-left: 2px;\n      color: var(--accent-2);\n      animation: blink 0.9s steps(1) infinite;\n    }\n\n    .chat-role {\n      display: block;\n      margin-bottom: 8px;\n      color: #f2d9a4;\n      font-size: 11px;\n      font-weight: 700;\n      letter-spacing: 0.16em;\n      text-transform: uppercase;\n    }\n\n    .thinking-bubble {\n      display: inline-flex;\n      align-items: center;\n      gap: 8px;\n      color: var(--muted);\n      min-height: 60px;\n    }\n\n    .thinking-dots {\n      display: inline-flex;\n      gap: 6px;\n      align-items: center;\n    }\n\n    .thinking-dots span {\n      width: 8px;\n      height: 8px;\n      border-radius: 999px;\n      background: rgba(255, 255, 255, 0.72);\n      animation: thinkingPulse 1.2s ease-in-out infinite;\n    }\n\n    .thinking-dots span:nth-child(2) {\n      animation-delay: 0.18s;\n    }\n\n    .thinking-dots span:nth-child(3) {\n      animation-delay: 0.36s;\n    }\n\n    .chakra-loader-wrap {\n      display: inline-flex;\n      align-items: center;\n      gap: 10px;\n    }\n\n    .chakra-loader {\n      width: 46px;\n      height: 46px;\n      border-radius: 999px;\n      background:\n        radial-gradient(circle at center, rgba(255, 230, 170, 0.95) 0 14%, transparent 15%),\n        repeating-conic-gradient(\n          from 0deg,\n          rgba(232, 184, 109, 0.95) 0deg 7deg,\n          rgba(232, 184, 109, 0.22) 7deg 13deg\n        );\n      box-shadow:\n        0 0 18px rgba(232, 184, 109, 0.5),\n        inset 0 0 10px rgba(255, 255, 255, 0.24);\n      animation: chakraSpin 1.5s linear infinite, chakraGlow 1.8s ease-in-out infinite;\n      position: relative;\n      border: 1px solid rgba(255, 230, 170, 0.5);\n    }\n\n    .chakra-loader::after {\n      content: "";\n      position: absolute;\n      inset: 8px;\n      border-radius: 999px;\n      border: 1px solid rgba(255, 230, 170, 0.6);\n      animation: chakraPulse 1.6s ease-in-out infinite;\n    }\n\n    .chakra-loader::before {\n      content: "";\n      position: absolute;\n      inset: -10px;\n      border-radius: 999px;\n      background: radial-gradient(\n        circle,\n        rgba(232, 184, 109, 0.38) 0%,\n        rgba(232, 184, 109, 0.16) 38%,\n        rgba(232, 184, 109, 0) 72%\n      );\n      filter: blur(2px);\n      animation: chakraHalo 1.9s ease-in-out infinite;\n      pointer-events: none;\n    }\n\n    .chakra-caption {\n      font-size: 13px;\n      color: #fbe7b8;\n      letter-spacing: 0.2px;\n      animation: captionBreath 1.8s ease-in-out infinite;\n    }\n\n    .verse-item {\n      margin-bottom: 10px;\n      padding-bottom: 10px;\n      border-bottom: 1px dashed rgba(255, 255, 255, 0.2);\n    }\n    .verse-item:last-child { margin-bottom: 0; padding-bottom: 0; border-bottom: 0; }\n\n    .verse-item-trigger {\n      display: block;\n      width: 100%;\n      background: transparent;\n      border: 0;\n      padding: 0;\n      margin: 0;\n      border-radius: 0;\n      box-shadow: none;\n      filter: none;\n      text-align: left;\n      color: inherit;\n      cursor: pointer;\n      overflow: visible;\n      appearance: none;\n      -webkit-appearance: none;\n      position: static;\n      line-height: 1.55;\n      transition: opacity 140ms ease;\n    }\n\n    .verse-item-trigger::after {\n      display: none;\n      content: none;\n    }\n\n    .verse-item-trigger:hover {\n      transform: none;\n      filter: none;\n      box-shadow: none;\n      opacity: 0.92;\n    }\n\n    .verse-item-trigger:focus-visible {\n      outline: 2px solid rgba(232, 184, 109, 0.55);\n      outline-offset: 6px;\n      border-radius: 12px;\n    }\n\n    .verse-item-trigger strong {\n      color: var(--accent);\n    }\n\n    .muted { color: var(--muted); font-size: 13px; }\n\n    .mini-list {\n      margin: 0;\n      padding-left: 18px;\n      color: var(--muted);\n      font-size: 13px;\n      line-height: 1.45;\n    }\n    .mini-list li { margin-bottom: 4px; }\n\n    .conversation-list {\n      display: grid;\n      gap: 8px;\n    }\n\n    .conversation-scroll {\n      max-height: 360px;\n      overflow-y: auto;\n      padding-right: 4px;\n      padding-bottom: 4px;\n    }\n\n    .conversation-scroll-loading {\n      color: var(--muted);\n      font-size: 12px;\n      padding: 8px 2px 0;\n    }\n\n    .conversation-history-summary {\n      display: grid;\n      grid-template-columns: repeat(3, minmax(0, 1fr));\n      gap: 8px;\n      margin: 12px 0 14px;\n    }\n\n    .conversation-stat-pill {\n      display: grid;\n      gap: 4px;\n      padding: 10px 12px;\n      border-radius: 16px;\n      border: 1px solid rgba(255, 255, 255, 0.1);\n      background: rgba(255, 255, 255, 0.03);\n      min-width: 0;\n    }\n\n    .conversation-stat-value {\n      color: var(--text);\n      font-size: 16px;\n      font-weight: 700;\n      line-height: 1.1;\n      overflow: hidden;\n      text-overflow: ellipsis;\n      white-space: nowrap;\n    }\n\n    .conversation-stat-label {\n      color: var(--muted);\n      font-size: 11px;\n      letter-spacing: 0.08em;\n      text-transform: uppercase;\n    }\n\n    .conversation-history-controls {\n      display: grid;\n      gap: 10px;\n      margin-bottom: 14px;\n    }\n\n    .conversation-search-shell {\n      display: flex;\n      align-items: center;\n      gap: 10px;\n      padding: 10px 12px;\n      border-radius: 16px;\n      border: 1px solid rgba(255, 255, 255, 0.1);\n      background: rgba(255, 255, 255, 0.035);\n    }\n\n    .conversation-search-shell:focus-within {\n      border-color: rgba(232, 184, 109, 0.3);\n      box-shadow: 0 0 0 1px rgba(232, 184, 109, 0.16);\n    }\n\n    .conversation-search-icon {\n      width: 16px;\n      height: 16px;\n      color: var(--muted);\n      flex-shrink: 0;\n    }\n\n    .conversation-search-input {\n      flex: 1;\n      min-width: 0;\n      background: transparent;\n      border: 0;\n      padding: 0;\n      color: var(--text);\n      font-size: 13px;\n      outline: none;\n    }\n\n    .conversation-search-input::placeholder {\n      color: rgba(255, 255, 255, 0.42);\n    }\n\n    .conversation-clear-btn {\n      border-radius: 999px;\n      padding: 6px 9px;\n      border: 1px solid rgba(255, 255, 255, 0.1);\n      background: rgba(255, 255, 255, 0.05);\n      color: var(--muted);\n      font-size: 11px;\n      line-height: 1;\n      flex-shrink: 0;\n    }\n\n    .conversation-clear-btn:hover {\n      color: var(--text);\n      border-color: rgba(232, 184, 109, 0.24);\n    }\n\n    .conversation-sort-toggle {\n      display: inline-flex;\n      align-items: center;\n      gap: 6px;\n      padding: 4px;\n      border-radius: 999px;\n      border: 1px solid rgba(255, 255, 255, 0.08);\n      background: rgba(255, 255, 255, 0.025);\n      width: fit-content;\n    }\n\n    .conversation-sort-btn {\n      border: 0;\n      border-radius: 999px;\n      padding: 8px 12px;\n      background: transparent;\n      color: var(--muted);\n      font-size: 12px;\n      font-weight: 600;\n      line-height: 1;\n    }\n\n    .conversation-sort-btn.active,\n    .conversation-sort-btn:hover {\n      background: rgba(232, 184, 109, 0.12);\n      color: var(--gold);\n    }\n\n    .conversation-group {\n      display: grid;\n      gap: 8px;\n    }\n\n    .conversation-group + .conversation-group {\n      margin-top: 12px;\n    }\n\n    .conversation-group-label {\n      color: rgba(255, 255, 255, 0.5);\n      font-size: 11px;\n      font-weight: 700;\n      letter-spacing: 0.12em;\n      text-transform: uppercase;\n      padding-left: 2px;\n    }\n\n    .conversation-group-items {\n      display: grid;\n      gap: 8px;\n    }\n\n    .conversation-empty {\n      display: grid;\n      gap: 6px;\n      padding: 14px 12px;\n      margin-top: 8px;\n      border-radius: 16px;\n      border: 1px dashed rgba(255, 255, 255, 0.12);\n      background: rgba(255, 255, 255, 0.02);\n    }\n\n    .conversation-empty strong {\n      color: var(--text);\n      font-size: 13px;\n    }\n\n    .conversation-empty span {\n      color: var(--muted);\n      font-size: 12px;\n      line-height: 1.5;\n    }\n\n    .conversation-card {\n      border: 1px solid rgba(255, 255, 255, 0.12);\n      border-radius: 18px;\n      background:\n        linear-gradient(180deg, rgba(255, 255, 255, 0.03), transparent),\n        rgba(255, 255, 255, 0.035);\n      padding: 12px 13px;\n      transition: transform 180ms ease, border-color 180ms ease,\n        background 180ms ease;\n      position: relative;\n      overflow: hidden;\n    }\n\n    .conversation-card::before {\n      content: "";\n      position: absolute;\n      inset: 0;\n      background: linear-gradient(135deg, rgba(255,255,255,0.06), transparent 40%);\n      opacity: 0.65;\n      pointer-events: none;\n    }\n\n    .conversation-card:hover {\n      transform: translateY(-2px);\n      border-color: rgba(232, 184, 109, 0.26);\n      background: rgba(232, 184, 109, 0.06);\n    }\n\n    .conversation-card.active {\n      border-color: rgba(232, 184, 109, 0.42);\n      background:\n        radial-gradient(circle at right top, rgba(232, 184, 109, 0.14), transparent 46%),\n        rgba(232, 184, 109, 0.08);\n      box-shadow: inset 0 1px 0 rgba(255, 255, 255, 0.04);\n    }\n\n    .conversation-card-top {\n      display: flex;\n      gap: 10px;\n      justify-content: space-between;\n      align-items: flex-start;\n    }\n\n    .conversation-link {\n      display: block;\n      flex: 1;\n      min-width: 0;\n      color: var(--text);\n      text-decoration: none;\n    }\n\n    .conversation-title {\n      display: block;\n      font-size: 14px;\n      line-height: 1.4;\n      margin-bottom: 4px;\n      font-weight: 700;\n    }\n\n    .conversation-preview {\n      color: var(--muted);\n      font-size: 12px;\n      line-height: 1.55;\n      margin-bottom: 8px;\n    }\n\n    .conversation-meta {\n      display: flex;\n      flex-wrap: wrap;\n      gap: 8px;\n      color: var(--muted);\n      font-size: 12px;\n    }\n\n    .conversation-delete {\n      margin: 0;\n      padding: 7px 10px;\n      border-radius: 999px;\n      background: rgba(255, 67, 101, 0.16);\n      border: 1px solid rgba(255, 67, 101, 0.35);\n      font-size: 12px;\n      flex-shrink: 0;\n    }\n\n    .conversation-delete:hover {\n      filter: brightness(1.08);\n      transform: translateY(0);\n    }\n\n    @media (max-width: 640px) {\n      .conversation-history-summary {\n        grid-template-columns: 1fr;\n      }\n\n      .conversation-sort-toggle {\n        width: 100%;\n        justify-content: space-between;\n      }\n\n      .conversation-sort-btn {\n        flex: 1;\n      }\n    }\n\n    .conversation-panel-head {\n      display: flex;\n      justify-content: space-between;\n      gap: 12px;\n      align-items: flex-end;\n      margin-bottom: 16px;\n      padding-bottom: 14px;\n      border-bottom: 1px solid rgba(232, 184, 109, 0.1);\n    }\n\n    .conversation-title-block {\n      display: grid;\n      gap: 4px;\n    }\n\n    .conversation-title-block h2 {\n      font-size: clamp(24px, 2vw, 32px);\n      letter-spacing: -0.02em;\n      margin-bottom: 2px;\n    }\n\n    .conversation-panel-meta {\n      color: var(--muted);\n      font-size: 14px;\n      margin: 0;\n      line-height: 1.65;\n    }\n\n    .chat-shell {\n      display: flex;\n      flex-direction: column;\n      gap: 0;\n      min-height: 760px;\n      background:\n        radial-gradient(circle at top center, rgba(232, 184, 109, 0.08), transparent 28%),\n        linear-gradient(180deg, rgba(255, 255, 255, 0.02), transparent 18%),\n        rgba(8, 14, 25, 0.66);\n      position: relative;\n      overflow: hidden;\n    }\n\n    .chat-shell::before {\n      content: "";\n      position: absolute;\n      inset: 0;\n      background:\n        radial-gradient(circle at 16% 0%, rgba(232, 184, 109, 0.08), transparent 18%),\n        radial-gradient(circle at 90% 18%, rgba(121, 217, 239, 0.08), transparent 16%);\n      pointer-events: none;\n      z-index: 0;\n    }\n\n    .chat-shell > * {\n      position: relative;\n      z-index: 1;\n    }\n\n    .chat-quota-strip {\n      display: flex;\n      align-items: center;\n      gap: 12px;\n      flex-wrap: wrap;\n      padding: 6px 16px;\n      border-bottom: 1px solid var(--border);\n      background: rgba(9, 18, 31, 0.45);\n      font-size: 11.5px;\n      color: var(--text-muted);\n      flex-shrink: 0;\n    }\n    .chat-quota-strip .cqs-item {\n      display: flex;\n      align-items: center;\n      gap: 5px;\n      white-space: nowrap;\n    }\n    .chat-quota-strip .cqs-label { opacity: 0.65; }\n    .chat-quota-strip .cqs-val { font-weight: 600; color: var(--text); }\n    .chat-quota-strip .cqs-val.warn { color: #f59e0b; }\n    .chat-quota-strip .cqs-val.danger { color: #f87171; }\n    .chat-quota-strip .cqs-sep {\n      width: 1px; height: 12px;\n      background: var(--border);\n      flex-shrink: 0;\n    }\n\n    .chat-scroll-area {\n      flex: 1;\n      min-height: 0;\n      overflow-y: auto;\n      padding-bottom: 12px;\n    }\n\n    .chat-bottom-composer {\n      border-top: 1px solid rgba(232, 184, 109, 0.1);\n      padding-top: 16px;\n      margin-top: 12px;\n      flex-shrink: 0;\n    }\n\n    .chat-bottom-composer textarea {\n      min-height: 86px;\n      font-size: 15px;\n    }\n\n    .transcript-empty {\n      border: 1px dashed rgba(255, 255, 255, 0.16);\n      border-radius: 22px;\n      padding: 26px 22px;\n      color: var(--muted);\n      line-height: 1.72;\n      background: rgba(255, 255, 255, 0.03);\n    }\n\n    /* Landing Page */\n    .landing-page {\n      display: flex;\n      flex-direction: column;\n      align-items: center;\n      justify-content: center;\n      text-align: center;\n      padding: 24px 18px 16px;\n    }\n\n    .landing-logo {\n      width: 66px;\n      height: 66px;\n      display: grid;\n      place-items: center;\n      font-size: 30px;\n      margin-bottom: 12px;\n      border-radius: 50%;\n      background:\n        radial-gradient(circle at center, rgba(255, 246, 223, 0.18), rgba(232, 184, 109, 0.04));\n      border: 1px solid rgba(232, 184, 109, 0.16);\n      box-shadow:\n        0 0 24px rgba(232, 184, 109, 0.2),\n        inset 0 1px 0 rgba(255, 255, 255, 0.05);\n      animation: landingPulse 3s ease-in-out infinite;\n      position: relative;\n    }\n\n    .landing-logo::after {\n      content: "";\n      position: absolute;\n      inset: -12px;\n      border: 1px solid rgba(232, 184, 109, 0.16);\n      border-radius: 50%;\n      animation: haloRotate 10s linear infinite reverse;\n    }\n\n    @keyframes landingPulse {\n      0%, 100% { transform: scale(1); opacity: 1; }\n      50% { transform: scale(1.05); opacity: 0.9; }\n    }\n\n    .landing-title {\n      font-family: var(--font-display);\n      font-size: 24px;\n      color: var(--divine-gold);\n      margin-bottom: 6px;\n    }\n\n    .landing-subtitle {\n      font-size: 14px;\n      color: var(--text-muted);\n      margin-bottom: 18px;\n      max-width: 460px;\n      line-height: 1.6;\n    }\n\n    .landing-actions {\n      display: flex;\n      flex-direction: row;\n      gap: 14px;\n      width: 100%;\n      max-width: 540px;\n    }\n\n    .landing-journey {\n      width: 100%;\n      max-width: 820px;\n      margin-bottom: 16px;\n      border: 1px solid rgba(255, 255, 255, 0.12);\n      border-radius: 16px;\n      background: linear-gradient(145deg, rgba(255, 255, 255, 0.05), rgba(255, 255, 255, 0.02));\n      padding: 12px;\n      text-align: left;\n    }\n\n    .landing-journey-head {\n      font-size: 12px;\n      letter-spacing: 0.08em;\n      text-transform: uppercase;\n      color: #ffe3a3;\n      margin-bottom: 8px;\n      font-weight: 700;\n    }\n\n    .landing-journey-steps {\n      display: grid;\n      grid-template-columns: repeat(3, minmax(0, 1fr));\n      gap: 10px;\n    }\n\n    .landing-journey-step {\n      border-radius: 12px;\n      border: 1px solid rgba(255, 255, 255, 0.1);\n      background: rgba(255, 255, 255, 0.03);\n      padding: 10px;\n    }\n\n    .landing-journey-step strong {\n      display: block;\n      font-size: 12px;\n      color: var(--text);\n      margin-bottom: 4px;\n    }\n\n    .landing-journey-step span {\n      display: block;\n      font-size: 11px;\n      color: var(--text-muted);\n      line-height: 1.45;\n    }\n\n    .landing-path-grid {\n      width: 100%;\n      max-width: 820px;\n      margin: 0 0 14px;\n      display: grid;\n      grid-template-columns: repeat(3, minmax(0, 1fr));\n      gap: 10px;\n    }\n\n    .landing-path {\n      border: 1px solid rgba(255, 255, 255, 0.12);\n      border-radius: 12px;\n      background: rgba(255, 255, 255, 0.04);\n      padding: 10px;\n      text-decoration: none;\n      text-align: left;\n      transition: border-color 160ms ease, transform 160ms ease, background 160ms ease;\n    }\n\n    .landing-path:hover {\n      border-color: rgba(232, 184, 109, 0.35);\n      background: rgba(232, 184, 109, 0.08);\n      transform: translateY(-1px);\n    }\n\n    .landing-path strong {\n      display: block;\n      font-size: 12px;\n      color: #f8dfab;\n      margin-bottom: 4px;\n    }\n\n    .landing-path span {\n      display: block;\n      color: var(--text-muted);\n      font-size: 11px;\n      line-height: 1.45;\n    }\n\n    .landing-pricing {\n      width: 100%;\n      max-width: 820px;\n      margin: 0 0 14px;\n      border: 1px solid rgba(255, 255, 255, 0.12);\n      border-radius: 16px;\n      background: linear-gradient(145deg, rgba(255, 255, 255, 0.05), rgba(255, 255, 255, 0.02));\n      padding: 12px;\n      text-align: left;\n    }\n\n    .landing-pricing-head {\n      font-size: 12px;\n      letter-spacing: 0.08em;\n      text-transform: uppercase;\n      color: #ffe3a3;\n      margin-bottom: 10px;\n      font-weight: 700;\n    }\n\n    .landing-pricing-grid {\n      display: grid;\n      grid-template-columns: repeat(3, minmax(0, 1fr));\n      gap: 10px;\n    }\n\n    .pricing-plan {\n      border-radius: 12px;\n      border: 1px solid rgba(255, 255, 255, 0.12);\n      background: rgba(255, 255, 255, 0.03);\n      padding: 10px;\n      transition: border-color 160ms ease, transform 160ms ease, background 160ms ease;\n    }\n\n    .pricing-plan:hover {\n      border-color: rgba(232, 184, 109, 0.35);\n      background: rgba(232, 184, 109, 0.08);\n      transform: translateY(-1px);\n    }\n\n    .pricing-plan.free {\n      border-color: rgba(137, 145, 161, 0.35);\n    }\n\n    .pricing-plan.plus {\n      border-color: rgba(232, 184, 109, 0.35);\n    }\n\n    .pricing-plan.pro {\n      border-color: rgba(121, 217, 239, 0.35);\n    }\n\n    .pricing-plan-head {\n      display: flex;\n      align-items: baseline;\n      justify-content: space-between;\n      margin-bottom: 8px;\n      gap: 8px;\n    }\n\n    .pricing-plan-title {\n      font-size: 12px;\n      font-weight: 700;\n      color: var(--text);\n      letter-spacing: 0.02em;\n    }\n\n    .pricing-plan-price {\n      font-size: 11px;\n      color: var(--text-muted);\n      white-space: nowrap;\n    }\n\n    .pricing-plan-list {\n      margin: 0;\n      padding-left: 16px;\n      display: grid;\n      gap: 5px;\n      color: var(--text-muted);\n      font-size: 11px;\n      line-height: 1.45;\n    }\n\n    .pricing-plan-list li {\n      margin: 0;\n    }\n\n    .pricing-tooltip {\n      position: relative;\n      display: inline-flex;\n      align-items: center;\n      justify-content: center;\n      width: 14px;\n      height: 14px;\n      margin-left: 4px;\n      border-radius: 50%;\n      border: 1px solid rgba(255, 255, 255, 0.22);\n      color: #f8dfab;\n      font-size: 9px;\n      line-height: 1;\n      cursor: help;\n    }\n\n    .pricing-tooltip::after {\n      content: attr(data-tip);\n      position: absolute;\n      left: 50%;\n      bottom: 135%;\n      transform: translateX(-50%);\n      min-width: 180px;\n      max-width: 220px;\n      padding: 8px;\n      border-radius: 8px;\n      background: rgba(14, 17, 24, 0.96);\n      border: 1px solid rgba(232, 184, 109, 0.22);\n      color: #f6ecd1;\n      font-size: 10px;\n      line-height: 1.4;\n      opacity: 0;\n      pointer-events: none;\n      transition: opacity 150ms ease;\n      z-index: 30;\n      text-align: left;\n      white-space: normal;\n    }\n\n    .pricing-tooltip:hover::after {\n      opacity: 1;\n    }\n\n    /* Mode Switcher Styles */\n    .conversation-mode-switcher {\n      display: flex;\n      gap: 8px;\n      align-items: center;\n      padding: 0;\n      background: transparent;\n      border-radius: 8px;\n    }\n\n    .conversation-mode-switcher-label {\n      font-size: 12px;\n      color: var(--text-muted);\n      font-weight: 500;\n      margin-right: 6px;\n      letter-spacing: 0.5px;\n      text-transform: uppercase;\n    }\n\n    .mode-switch-btn {\n      padding: 7px 13px;\n      font-size: 12px;\n      font-weight: 500;\n      border: 1px solid rgba(255, 255, 255, 0.15);\n      border-radius: 7px;\n      background: rgba(255, 255, 255, 0.04);\n      color: var(--text-muted);\n      cursor: pointer;\n      transition: all 180ms ease;\n      text-decoration: none;\n      display: inline-flex;\n      align-items: center;\n      gap: 5px;\n      white-space: nowrap;\n    }\n\n    .mode-switch-btn:hover {\n      border-color: rgba(232, 184, 109, 0.3);\n      background: rgba(232, 184, 109, 0.08);\n      color: var(--text);\n    }\n\n    .mode-switch-btn.active {\n      border-color: rgba(232, 184, 109, 0.6);\n      background: rgba(232, 184, 109, 0.15);\n      color: #ffd680;\n      font-weight: 600;\n      box-shadow: 0 0 8px rgba(232, 184, 109, 0.25);\n    }\n\n    /* Try Another Approach Section */\n    .try-another-approach {\n      margin-top: 20px;\n      padding: 14px;\n      border: 1px solid rgba(121, 217, 239, 0.2);\n      border-radius: 10px;\n      background: linear-gradient(135deg, rgba(121, 217, 239, 0.06), rgba(232, 184, 109, 0.04));\n    }\n\n    .try-another-approach-title {\n      font-size: 12px;\n      font-weight: 600;\n      color: #79d9ef;\n      margin-bottom: 10px;\n      text-transform: uppercase;\n      letter-spacing: 0.5px;\n    }\n\n    .try-another-approach-grid {\n      display: grid;\n      gap: 8px;\n    }\n\n    .try-approach-btn {\n      padding: 10px 12px;\n      font-size: 12px;\n      border: 1px solid rgba(255, 255, 255, 0.12);\n      border-radius: 7px;\n      background: rgba(255, 255, 255, 0.04);\n      color: var(--text-muted);\n      cursor: pointer;\n      text-align: left;\n      transition: all 160ms ease;\n      text-decoration: none;\n      display: block;\n    }\n\n    .try-approach-btn:hover {\n      border-color: rgba(121, 217, 239, 0.3);\n      background: rgba(121, 217, 239, 0.08);\n      color: #79d9ef;\n    }\n\n    .try-approach-btn strong {\n      display: block;\n      font-weight: 600;\n      margin-bottom: 3px;\n      font-size: 12px;\n    }\n\n    .try-approach-btn-description {\n      font-size: 11px;\n      color: var(--text-muted);\n      margin-top: 2px;\n    }\n\n    /* Mode Info Tooltip */\n    .mode-info-tooltip {\n      position: relative;\n      display: inline-block;\n      cursor: help;\n      margin-left: 4px;\n    }\n\n    .mode-info-tooltip::after {\n      content: attr(data-info);\n      position: absolute;\n      bottom: 130%;\n      left: 50%;\n      transform: translateX(-50%);\n      padding: 8px 12px;\n      background: rgba(0, 0, 0, 0.9);\n      color: #ffd680;\n      font-size: 11px;\n      border-radius: 6px;\n      white-space: nowrap;\n      opacity: 0;\n      pointer-events: none;\n      transition: opacity 180ms ease;\n      z-index: 10;\n    }\n\n    .mode-info-tooltip:hover::after {\n      opacity: 1;\n    }\n\n    .landing-growth {\n      width: 100%;\n      max-width: 820px;\n      margin-top: 18px;\n      display: grid;\n      gap: 14px;\n    }\n\n    .landing-sharebar {\n      display: grid;\n      grid-template-columns: 1fr auto auto;\n      gap: 10px;\n      align-items: center;\n      border-radius: 16px;\n      border: 1px solid rgba(232, 184, 109, 0.2);\n      background: linear-gradient(145deg, rgba(232, 184, 109, 0.09), rgba(121, 217, 239, 0.08));\n      padding: 12px;\n      text-align: left;\n    }\n\n    .landing-share-copy {\n      font-size: 13px;\n      line-height: 1.55;\n      color: var(--muted);\n    }\n\n    .landing-sharebar button {\n      margin: 0;\n      font-size: 12px;\n      padding: 9px 13px;\n      white-space: nowrap;\n    }\n\n    .landing-starter-grid {\n      display: grid;\n      grid-template-columns: repeat(2, minmax(0, 1fr));\n      gap: 10px;\n    }\n\n    .landing-starter {\n      border: 1px solid rgba(255, 255, 255, 0.12);\n      border-radius: 14px;\n      background: rgba(255, 255, 255, 0.04);\n      color: var(--text);\n      padding: 12px;\n      text-align: left;\n      cursor: pointer;\n      transition: border-color 160ms ease, transform 160ms ease, background 160ms ease;\n    }\n\n    .landing-starter:hover {\n      border-color: rgba(232, 184, 109, 0.35);\n      background: rgba(232, 184, 109, 0.08);\n      transform: translateY(-1px);\n    }\n\n    .landing-starter strong {\n      display: block;\n      font-size: 13px;\n      color: #f8dfab;\n      margin-bottom: 6px;\n    }\n\n    .landing-starter span {\n      display: block;\n      color: var(--text-muted);\n      font-size: 12px;\n      line-height: 1.5;\n    }\n\n    .landing-proof-grid {\n      display: grid;\n      grid-template-columns: repeat(3, minmax(0, 1fr));\n      gap: 10px;\n    }\n\n    .landing-proof {\n      border-radius: 14px;\n      border: 1px solid rgba(255, 255, 255, 0.1);\n      background: rgba(255, 255, 255, 0.03);\n      padding: 11px;\n      text-align: left;\n    }\n\n    .landing-proof strong {\n      display: block;\n      font-size: 12px;\n      color: #ffe3a3;\n      margin-bottom: 4px;\n    }\n\n    .landing-proof span {\n      color: var(--text-muted);\n      font-size: 11px;\n      line-height: 1.5;\n    }\n\n    @media (max-width: 600px) {\n      .landing-journey-steps,\n      .landing-path-grid,\n      .landing-pricing-grid {\n        grid-template-columns: 1fr;\n      }\n\n      .landing-actions {\n        flex-direction: column;\n        max-width: 320px;\n      }\n\n      .landing-sharebar {\n        grid-template-columns: 1fr;\n      }\n\n      .landing-starter-grid {\n        grid-template-columns: 1fr;\n      }\n\n      .landing-proof-grid {\n        grid-template-columns: 1fr;\n      }\n    }\n\n    .landing-card {\n      flex: 1;\n      display: flex;\n      flex-direction: column;\n      align-items: center;\n      justify-content: center;\n      gap: 10px;\n      padding: 22px 18px;\n      border-radius: 22px;\n      cursor: pointer;\n      transition: all 250ms ease;\n      text-decoration: none;\n      border: 2px solid transparent;\n      min-height: 170px;\n      position: relative;\n      overflow: hidden;\n    }\n\n    .landing-card::after {\n      content: "";\n      position: absolute;\n      inset: auto auto -30% -20%;\n      width: 120px;\n      height: 120px;\n      border-radius: 50%;\n      background: radial-gradient(circle, rgba(255,255,255,0.18), transparent 70%);\n      opacity: 0.5;\n      pointer-events: none;\n    }\n\n    .landing-card-chat {\n      background: linear-gradient(145deg, rgba(232, 184, 109, 0.16), rgba(232, 184, 109, 0.05));\n      border-color: rgba(232, 184, 109, 0.3);\n    }\n\n    .landing-card-chat:hover {\n      transform: translateY(-4px);\n      border-color: var(--divine-gold);\n      box-shadow: 0 18px 42px rgba(232, 184, 109, 0.18);\n    }\n\n    .landing-card.is-disabled {\n      cursor: not-allowed;\n      opacity: 0.72;\n      pointer-events: none;\n    }\n\n    .landing-card.is-disabled:hover {\n      transform: none;\n      box-shadow: none;\n    }\n\n    .landing-card-gita {\n      background: linear-gradient(145deg, rgba(121, 217, 239, 0.12), rgba(108, 142, 237, 0.06));\n      border-color: rgba(121, 217, 239, 0.26);\n    }\n\n    .landing-card-gita:hover {\n      transform: translateY(-4px);\n      border-color: rgba(121, 217, 239, 0.6);\n      box-shadow: 0 18px 42px rgba(92, 155, 219, 0.18);\n    }\n\n    .landing-card-icon {\n      width: 52px;\n      height: 52px;\n      border-radius: 18px;\n      display: grid;\n      place-items: center;\n      background: rgba(255, 255, 255, 0.08);\n      filter: drop-shadow(0 6px 16px rgba(0, 0, 0, 0.34));\n      box-shadow: inset 0 1px 0 rgba(255,255,255,0.06);\n    }\n\n    .landing-card-icon img {\n      width: 26px;\n      height: 26px;\n    }\n\n    .landing-card-title {\n      font-size: 16px;\n      font-weight: 600;\n      color: var(--text);\n      text-align: center;\n    }\n\n    .landing-card-desc {\n      font-size: 13px;\n      color: var(--text-muted);\n      text-align: center;\n      line-height: 1.5;\n    }\n\n    .landing-card-chat .landing-card-title {\n      color: var(--divine-gold);\n    }\n\n    .landing-card-gita .landing-card-title {\n      color: #9dd9e9;\n    }\n\n    /* Hide composer and header when on landing page */\n    .chat-shell.on-landing {\n      overflow: visible;\n      min-height: auto;\n    }\n\n    .chat-shell.on-landing .conversation-panel-head {\n      display: none;\n    }\n\n    .chat-shell.on-landing .chat-bottom-composer {\n      display: block;\n      border-top: 0;\n      margin-top: 0;\n      padding: 0 0 10px;\n      width: 100%;\n      max-width: min(760px, 100%);\n      margin-left: auto;\n      margin-right: auto;\n      box-sizing: border-box;\n    }\n\n    .chat-shell.on-landing .chat-scroll-area {\n      display: block;\n      overflow-y: visible;\n      min-height: auto;\n      padding-bottom: 24px;\n    }\n\n    .chat-shell.on-landing .landing-page {\n      overflow: visible;\n      justify-content: safe center;\n      justify-items: center;\n      padding-top: 20px;\n      padding-bottom: 10px;\n    }\n\n    /* Composer mode - shown after clicking Start Conversation */\n    .chat-shell.composer-mode .landing-page {\n      display: none;\n    }\n\n    .chat-shell.composer-mode .conversation-panel-head {\n      display: flex;\n    }\n\n    .chat-shell.composer-mode .chat-bottom-composer {\n      display: block;\n    }\n\n    .landing-growth-below-composer {\n      width: 100%;\n      max-width: 100%;\n      padding: 6px 18px 18px;\n      margin-top: 6px;\n    }\n\n    .chat-shell.composer-mode .landing-growth-below-composer {\n      display: none;\n    }\n\n    .chat-shell.composer-mode .composer-prompt {\n      display: block !important;\n    }\n\n    /* Legacy button styles (kept for other uses) */\n    .landing-btn {\n      display: flex;\n      align-items: center;\n      justify-content: center;\n      gap: 12px;\n      padding: 18px 24px;\n      border-radius: 16px;\n      font-size: 16px;\n      font-weight: 500;\n      cursor: pointer;\n      transition: all 200ms ease;\n      text-decoration: none;\n      border: none;\n    }\n\n    .landing-btn-primary {\n      background: linear-gradient(145deg, var(--divine-gold), #d4a84a);\n      color: var(--dark-bg);\n      box-shadow: 0 4px 20px rgba(232, 184, 109, 0.3);\n    }\n\n    .landing-btn-primary:hover {\n      transform: translateY(-2px);\n      box-shadow: 0 8px 30px rgba(232, 184, 109, 0.4);\n    }\n\n    .composer-divider {\n      height: 1px;\n      background: linear-gradient(90deg, transparent, rgba(255, 255, 255, 0.16), transparent);\n      margin: 10px 0 14px;\n    }\n\n    .assistant-stack {\n      display: grid;\n      gap: 10px;\n    }\n\n    .reply-main {\n      color: #f8fbff;\n      font-size: 16px;\n      line-height: 1.8;\n      max-width: var(--reading-width);\n    }\n\n    .reply-grid {\n      display: grid;\n      gap: 10px;\n    }\n\n    .reply-share-row {\n      display: flex;\n      justify-content: flex-end;\n      padding-top: 8px;\n    }\n\n    .reply-share-btn {\n      font-size: 13px;\n      padding: 8px 16px;\n      border-radius: 999px;\n      border: 1px solid rgba(126, 215, 255, 0.28);\n      background: rgba(126, 215, 255, 0.07);\n      color: var(--blue, #7ed7ff);\n      cursor: pointer;\n      font-family: inherit;\n      font-weight: 700;\n    }\n\n    .reply-share-btn:hover {\n      background: rgba(126, 215, 255, 0.14);\n    }\n\n    .reply-section {\n      border: 1px solid rgba(255, 255, 255, 0.12);\n      background: rgba(6, 10, 26, 0.34);\n      border-radius: 16px;\n      padding: 14px 15px;\n    }\n\n    .reply-section.warm {\n      background: linear-gradient(180deg, rgba(255, 209, 102, 0.08), rgba(255, 255, 255, 0.04));\n      border-color: rgba(255, 209, 102, 0.18);\n    }\n\n    .reply-section.cool {\n      background: linear-gradient(180deg, rgba(34, 211, 238, 0.08), rgba(255, 255, 255, 0.04));\n      border-color: rgba(34, 211, 238, 0.16);\n    }\n\n    .reply-list {\n      margin: 0;\n      padding-left: 18px;\n    }\n\n    .reply-list li + li {\n      margin-top: 6px;\n    }\n\n    .chat-composer {\n      display: grid;\n      gap: 10px;\n      padding-top: 4px;\n    }\n\n    .chat-composer-top {\n      display: flex;\n      justify-content: space-between;\n      gap: 12px;\n      align-items: center;\n      flex-wrap: wrap;\n    }\n\n    .chat-composer-top .muted {\n      margin: 0;\n    }\n\n    .chat-composer-actions {\n      display: flex;\n      justify-content: flex-end;\n      gap: 10px;\n      align-items: center;\n      flex-wrap: wrap;\n    }\n\n    .chat-bottom-composer form {\n      padding: 14px;\n      border-radius: 22px;\n      border: 1px solid rgba(232, 184, 109, 0.12);\n      background:\n        linear-gradient(180deg, rgba(232, 184, 109, 0.05), transparent 38%),\n        rgba(10, 18, 31, 0.54);\n      box-shadow: 0 18px 38px rgba(5, 10, 18, 0.22);\n    }\n\n    .composer-guidance {\n      display: flex;\n      align-items: center;\n      justify-content: space-between;\n      gap: 12px;\n      margin-bottom: 10px;\n      color: var(--text-muted);\n      font-size: 12px;\n      line-height: 1.5;\n    }\n\n    .composer-guidance strong {\n      color: #f4dca5;\n      font-weight: 700;\n    }\n\n    .chat-composer-actions button {\n      margin-top: 0;\n    }\n\n    .chat-composer-actions button[disabled],\n    .chat-bottom-composer textarea[disabled] {\n      opacity: 0.58;\n      cursor: not-allowed;\n    }\n\n    .split {\n      display: grid;\n      grid-template-columns: 1fr 1fr;\n      gap: 12px;\n    }\n\n    .loading button[type="submit"] {\n      opacity: 0.6;\n      pointer-events: none;\n    }\n\n    .fx-glow {\n      position: relative;\n      overflow: hidden;\n    }\n\n    .fx-glow::before {\n      content: "";\n      position: absolute;\n      inset: -120% auto auto -40%;\n      width: 38%;\n      height: 260%;\n      transform: rotate(25deg);\n      background: linear-gradient(\n        180deg,\n        rgba(255, 255, 255, 0),\n        rgba(255, 255, 255, 0.2),\n        rgba(255, 255, 255, 0)\n      );\n      transition: transform 600ms ease;\n      pointer-events: none;\n    }\n\n    .fx-glow:hover::before {\n      transform: rotate(25deg) translateX(230%);\n    }\n\n    [data-parallax] {\n      transition: transform 220ms ease;\n      will-change: transform;\n    }\n\n    @media (max-width: 980px) {\n      .layout { grid-template-columns: 1fr; }\n      .split { grid-template-columns: 1fr; }\n      .hero-grid { grid-template-columns: 1fr; }\n      .hero::before { right: -10px; top: auto; bottom: -20px; width: 140px; height: 140px; }\n      .cursor-aura { display: none; }\n      .chat-shell {\n        min-height: 720px;\n      }\n    }\n\n    @media (prefers-reduced-motion: reduce) {\n      *,\n      *::before,\n      *::after {\n        animation-duration: 0.01ms !important;\n        animation-iteration-count: 1 !important;\n        transition-duration: 0.01ms !important;\n        scroll-behavior: auto !important;\n      }\n      .cursor-aura,\n      .aurora-veils {\n        display: none;\n      }\n    }\n\n    @keyframes thinkingPulse {\n      0%, 80%, 100% { opacity: 0.35; transform: translateY(0); }\n      40% { opacity: 1; transform: translateY(-2px); }\n    }\n\n    @keyframes bubbleInAssistant {\n      from { opacity: 0; transform: translateY(7px); }\n      to { opacity: 1; transform: translateY(0); }\n    }\n\n    @keyframes bubbleInUser {\n      from { opacity: 0; transform: translateY(5px) scale(0.99); }\n      to { opacity: 1; transform: translateY(0) scale(1); }\n    }\n\n    @keyframes chakraSpin {\n      from { transform: rotate(0deg); }\n      to { transform: rotate(360deg); }\n    }\n\n    @keyframes chakraPulse {\n      0%, 100% { opacity: 0.35; transform: scale(0.9); }\n      50% { opacity: 1; transform: scale(1); }\n    }\n\n    @keyframes chakraHalo {\n      0%, 100% { opacity: 0.35; transform: scale(0.9); }\n      50% { opacity: 0.95; transform: scale(1.08); }\n    }\n\n    @keyframes chakraGlow {\n      0%, 100% {\n        filter: brightness(0.9) saturate(1);\n        box-shadow:\n          0 0 14px rgba(232, 184, 109, 0.35),\n          inset 0 0 8px rgba(255, 255, 255, 0.2);\n      }\n      50% {\n        filter: brightness(1.25) saturate(1.15);\n        box-shadow:\n          0 0 26px rgba(232, 184, 109, 0.75),\n          0 0 46px rgba(232, 184, 109, 0.38),\n          inset 0 0 12px rgba(255, 255, 255, 0.32);\n      }\n    }\n\n    @keyframes captionBreath {\n      0%, 100% { opacity: 0.7; }\n      50% { opacity: 1; }\n    }\n\n    @keyframes stardrift {\n      from { transform: translateY(0); }\n      to { transform: translateY(22px); }\n    }\n\n    @keyframes auroraBreath {\n      0% { transform: translate3d(-2%, 0, 0) scale(1); }\n      50% { transform: translate3d(1%, -1%, 0) scale(1.04); }\n      100% { transform: translate3d(2%, 1%, 0) scale(1.08); }\n    }\n\n    @keyframes heroShimmer {\n      0%, 100% { transform: rotate(20deg) translateX(0); }\n      50% { transform: rotate(20deg) translateX(210%); }\n    }\n\n    @keyframes haloRotate {\n      from { transform: rotate(0deg); }\n      to { transform: rotate(360deg); }\n    }\n\n    @keyframes blessingFloat {\n      0%, 100% { transform: translate3d(0, 0, 0) scale(0.96); opacity: 0.42; }\n      50% { transform: translate3d(-8px, -6px, 0) scale(1.06); opacity: 0.78; }\n    }\n\n    /* Quote Art Styles */\n    .quote-art-panel {\n      position: relative;\n      overflow: hidden;\n      background:\n        radial-gradient(circle at bottom left, rgba(121, 217, 239, 0.14), transparent 38%),\n        radial-gradient(circle at top right, rgba(232, 184, 109, 0.12), transparent 32%),\n        linear-gradient(160deg, rgba(232, 184, 109, 0.08), rgba(89, 62, 115, 0.16));\n    }\n\n    .quote-art-panel::after {\n      content: "";\n      position: absolute;\n      inset: auto auto -40px -20px;\n      width: 100px;\n      height: 100px;\n      border-radius: 999px;\n      background: rgba(139, 92, 246, 0.12);\n      filter: blur(8px);\n      pointer-events: none;\n    }\n\n    .style-grid {\n      display: grid;\n      grid-template-columns: repeat(2, 1fr);\n      gap: 12px;\n      margin: 14px 0;\n    }\n\n    .style-card {\n      position: relative;\n      border: 1px solid rgba(255, 255, 255, 0.12);\n      border-radius: 18px;\n      padding: 14px;\n      cursor: pointer;\n      transition: border-color 180ms ease, transform 180ms ease, box-shadow 180ms ease;\n      overflow: hidden;\n      min-height: 108px;\n    }\n\n    .style-card::before {\n      content: "";\n      position: absolute;\n      inset: 0;\n      border-radius: 10px;\n      opacity: 0.4;\n      z-index: 0;\n    }\n\n    .style-card > * {\n      position: relative;\n      z-index: 1;\n    }\n\n    .style-card:hover {\n      transform: translateY(-2px);\n      box-shadow: 0 16px 30px rgba(5, 10, 18, 0.22);\n    }\n\n    .style-card.selected {\n      border-color: var(--divine-gold);\n      box-shadow: inset 0 1px 0 rgba(255,255,255,0.04), 0 16px 28px rgba(232, 184, 109, 0.12);\n    }\n\n    .style-card input[type="radio"] {\n      display: none;\n    }\n\n    .style-card-name {\n      font-weight: 700;\n      font-size: 14px;\n      margin-bottom: 6px;\n    }\n\n    .style-card-desc {\n      font-size: 12px;\n      opacity: 0.86;\n      line-height: 1.5;\n    }\n\n    .style-divine { background: linear-gradient(135deg, #141b2d, #20324b); color: #ffe39d; }\n    .style-minimal { background: linear-gradient(135deg, #efe9dd, #f8f4ec); color: #423728; }\n    .style-nature { background: linear-gradient(135deg, #14352d, #3b7054); color: #dcf7e6; }\n    .style-cosmic { background: linear-gradient(135deg, #170a29, #43215f); color: #f0d5ff; }\n\n    .quote-art-preview {\n      margin-top: 14px;\n      border-radius: 18px;\n      overflow: hidden;\n      display: none;\n      border: 1px solid rgba(255, 255, 255, 0.12);\n      background: rgba(8, 14, 25, 0.54);\n      box-shadow: var(--shadow-soft);\n    }\n\n    .quote-art-preview.visible {\n      display: block;\n      animation: fadeSlideIn 300ms ease;\n    }\n\n    @keyframes fadeSlideIn {\n      from { opacity: 0; transform: translateY(8px); }\n      to { opacity: 1; transform: translateY(0); }\n    }\n\n    .quote-art-card {\n      padding: 24px 20px;\n      text-align: center;\n      min-height: 210px;\n      display: flex;\n      flex-direction: column;\n      justify-content: center;\n      gap: 14px;\n    }\n\n    .quote-art-sanskrit {\n      font-size: 14px;\n      opacity: 0.85;\n      font-style: italic;\n      line-height: 1.6;\n    }\n\n    .quote-art-text {\n      font-size: 17px;\n      font-weight: 600;\n      line-height: 1.75;\n    }\n\n    .quote-art-attribution {\n      font-size: 12px;\n      opacity: 0.7;\n      margin-top: 8px;\n    }\n\n    .quote-art-actions {\n      display: flex;\n      justify-content: center;\n      gap: 10px;\n      margin-top: 0;\n      padding: 0 0 18px;\n      flex-wrap: wrap;\n    }\n\n    .quote-art-actions button {\n      margin: 0;\n      font-size: 12px;\n      padding: 8px 14px;\n    }\n\n    .featured-verses {\n      display: flex;\n      flex-wrap: wrap;\n      gap: 8px;\n      margin-top: 12px;\n    }\n\n    .featured-verse-chip {\n      font-size: 12px;\n      padding: 8px 12px;\n      border-radius: 999px;\n      border: 1px solid rgba(255, 255, 255, 0.14);\n      background: rgba(255, 255, 255, 0.06);\n      cursor: pointer;\n      transition: background 150ms ease, border-color 150ms ease, transform 150ms ease;\n    }\n\n    .featured-verse-chip:hover {\n      background: rgba(232, 184, 109, 0.12);\n      border-color: rgba(232, 184, 109, 0.34);\n      transform: translateY(-1px);\n    }\n\n    .upgrade-section {\n      background:\n        radial-gradient(circle at top right, rgba(255,255,255,0.14), transparent 28%),\n        linear-gradient(145deg, #513b87 0%, #2c547e 52%, #24374f 100%);\n      padding: 1rem;\n      border-radius: 1.1rem;\n      color: white;\n      margin-bottom: 1rem;\n      border: 1px solid rgba(255,255,255,0.12);\n      box-shadow: 0 18px 40px rgba(23, 33, 51, 0.24);\n    }\n\n    .upgrade-section h3 {\n      margin: 0 0 0.5rem 0;\n      font-size: 1.08rem;\n    }\n\n    .upgrade-list {\n      margin: 0.65rem 0;\n      padding-left: 1.2rem;\n      font-size: 0.92rem;\n      line-height: 1.7;\n    }\n\n    .membership-pricing-grid {\n      display: grid;\n      grid-template-columns: 1fr;\n      gap: 8px;\n      margin: 0.75rem 0 0.95rem;\n    }\n\n    .membership-pricing-grid .pricing-plan {\n      background: rgba(8, 12, 22, 0.28);\n      border-color: rgba(255, 255, 255, 0.22);\n      padding: 9px;\n    }\n\n    .membership-pricing-grid .pricing-plan-title {\n      color: #fff4d6;\n    }\n\n    .membership-pricing-grid .pricing-plan-price {\n      color: rgba(255, 255, 255, 0.86);\n    }\n\n    .membership-pricing-grid .pricing-plan-list {\n      color: rgba(255, 255, 255, 0.9);\n      font-size: 10.5px;\n      line-height: 1.42;\n      gap: 4px;\n    }\n\n    .membership-pricing-grid .pricing-tooltip {\n      border-color: rgba(255, 255, 255, 0.38);\n      color: #ffe5ae;\n    }\n\n    .upgrade-actions {\n      display: flex;\n      gap: 0.65rem;\n      flex-wrap: wrap;\n      margin-top: 0.9rem;\n    }\n\n    .billing-capture-block {\n      margin-top: 0.95rem;\n      padding: 0.95rem;\n      border-radius: 18px;\n      background: rgba(8, 12, 22, 0.28);\n      border: 1px solid rgba(255,255,255,0.14);\n    }\n\n    .billing-capture-block h4 {\n      margin: 0 0 0.35rem 0;\n      font-size: 0.96rem;\n      color: #fff6df;\n    }\n\n    .billing-capture-help {\n      margin: 0 0 0.75rem 0;\n      color: rgba(255,255,255,0.82);\n      font-size: 0.8rem;\n      line-height: 1.45;\n    }\n\n    .billing-capture-grid {\n      display: grid;\n      grid-template-columns: repeat(2, minmax(0, 1fr));\n      gap: 0.7rem;\n    }\n\n    .billing-capture-field {\n      display: flex;\n      flex-direction: column;\n      gap: 0.28rem;\n    }\n\n    .billing-capture-field.full {\n      grid-column: 1 / -1;\n    }\n\n    .billing-capture-field label {\n      font-size: 0.77rem;\n      font-weight: 600;\n      color: rgba(255,255,255,0.86);\n    }\n\n    .billing-capture-field input,\n    .billing-capture-field textarea {\n      width: 100%;\n      border-radius: 14px;\n      border: 1px solid rgba(255,255,255,0.16);\n      background: rgba(10, 14, 24, 0.66);\n      color: #fff;\n      padding: 0.72rem 0.82rem;\n      font-size: 0.88rem;\n      box-sizing: border-box;\n    }\n\n    .billing-capture-field textarea {\n      min-height: 86px;\n      resize: vertical;\n    }\n\n    .billing-capture-field input::placeholder,\n    .billing-capture-field textarea::placeholder {\n      color: rgba(255,255,255,0.42);\n    }\n\n    .billing-status-card {\n      margin-top: 0.9rem;\n      padding: 0.9rem 0.95rem;\n      border-radius: 18px;\n      background: rgba(255,255,255,0.08);\n      border: 1px solid rgba(255,255,255,0.16);\n    }\n\n    .billing-status-card h4 {\n      margin: 0 0 0.35rem 0;\n      font-size: 0.92rem;\n      color: #fff4d6;\n    }\n\n    .billing-status-copy {\n      margin: 0;\n      color: rgba(255,255,255,0.84);\n      font-size: 0.81rem;\n      line-height: 1.5;\n    }\n\n    .billing-status-meta {\n      margin-top: 0.5rem;\n      display: flex;\n      flex-wrap: wrap;\n      gap: 0.45rem;\n    }\n\n    .billing-status-pill {\n      display: inline-flex;\n      align-items: center;\n      gap: 0.25rem;\n      padding: 0.36rem 0.62rem;\n      border-radius: 999px;\n      font-size: 0.74rem;\n      background: rgba(8, 12, 22, 0.34);\n      border: 1px solid rgba(255,255,255,0.12);\n      color: rgba(255,255,255,0.9);\n    }\n\n    .btn-upgrade {\n      margin-top: 0;\n      padding: 0.65rem 1rem;\n      border-radius: 999px;\n      font-weight: 700;\n      cursor: pointer;\n    }\n\n    .btn-upgrade-primary {\n      background: white;\n      color: #5f448f;\n      border: none;\n    }\n\n    .btn-upgrade-secondary {\n      background: rgba(255,255,255,0.16);\n      color: white;\n      border: 1px solid rgba(255,255,255,0.32);\n      box-shadow: none;\n    }\n\n    .plan-active {\n      background: linear-gradient(145deg, rgba(16, 185, 129, 0.16), rgba(236, 253, 245, 0.92));\n      padding: 1rem;\n      border-radius: 1rem;\n      color: #065f46;\n      margin-bottom: 1rem;\n      border: 1px solid rgba(16, 185, 129, 0.16);\n    }\n\n    .dev-options {\n      margin-top: 0.6rem;\n    }\n\n    .dev-options summary {\n      font-size: 0.8rem;\n      color: #8ea1b8;\n      cursor: pointer;\n    }\n\n    .dev-options form {\n      margin-top: 0.65rem;\n    }\n\n    .support-help {\n      margin-bottom: 0.8rem;\n      color: #54667d;\n      font-size: 0.88rem;\n      line-height: 1.55;\n    }\n\n    .support-help a {\n      color: #3b82f6;\n      text-decoration: none;\n      font-weight: 600;\n    }\n\n    .support-help a:hover {\n      text-decoration: underline;\n    }\n\n    .support-form textarea {\n      min-height: 98px;\n      resize: vertical;\n    }\n\n    @media (max-width: 640px) {\n      .billing-capture-grid {\n        grid-template-columns: 1fr;\n      }\n    }\n\n    /* Gita Reader Styles */\n    .gita-reader-btn {\n      width: 100%;\n      background: linear-gradient(135deg, #e8b86d 0%, #b8893e 100%);\n      color: #1a1a2e;\n      font-weight: 700;\n      border-radius: 14px;\n      padding: 14px 18px;\n      font-size: 15px;\n      display: flex;\n      align-items: center;\n      justify-content: center;\n      gap: 10px;\n      margin: 0;\n      transition: transform 150ms ease, box-shadow 150ms ease;\n    }\n\n    .gita-reader-btn:hover {\n      transform: translateY(-2px);\n      box-shadow: 0 8px 24px rgba(232, 184, 109, 0.35);\n    }\n\n    .gita-reader-btn .btn-icon {\n      font-size: 20px;\n    }\n\n    .gita-reader-overlay {\n      position: fixed;\n      inset: 0;\n      background: rgba(8, 14, 30, 0.95);\n      z-index: 1000;\n      display: none;\n      opacity: 0;\n      transition: opacity 300ms ease;\n    }\n\n    .gita-reader-overlay.visible {\n      display: block;\n      opacity: 1;\n    }\n\n    .auth-modal-overlay {\n      position: fixed;\n      inset: 0;\n      background: rgba(4, 10, 20, 0.72);\n      backdrop-filter: blur(10px);\n      z-index: 1090;\n      display: none;\n      opacity: 0;\n      transition: opacity 220ms ease;\n    }\n\n    .auth-modal-overlay.visible {\n      display: block;\n      opacity: 1;\n    }\n\n    .auth-modal {\n      position: fixed;\n      inset: 50% auto auto 50%;\n      width: min(92vw, 760px);\n      max-height: min(82vh, 760px);\n      overflow-y: auto;\n      transform: translate(-50%, -46%) scale(0.98);\n      opacity: 0;\n      pointer-events: none;\n      transition: opacity 220ms ease, transform 220ms ease;\n      z-index: 1091;\n      border-radius: 26px;\n      border: 1px solid rgba(232, 184, 109, 0.22);\n      background:\n        radial-gradient(circle at top left, rgba(232, 184, 109, 0.14), transparent 32%),\n        linear-gradient(180deg, rgba(255, 255, 255, 0.04), transparent 28%),\n        rgba(8, 15, 28, 0.96);\n      box-shadow: 0 28px 90px rgba(2, 7, 18, 0.58);\n    }\n\n    .auth-modal.visible {\n      opacity: 1;\n      pointer-events: auto;\n      transform: translate(-50%, -50%) scale(1);\n    }\n\n    .auth-modal-shell {\n      padding: 24px;\n      display: grid;\n      gap: 18px;\n    }\n\n    .auth-modal-head {\n      display: flex;\n      justify-content: space-between;\n      gap: 16px;\n      align-items: flex-start;\n    }\n\n    .auth-modal-copy h2 {\n      margin: 6px 0 8px;\n      font-size: 28px;\n    }\n\n    .auth-modal-copy p {\n      margin: 0;\n      color: var(--muted);\n      line-height: 1.65;\n    }\n\n    .auth-modal-close {\n      width: 42px;\n      height: 42px;\n      border-radius: 999px;\n      border: 1px solid rgba(255, 255, 255, 0.12);\n      background: rgba(255, 255, 255, 0.05);\n      color: var(--text);\n      cursor: pointer;\n      font-size: 20px;\n      display: grid;\n      place-items: center;\n      transition: all 180ms ease;\n    }\n\n    .auth-modal-close:hover {\n      border-color: rgba(232, 184, 109, 0.3);\n      background: rgba(232, 184, 109, 0.08);\n    }\n\n    .auth-modal-tabs {\n      display: inline-flex;\n      gap: 8px;\n      padding: 6px;\n      border-radius: 999px;\n      background: rgba(255, 255, 255, 0.04);\n      border: 1px solid rgba(255, 255, 255, 0.08);\n      width: fit-content;\n    }\n\n    .auth-modal-tab {\n      border: 0;\n      border-radius: 999px;\n      padding: 10px 16px;\n      background: transparent;\n      color: var(--muted);\n      cursor: pointer;\n      font-weight: 700;\n      transition: all 180ms ease;\n    }\n\n    .auth-modal-tab.active {\n      background: linear-gradient(145deg, rgba(232, 184, 109, 0.22), rgba(232, 184, 109, 0.08));\n      color: #fff2c7;\n      box-shadow: 0 10px 24px rgba(232, 184, 109, 0.14);\n    }\n\n    .auth-modal-panels {\n      display: grid;\n    }\n\n    .auth-modal-panel {\n      display: none;\n    }\n\n    .auth-modal-panel.active {\n      display: block;\n    }\n\n    .chat-auth-forgot {\n      margin: -2px 0 10px;\n      text-align: right;\n      font-size: 13px;\n    }\n\n    .chat-auth-forgot a {\n      color: rgba(243, 209, 143, 0.88);\n      text-decoration: underline;\n      text-underline-offset: 3px;\n      font-weight: 600;\n    }\n\n    .chat-auth-forgot a:hover {\n      color: #fff2c7;\n    }\n\n    .auth-google-section {\n      margin: 4px 0 14px;\n    }\n\n    .auth-divider {\n      display: flex;\n      align-items: center;\n      gap: 12px;\n      margin: 14px 0 12px;\n      color: rgba(235, 228, 214, 0.55);\n      font-size: 11px;\n      font-weight: 700;\n      text-transform: uppercase;\n      letter-spacing: 0.14em;\n    }\n\n    .auth-divider::before,\n    .auth-divider::after {\n      content: "";\n      flex: 1;\n      height: 1px;\n      background: rgba(243, 209, 143, 0.16);\n    }\n\n    .auth-google-label {\n      margin: 0 0 10px;\n      font-size: 13px;\n      color: rgba(235, 228, 214, 0.72);\n    }\n\n    .auth-google-signin {\n      display: flex;\n      justify-content: stretch;\n      width: 100%;\n    }\n\n    .auth-google-signin > div {\n      width: 100% !important;\n    }\n\n    .gita-reader-modal {\n      position: fixed;\n      inset: 0;\n      z-index: 1001;\n      display: none;\n      padding: 20px;\n      overflow-y: auto;\n    }\n\n    .gita-reader-modal.visible {\n      display: block;\n      animation: modalSlideIn 400ms cubic-bezier(0.16, 1, 0.3, 1);\n    }\n\n    @keyframes modalSlideIn {\n      from { opacity: 0; transform: translateY(30px) scale(0.97); }\n      to { opacity: 1; transform: translateY(0) scale(1); }\n    }\n\n    .reader-container {\n      max-width: 900px;\n      margin: 0 auto;\n      min-height: 100%;\n    }\n\n    .reader-header {\n      display: flex;\n      justify-content: space-between;\n      align-items: center;\n      padding: 16px 0;\n      border-bottom: 1px solid var(--border);\n      margin-bottom: 20px;\n    }\n\n    .reader-title {\n      font-family: "Sora", "Manrope", sans-serif;\n      font-size: clamp(20px, 3vw, 28px);\n      font-weight: 700;\n      color: var(--divine-gold);\n      margin: 0;\n    }\n\n    .reader-close-btn {\n      background: rgba(255, 255, 255, 0.1);\n      border: 1px solid rgba(255, 255, 255, 0.2);\n      border-radius: 10px;\n      padding: 10px 16px;\n      color: var(--text);\n      cursor: pointer;\n      font-size: 14px;\n      transition: background 150ms ease;\n    }\n\n    .reader-close-btn:hover {\n      background: rgba(255, 255, 255, 0.15);\n    }\n\n    .reader-nav {\n      display: flex;\n      gap: 10px;\n      margin-bottom: 20px;\n    }\n\n    .reader-nav-item {\n      background: rgba(255, 255, 255, 0.08);\n      border: 1px solid rgba(255, 255, 255, 0.15);\n      border-radius: 10px;\n      padding: 8px 14px;\n      color: var(--muted);\n      font-size: 13px;\n      cursor: pointer;\n      transition: all 150ms ease;\n    }\n\n    .reader-nav-item:hover {\n      background: rgba(232, 184, 109, 0.15);\n      border-color: rgba(232, 184, 109, 0.3);\n    }\n\n    .reader-nav-item.active {\n      background: rgba(232, 184, 109, 0.2);\n      border-color: var(--divine-gold);\n      color: var(--divine-gold);\n    }\n\n    .reader-content {\n      min-height: 400px;\n    }\n\n    /* Chapter Grid */\n    .chapter-grid {\n      display: grid;\n      grid-template-columns: repeat(auto-fill, minmax(280px, 1fr));\n      gap: 16px;\n    }\n\n    .chapter-card {\n      background: linear-gradient(145deg, rgba(255, 255, 255, 0.06), rgba(255, 255, 255, 0.02));\n      border: 1px solid rgba(255, 255, 255, 0.12);\n      border-radius: 16px;\n      padding: 20px;\n      cursor: pointer;\n      transition: all 200ms ease;\n      position: relative;\n      overflow: hidden;\n    }\n\n    .chapter-card::before {\n      content: "";\n      position: absolute;\n      top: 0;\n      left: 0;\n      right: 0;\n      height: 3px;\n      background: linear-gradient(90deg, var(--divine-gold), transparent);\n      opacity: 0;\n      transition: opacity 200ms ease;\n    }\n\n    .chapter-card:hover {\n      transform: translateY(-4px);\n      border-color: rgba(232, 184, 109, 0.4);\n      box-shadow: 0 12px 32px rgba(0, 0, 0, 0.3);\n    }\n\n    .chapter-card:hover::before {\n      opacity: 1;\n    }\n\n    .chapter-number {\n      font-size: 14px;\n      color: var(--divine-gold);\n      font-weight: 700;\n      margin-bottom: 8px;\n    }\n\n    .chapter-name {\n      font-family: "Sora", "Manrope", sans-serif;\n      font-size: 16px;\n      font-weight: 600;\n      color: var(--text);\n      margin-bottom: 6px;\n    }\n\n    .chapter-name-hi {\n      font-size: 14px;\n      color: var(--muted);\n      margin-bottom: 10px;\n    }\n\n    .chapter-meta {\n      font-size: 12px;\n      color: var(--muted);\n    }\n\n    /* Verse List */\n    .verse-list {\n      display: grid;\n      grid-template-columns: repeat(auto-fill, minmax(120px, 1fr));\n      gap: 10px;\n    }\n\n    .verse-list-item {\n      background: rgba(255, 255, 255, 0.05);\n      border: 1px solid rgba(255, 255, 255, 0.12);\n      border-radius: 10px;\n      padding: 14px 12px;\n      text-align: center;\n      cursor: pointer;\n      transition: all 150ms ease;\n    }\n\n    .verse-list-item:hover {\n      background: rgba(232, 184, 109, 0.15);\n      border-color: rgba(232, 184, 109, 0.4);\n      transform: translateY(-2px);\n    }\n\n    .verse-list-ref {\n      font-weight: 700;\n      color: var(--divine-gold);\n      font-size: 14px;\n      margin-bottom: 4px;\n    }\n\n    .verse-list-preview {\n      font-size: 11px;\n      color: var(--muted);\n      line-height: 1.4;\n      overflow: hidden;\n      text-overflow: ellipsis;\n      display: -webkit-box;\n      -webkit-line-clamp: 2;\n      -webkit-box-orient: vertical;\n    }\n\n    /* Verse Detail View */\n    .verse-detail {\n      animation: fadeSlideIn 300ms ease;\n    }\n\n    .verse-detail-header {\n      text-align: center;\n      padding: 24px;\n      background: linear-gradient(180deg, rgba(232, 184, 109, 0.12), transparent);\n      border-radius: 20px;\n      margin-bottom: 24px;\n    }\n\n    .verse-detail-ref {\n      font-family: "Sora", "Manrope", sans-serif;\n      font-size: 24px;\n      font-weight: 700;\n      color: var(--divine-gold);\n      margin-bottom: 8px;\n    }\n\n    .verse-detail-speaker {\n      font-size: 14px;\n      color: var(--muted);\n    }\n\n    .verse-sanskrit-box {\n      background: linear-gradient(145deg, #1a1a2e, #0f1520);\n      border: 1px solid rgba(232, 184, 109, 0.25);\n      border-radius: 16px;\n      padding: 24px;\n      text-align: center;\n      margin-bottom: 20px;\n    }\n\n    .verse-sanskrit {\n      font-size: 20px;\n      line-height: 1.8;\n      color: var(--divine-gold);\n      font-weight: 500;\n      margin-bottom: 16px;\n    }\n\n    .verse-transliteration {\n      font-size: 14px;\n      color: var(--muted);\n      font-style: italic;\n      line-height: 1.6;\n    }\n\n    .verse-audio-btn {\n      display: inline-flex;\n      align-items: center;\n      gap: 8px;\n      margin-top: 14px;\n      padding: 8px 18px;\n      border-radius: 999px;\n      border: 1px solid rgba(232, 184, 109, 0.4);\n      background: rgba(232, 184, 109, 0.08);\n      color: var(--divine-gold);\n      font-size: 13px;\n      font-weight: 600;\n      cursor: pointer;\n      transition: background 0.2s, opacity 0.2s;\n      letter-spacing: 0.03em;\n    }\n    .verse-audio-btn:hover { background: rgba(232, 184, 109, 0.18); }\n    .verse-audio-btn:disabled { opacity: 0.5; cursor: default; }\n    .verse-audio-btn svg { width: 16px; height: 16px; flex-shrink: 0; }\n\n    .verse-meaning-section {\n      background: rgba(255, 255, 255, 0.04);\n      border: 1px solid rgba(255, 255, 255, 0.1);\n      border-radius: 14px;\n      padding: 20px;\n      margin-bottom: 16px;\n    }\n\n    .verse-meaning-label {\n      font-size: 12px;\n      text-transform: uppercase;\n      letter-spacing: 0.1em;\n      color: var(--muted);\n      margin-bottom: 10px;\n      display: flex;\n      align-items: center;\n      gap: 8px;\n    }\n\n    .verse-meaning-label::after {\n      content: "";\n      flex: 1;\n      height: 1px;\n      background: rgba(255, 255, 255, 0.1);\n    }\n\n    .verse-meaning-text {\n      font-size: 15px;\n      line-height: 1.7;\n      color: var(--text);\n    }\n\n    .verse-meaning-text.hindi {\n      font-size: 16px;\n    }\n\n    .verse-commentaries {\n      margin-top: 24px;\n    }\n\n    .verse-synthesis {\n      margin-top: 24px;\n      display: grid;\n      gap: 14px;\n    }\n\n    .verse-synthesis-card {\n      background: linear-gradient(180deg, rgba(245, 158, 11, 0.09), rgba(59, 130, 246, 0.07));\n      border: 1px solid rgba(251, 191, 36, 0.18);\n      border-radius: 16px;\n      padding: 18px;\n      box-shadow: inset 0 1px 0 rgba(255, 255, 255, 0.04);\n    }\n\n    .verse-synthesis-title {\n      font-family: "Sora", "Manrope", sans-serif;\n      font-size: 16px;\n      font-weight: 700;\n      color: #f9d47b;\n      margin-bottom: 10px;\n    }\n\n    .verse-synthesis-copy {\n      display: grid;\n      gap: 10px;\n      color: var(--text);\n      line-height: 1.7;\n      font-size: 14px;\n    }\n\n    .verse-synthesis-columns {\n      display: grid;\n      grid-template-columns: repeat(auto-fit, minmax(220px, 1fr));\n      gap: 14px;\n    }\n\n    .verse-synthesis-points {\n      margin: 0;\n      padding-left: 18px;\n      color: var(--muted);\n      line-height: 1.6;\n      font-size: 14px;\n    }\n\n    .verse-synthesis-points li {\n      margin-bottom: 6px;\n    }\n\n    .verse-commentaries-title {\n      font-family: "Sora", "Manrope", sans-serif;\n      font-size: 16px;\n      font-weight: 600;\n      color: var(--text);\n      margin-bottom: 16px;\n    }\n\n    .commentary-item {\n      background: rgba(139, 92, 246, 0.08);\n      border: 1px solid rgba(139, 92, 246, 0.2);\n      border-radius: 12px;\n      padding: 16px;\n      margin-bottom: 12px;\n    }\n\n    .commentary-author {\n      font-size: 13px;\n      font-weight: 700;\n      color: var(--accent);\n      margin-bottom: 8px;\n    }\n\n    .commentary-text {\n      font-size: 14px;\n      line-height: 1.6;\n      color: var(--muted);\n    }\n\n    .verse-actions {\n      display: flex;\n      justify-content: center;\n      gap: 12px;\n      margin-top: 24px;\n      flex-wrap: wrap;\n    }\n\n    .verse-action-btn {\n      margin: 0;\n      padding: 12px 20px;\n      font-size: 13px;\n      border-radius: 10px;\n    }\n\n    /* Loading State */\n    .reader-loading {\n      display: flex;\n      flex-direction: column;\n      align-items: center;\n      justify-content: center;\n      min-height: 300px;\n      gap: 16px;\n    }\n\n    .reader-loading-text {\n      color: var(--muted);\n      font-size: 14px;\n    }\n\n    /* Back button */\n    .reader-back-btn {\n      display: inline-flex;\n      align-items: center;\n      gap: 8px;\n      background: rgba(255, 255, 255, 0.06);\n      border: 1px solid rgba(255, 255, 255, 0.15);\n      border-radius: 10px;\n      padding: 10px 16px;\n      color: var(--text);\n      font-size: 13px;\n      cursor: pointer;\n      margin-bottom: 20px;\n      transition: all 150ms ease;\n    }\n\n    .reader-back-btn:hover {\n      background: rgba(255, 255, 255, 0.1);\n    }\n\n    /* Verse navigation top bar */\n    .verse-nav-top {\n      display: flex;\n      justify-content: space-between;\n      align-items: center;\n      flex-wrap: wrap;\n      gap: 12px;\n      margin-bottom: 20px;\n    }\n\n    .verse-nav-arrows {\n      display: flex;\n      align-items: center;\n      gap: 8px;\n    }\n\n    .verse-nav-btn {\n      display: inline-flex;\n      align-items: center;\n      gap: 4px;\n      background: rgba(255, 255, 255, 0.06);\n      border: 1px solid rgba(255, 255, 255, 0.15);\n      border-radius: 8px;\n      padding: 8px 14px;\n      color: var(--text);\n      font-size: 13px;\n      cursor: pointer;\n      transition: all 150ms ease;\n    }\n\n    .verse-nav-btn:hover:not(.disabled) {\n      background: var(--divine-gold);\n      color: var(--dark-bg);\n      border-color: var(--divine-gold);\n    }\n\n    .verse-nav-btn.disabled {\n      opacity: 0.4;\n      cursor: not-allowed;\n    }\n\n    .verse-nav-current {\n      font-size: 12px;\n      color: var(--text-muted);\n      padding: 0 8px;\n    }\n\n    /* Chapter detail header */\n    .chapter-detail-header {\n      background: linear-gradient(145deg, rgba(232, 184, 109, 0.1), transparent);\n      border-radius: 16px;\n      padding: 24px;\n      margin-bottom: 24px;\n      text-align: center;\n    }\n\n    .chapter-detail-number {\n      font-size: 14px;\n      color: var(--divine-gold);\n      text-transform: uppercase;\n      letter-spacing: 0.15em;\n      margin-bottom: 8px;\n    }\n\n    .chapter-detail-name {\n      font-family: "Sora", "Manrope", sans-serif;\n      font-size: 24px;\n      font-weight: 700;\n      color: var(--text);\n      margin-bottom: 8px;\n    }\n\n    .chapter-detail-translation {\n      font-size: 16px;\n      color: var(--muted);\n      font-style: italic;\n      margin-bottom: 12px;\n    }\n\n    .chapter-detail-summary {\n      font-size: 14px;\n      color: var(--muted);\n      line-height: 1.6;\n      max-width: 600px;\n      margin: 0 auto;\n    }\n\n    /* 2026 redesign pass: chat-first sacred editorial layout */\n    .top-nav {\n      position: relative;\n      top: 0;\n      z-index: 2;\n    }\n\n    .top-nav a,\n    .nav-btn,\n    .nav-language-select,\n    .auth-pill {\n      font-size: 12px;\n    }\n\n    .hero {\n      padding: 24px;\n      margin-bottom: 20px;\n    }\n\n    .hero-grid {\n      grid-template-columns: minmax(0, 1.08fr) minmax(320px, 0.92fr);\n      gap: 20px;\n      align-items: start;\n    }\n\n    .hero h1 {\n      max-width: 11ch;\n      margin-bottom: 14px;\n    }\n\n    .hero-copy {\n      gap: 16px;\n    }\n\n    .hero-copy p {\n      font-size: 15px;\n      max-width: 62ch;\n    }\n\n    .hero-meta {\n      margin-bottom: 2px;\n    }\n\n    .hero-blessing {\n      padding: 18px;\n      gap: 16px;\n      background:\n        radial-gradient(circle at top right, rgba(121, 217, 239, 0.12), transparent 35%),\n        linear-gradient(180deg, rgba(255,255,255,0.045), transparent 34%),\n        rgba(7, 14, 25, 0.74);\n    }\n\n    .hero-quick-ask {\n      display: grid;\n      gap: 12px;\n    }\n\n    .hero-quick-ask h2 {\n      margin: 0;\n      font-size: 24px;\n      line-height: 1.12;\n      font-family: var(--font-display);\n    }\n\n    .hero-quick-ask p {\n      margin: 0;\n      color: var(--muted);\n      font-size: 14px;\n      line-height: 1.7;\n    }\n\n    .hero-quick-form {\n      display: grid;\n      gap: 12px;\n    }\n\n    .hero-quick-form textarea {\n      min-height: 118px;\n      margin-top: 0;\n      border-radius: 20px;\n      background: rgba(4, 10, 19, 0.88);\n      border-color: rgba(255, 255, 255, 0.12);\n      line-height: 1.65;\n      padding: 16px 17px;\n    }\n\n    .hero-quick-actions {\n      display: flex;\n      flex-wrap: wrap;\n      gap: 10px;\n      align-items: center;\n    }\n\n    .hero-quick-actions button,\n    .hero-quick-actions a {\n      margin-top: 0;\n      text-decoration: none;\n    }\n\n    .hero-soft-link {\n      display: inline-flex;\n      align-items: center;\n      justify-content: center;\n      padding: 11px 15px;\n      border-radius: 999px;\n      border: 1px solid rgba(121, 217, 239, 0.24);\n      background: rgba(121, 217, 239, 0.08);\n      color: var(--accent-2);\n      font-size: 13px;\n      font-weight: 700;\n    }\n\n    .hero-support-note {\n      padding: 12px 14px;\n      border-radius: 16px;\n      border: 1px solid rgba(232, 184, 109, 0.14);\n      background: rgba(232, 184, 109, 0.06);\n      color: var(--muted);\n      font-size: 13px;\n      line-height: 1.6;\n    }\n\n    .layout {\n      grid-template-columns: minmax(0, 1fr) 318px;\n      grid-template-areas: "main aside";\n      gap: 20px;\n    }\n\n    .main-stack {\n      grid-area: main;\n      gap: 18px;\n      min-width: 0;\n    }\n\n    .sidebar-stack {\n      grid-area: aside;\n      gap: 14px;\n      position: static;\n      top: auto;\n      align-self: start;\n    }\n\n    .layout.guest-home-layout {\n      grid-template-columns: minmax(0, 1fr);\n      grid-template-areas: "main";\n    }\n\n    .layout.guest-home-layout .main-stack {\n      max-width: 1040px;\n    }\n\n    .sidebar-stack .panel {\n      padding: 16px;\n      border-radius: 20px;\n    }\n\n    .sidebar-stack .panel h2,\n    .sidebar-stack .panel h3 {\n      font-size: 15px;\n      margin-bottom: 8px;\n    }\n\n    .conversation-scroll {\n      max-height: 320px;\n    }\n\n    .chat-shell {\n      padding: 22px;\n      min-height: 760px;\n      border-radius: 26px;\n      background:\n        radial-gradient(circle at top right, rgba(121, 217, 239, 0.08), transparent 24%),\n        linear-gradient(180deg, rgba(255,255,255,0.03), transparent 24%),\n        rgba(8, 14, 25, 0.8);\n    }\n\n    .conversation-panel-head {\n      position: relative;\n      top: auto;\n      z-index: 1;\n      padding-bottom: 12px;\n      margin-bottom: 12px;\n      padding-inline: 4px 6px;\n      gap: 18px;\n      background: linear-gradient(180deg, rgba(8, 14, 25, 0.96), rgba(8, 14, 25, 0.82) 72%, transparent);\n      backdrop-filter: blur(10px);\n    }\n\n    .conversation-title-block h2 {\n      font-size: clamp(32px, 4vw, 50px);\n      line-height: 1.05;\n      letter-spacing: -0.03em;\n      margin-bottom: 8px;\n    }\n\n    .conversation-panel-meta {\n      color: var(--muted);\n      font-size: 14px;\n      line-height: 1.6;\n      max-width: 62ch;\n    }\n\n    .chat-scroll-area {\n      padding-right: 2px;\n    }\n\n    .transcript {\n      gap: 16px;\n      max-height: 600px;\n      padding: 4px 8px 12px 8px;\n    }\n\n    .chat-bubble {\n      max-width: min(86%, 760px);\n      border-radius: 24px;\n      padding: 16px 18px;\n      line-height: 1.78;\n    }\n\n    .chat-bubble.assistant {\n      background:\n        linear-gradient(180deg, rgba(232, 184, 109, 0.08), rgba(255, 255, 255, 0.02)),\n        rgba(12, 21, 35, 0.82);\n    }\n\n    .reply-grid {\n      gap: 12px;\n      margin-top: 14px;\n    }\n\n    .reply-section {\n      border-radius: 18px;\n      padding: 16px;\n    }\n\n    .landing-page {\n      padding: 18px 16px 12px;\n      display: grid;\n      gap: 22px;\n      align-items: stretch;\n      justify-items: center;\n      text-align: center;\n      width: 100%;\n      max-width: min(760px, 100%);\n      margin: 0 auto;\n      box-sizing: border-box;\n    }\n\n    .landing-logo {\n      display: none;\n    }\n\n    .landing-title {\n      font-family: var(--font-display);\n      font-size: clamp(30px, 4vw, 46px);\n      line-height: 1.08;\n      letter-spacing: -0.03em;\n      margin: 0 auto;\n      max-width: min(40ch, 100%);\n      text-align: center;\n    }\n\n    .landing-subtitle {\n      max-width: min(62ch, 100%);\n      margin: 0 auto;\n      color: var(--muted);\n      line-height: 1.75;\n      text-align: center;\n    }\n\n    .landing-actions {\n      display: grid;\n      grid-template-columns: minmax(0, 1fr) minmax(0, 1fr);\n      gap: 12px;\n      width: 100%;\n      max-width: min(640px, 100%);\n      margin: 0 auto;\n    }\n\n    .landing-card {\n      min-height: 156px;\n      justify-content: flex-start;\n      padding: 18px;\n      border-radius: 22px;\n      gap: 8px;\n    }\n\n    .landing-card-title {\n      font-size: 15px;\n    }\n\n    .landing-growth {\n      gap: 16px;\n      width: 100%;\n      max-width: min(820px, 100%);\n      margin-left: auto;\n      margin-right: auto;\n    }\n\n    .landing-sharebar {\n      padding: 16px 18px;\n      border-radius: 20px;\n    }\n\n    .landing-starter-grid {\n      grid-template-columns: repeat(2, minmax(0, 1fr));\n      gap: 14px;\n    }\n\n    .landing-starter {\n      min-height: 114px;\n      border-radius: 20px;\n      padding: 18px;\n    }\n\n    .chat-bottom-composer {\n      position: relative;\n      bottom: auto;\n      z-index: 1;\n      padding-top: 10px;\n      background: transparent;\n    }\n\n    .chat-bottom-composer form {\n      border-radius: 22px;\n      border: 1px solid rgba(232, 184, 109, 0.16);\n      background: rgba(6, 12, 22, 0.9);\n      padding: 14px;\n      box-shadow: 0 20px 36px rgba(2, 7, 18, 0.28);\n    }\n\n    .chat-bottom-composer textarea {\n      min-height: 92px;\n      border-radius: 18px;\n      background: rgba(3, 8, 17, 0.88);\n    }\n\n    .chat-bottom-composer .form-row,\n    .chat-bottom-composer .composer-actions {\n      align-items: center;\n    }\n\n    .panel.panel-secondary,\n    .panel.panel-utility {\n      background:\n        linear-gradient(180deg, rgba(255,255,255,0.028), transparent 34%),\n        rgba(8, 14, 25, 0.66);\n    }\n\n    .auth-modal {\n      width: min(92vw, 720px);\n    }\n\n    @media (max-width: 1180px) {\n      .layout {\n        grid-template-columns: minmax(0, 1fr) 292px;\n      }\n\n      .hero-grid {\n        grid-template-columns: minmax(0, 1fr) minmax(290px, 0.9fr);\n      }\n    }\n\n    @media (max-width: 980px) {\n      .hero-grid,\n      .layout {\n        grid-template-columns: 1fr;\n        grid-template-areas:\n          "main"\n          "aside";\n      }\n\n      .sidebar-stack {\n        position: static;\n      }\n\n      .landing-actions,\n      .landing-starter-grid {\n        grid-template-columns: 1fr;\n      }\n\n      .chat-shell {\n        min-height: auto;\n      }\n    }\n\n    @media (max-width: 720px) {\n      .app {\n        padding: 16px 14px 36px;\n      }\n\n      .top-nav {\n        top: 8px;\n        flex-direction: column;\n        align-items: stretch;\n      }\n\n      .nav-toolbar {\n        justify-content: flex-start;\n      }\n\n      .nav-session-pill {\n        max-width: none;\n        white-space: normal;\n      }\n\n      .hero,\n      .chat-shell,\n      .panel {\n        padding: 18px;\n      }\n\n      .conversation-title-block h2,\n      .landing-title {\n        font-size: clamp(28px, 10vw, 40px);\n      }\n\n      .chat-bubble {\n        max-width: 100%;\n      }\n    }\n\n    /* 2026 second-pass refinement: cleaner nav, toolbar, and new-thread landing */\n    .top-nav .auth-pill {\n      flex-shrink: 0;\n    }\n\n    .conversation-toolbar {\n      display: grid;\n      justify-items: end;\n      gap: 10px;\n      min-width: 0;\n      padding-left: 8px;\n      padding-right: max(14px, env(safe-area-inset-right, 0px));\n      box-sizing: border-box;\n    }\n\n    .conversation-toolbar-main,\n    .conversation-toolbar-meta {\n      display: flex;\n      flex-wrap: wrap;\n      gap: 10px;\n      align-items: center;\n      justify-content: flex-end;\n    }\n\n    .conversation-toolbar-meta {\n      padding: 10px 14px 10px 16px;\n      border-radius: 16px;\n      border: 1px solid rgba(255, 255, 255, 0.08);\n      background: rgba(255, 255, 255, 0.03);\n    }\n\n    .conversation-reset-btn {\n      display: inline-flex;\n      align-items: center;\n      justify-content: center;\n      padding: 8px 14px;\n      border-radius: 999px;\n      border: 1px solid rgba(121, 217, 239, 0.22);\n      background: rgba(121, 217, 239, 0.08);\n      color: #9fe8f3;\n      font-size: 12px;\n      font-weight: 700;\n      text-decoration: none;\n      white-space: nowrap;\n      transition: transform 160ms ease, border-color 160ms ease, background 160ms ease;\n    }\n\n    .conversation-reset-btn:hover {\n      transform: translateY(-1px);\n      border-color: rgba(121, 217, 239, 0.38);\n      background: rgba(121, 217, 239, 0.14);\n    }\n\n    .conversation-reset-btn[disabled] {\n      opacity: 0.58;\n      cursor: wait;\n      transform: none;\n    }\n\n    .conversation-thread-controls {\n      display: flex;\n      flex-wrap: wrap;\n      align-items: center;\n      gap: 10px;\n      padding: 4px 8px 14px;\n    }\n\n    .conversation-thread-status {\n      min-height: 18px;\n      color: var(--muted);\n      font-size: 12px;\n      line-height: 1.4;\n    }\n\n    .conversation-thread-status.is-error {\n      color: #fda4af;\n    }\n\n    .landing-hero-grid {\n      display: grid;\n      grid-template-columns: minmax(0, 1fr);\n      gap: 12px;\n      align-items: stretch;\n      width: 100%;\n      max-width: min(720px, 100%);\n      margin: 0 auto;\n      justify-items: center;\n    }\n\n    .landing-intro {\n      display: grid;\n      gap: 8px;\n      align-content: start;\n      justify-items: center;\n      width: 100%;\n      max-width: 100%;\n      padding: 14px 16px;\n      border-radius: 20px;\n      border: 1px solid rgba(232, 184, 109, 0.14);\n      background:\n        radial-gradient(circle at top right, rgba(121, 217, 239, 0.08), transparent 28%),\n        linear-gradient(180deg, rgba(255,255,255,0.04), transparent 26%),\n        rgba(6, 13, 24, 0.68);\n      box-shadow: inset 0 1px 0 rgba(255, 255, 255, 0.04);\n      box-sizing: border-box;\n    }\n\n    .landing-kicker {\n      display: inline-flex;\n      align-items: center;\n      width: fit-content;\n      padding: 7px 11px;\n      border-radius: 999px;\n      border: 1px solid rgba(232, 184, 109, 0.16);\n      background: rgba(232, 184, 109, 0.06);\n      color: #f3d79c;\n      font-size: 11px;\n      letter-spacing: 0.16em;\n      text-transform: uppercase;\n      justify-self: center;\n    }\n\n    .landing-logo {\n      display: grid;\n      margin: 0;\n      transform: scale(0.82);\n      transform-origin: center top;\n      justify-self: center;\n    }\n\n    .landing-intro-pills {\n      display: flex;\n      flex-wrap: wrap;\n      gap: 7px;\n      justify-content: center;\n    }\n\n    .landing-intro-pill {\n      display: inline-flex;\n      align-items: center;\n      padding: 8px 12px;\n      border-radius: 999px;\n      border: 1px solid rgba(255, 255, 255, 0.1);\n      background: rgba(255, 255, 255, 0.04);\n      color: #dfe8f6;\n      font-size: 11px;\n      line-height: 1;\n    }\n\n    .landing-actions {\n      max-width: 100%;\n      margin-top: -2px;\n      gap: 10px;\n    }\n\n    .landing-card {\n      min-height: 118px;\n      justify-content: flex-start;\n      align-items: center;\n      padding: 14px;\n      border-radius: 18px;\n      gap: 6px;\n      text-align: center;\n    }\n\n    .landing-card-icon {\n      width: 40px;\n      height: 40px;\n      border-radius: 14px;\n    }\n\n    .landing-card-icon,\n    .landing-card-title,\n    .landing-card-desc {\n      text-align: center;\n      align-self: center;\n    }\n\n    .landing-card-desc {\n      font-size: 10.5px;\n      line-height: 1.35;\n    }\n\n    /* Naam japa \xe2\x80\x94 Hari \xc5\x9bara\xe1\xb9\x87am sanctuary */\n    .naam-japa-sanctuary {\n      position: relative;\n      margin: 8px clamp(14px, 4vw, 42px) 22px;\n      border-radius: 26px;\n      isolation: isolate;\n      overflow: hidden;\n      box-shadow:\n        0 0 0 1px rgba(255, 231, 176, 0.14),\n        0 22px 55px rgba(15, 18, 42, 0.55);\n    }\n\n    .naam-japa-sanctuary::before {\n      content: "";\n      position: absolute;\n      inset: -40%;\n      background:\n        radial-gradient(circle at 22% 38%, rgba(255, 214, 140, 0.22), transparent 52%),\n        radial-gradient(circle at 78% 62%, rgba(120, 168, 255, 0.14), transparent 48%),\n        radial-gradient(circle at 50% 108%, rgba(255, 190, 120, 0.12), transparent 55%);\n      opacity: 0.85;\n      z-index: 0;\n      animation: naamAuraDrift 14s ease-in-out infinite alternate;\n      pointer-events: none;\n    }\n\n    .naam-japa-sanctuary.is-open::before {\n      opacity: 1;\n      animation-duration: 18s;\n    }\n\n    .naam-japa-sanctuary__inner {\n      position: relative;\n      z-index: 1;\n      padding: clamp(14px, 3vw, 22px);\n      background: linear-gradient(\n        145deg,\n        rgba(22, 26, 52, 0.94) 0%,\n        rgba(18, 22, 46, 0.92) 42%,\n        rgba(26, 22, 44, 0.9) 100%\n      );\n      backdrop-filter: blur(14px);\n    }\n\n    .naam-japa-sparkles {\n      position: absolute;\n      inset: 0;\n      z-index: 0;\n      pointer-events: none;\n      opacity: 0.35;\n      transition: opacity 0.55s ease;\n    }\n\n    .naam-japa-sanctuary.is-open .naam-japa-sparkles {\n      opacity: 0.72;\n    }\n\n    .naam-japa-sparkles span {\n      position: absolute;\n      width: 5px;\n      height: 5px;\n      border-radius: 50%;\n      background: radial-gradient(circle, #fff7e0 0%, rgba(255, 215, 140, 0.2) 70%, transparent 100%);\n      animation: naamSparkFloat 9s ease-in-out infinite;\n      opacity: 0.55;\n    }\n\n    .naam-japa-sparkles span:nth-child(1) {\n      left: 12%;\n      top: 22%;\n      animation-delay: 0s;\n    }\n\n    .naam-japa-sparkles span:nth-child(2) {\n      left: 78%;\n      top: 18%;\n      animation-delay: 1.4s;\n    }\n\n    .naam-japa-sparkles span:nth-child(3) {\n      left: 44%;\n      top: 68%;\n      animation-delay: 2.6s;\n    }\n\n    .naam-japa-sparkles span:nth-child(4) {\n      left: 88%;\n      top: 58%;\n      animation-delay: 3.4s;\n    }\n\n    .naam-japa-teaser {\n      position: relative;\n      width: 100%;\n      display: flex;\n      align-items: center;\n      justify-content: center;\n      gap: 14px;\n      flex-wrap: wrap;\n      padding: 16px 18px;\n      border: none;\n      border-radius: 18px;\n      cursor: pointer;\n      font-family: inherit;\n      color: #fff9ec;\n      background: linear-gradient(\n        118deg,\n        rgba(255, 206, 120, 0.22) 0%,\n        rgba(68, 92, 210, 0.18) 48%,\n        rgba(255, 168, 96, 0.15) 100%\n      );\n      box-shadow:\n        inset 0 1px 0 rgba(255, 255, 255, 0.12),\n        0 12px 34px rgba(12, 14, 36, 0.45);\n      transition:\n        transform 0.38s cubic-bezier(0.22, 1, 0.36, 1),\n        box-shadow 0.38s ease,\n        filter 0.38s ease;\n    }\n\n    .naam-japa-teaser:focus-visible {\n      outline: 2px solid rgba(255, 224, 160, 0.95);\n      outline-offset: 3px;\n    }\n\n    .naam-japa-teaser:hover {\n      transform: translateY(-2px);\n      filter: brightness(1.06);\n      box-shadow:\n        inset 0 1px 0 rgba(255, 255, 255, 0.18),\n        0 18px 42px rgba(14, 18, 52, 0.55);\n    }\n\n    .naam-japa-teaser:active {\n      transform: translateY(0);\n    }\n\n    .naam-japa-teaser-icon {\n      display: inline-flex;\n      align-items: center;\n      justify-content: center;\n      width: 46px;\n      height: 46px;\n      border-radius: 16px;\n      background: radial-gradient(circle at 35% 30%, rgba(255, 248, 220, 0.95), rgba(255, 186, 96, 0.35));\n      box-shadow:\n        0 0 0 1px rgba(255, 228, 180, 0.55),\n        0 10px 24px rgba(255, 180, 80, 0.25);\n      font-size: 22px;\n      line-height: 1;\n      animation: naamPulse 2.8s ease-in-out infinite;\n    }\n\n    .naam-japa-sanctuary.is-open .naam-japa-teaser-icon {\n      animation-duration: 3.6s;\n    }\n\n    .naam-japa-teaser-copy {\n      text-align: left;\n      flex: 1 1 220px;\n    }\n\n    .naam-japa-teaser-kicker {\n      margin: 0 0 4px;\n      font-size: 11px;\n      letter-spacing: 0.24em;\n      text-transform: uppercase;\n      color: rgba(255, 232, 196, 0.82);\n    }\n\n    .naam-japa-teaser-title {\n      margin: 0;\n      font-size: clamp(17px, 2.4vw, 21px);\n      font-weight: 650;\n      letter-spacing: 0.02em;\n      color: #fffdf4;\n    }\n\n    .naam-japa-teaser-hint {\n      margin: 6px 0 0;\n      font-size: 13px;\n      line-height: 1.45;\n      color: rgba(231, 236, 255, 0.82);\n    }\n\n    .naam-japa-chevron {\n      flex-shrink: 0;\n      width: 28px;\n      height: 28px;\n      border-radius: 50%;\n      display: inline-flex;\n      align-items: center;\n      justify-content: center;\n      background: rgba(255, 255, 255, 0.08);\n      transition: transform 0.45s cubic-bezier(0.22, 1, 0.36, 1);\n    }\n\n    .naam-japa-sanctuary.is-open .naam-japa-chevron {\n      transform: rotate(180deg);\n    }\n\n    .naam-japa-panel {\n      max-height: 0;\n      opacity: 0;\n      overflow: hidden;\n      transition:\n        max-height 0.65s cubic-bezier(0.22, 1, 0.36, 1),\n        opacity 0.45s ease;\n      pointer-events: none;\n    }\n\n    .naam-japa-sanctuary.is-open .naam-japa-panel {\n      max-height: 560px;\n      opacity: 1;\n      pointer-events: auto;\n      margin-top: 14px;\n    }\n\n    .naam-japa-panel-inner {\n      padding: 6px 4px 4px;\n      border-radius: 18px;\n      border: 1px solid rgba(255, 228, 180, 0.14);\n      background: rgba(8, 10, 28, 0.55);\n    }\n\n    .naam-japa-mantra-row {\n      display: flex;\n      flex-wrap: wrap;\n      gap: 12px 18px;\n      align-items: baseline;\n      justify-content: space-between;\n      margin-bottom: 12px;\n    }\n\n    .naam-japa-mantra-deva {\n      margin: 0;\n      font-size: clamp(26px, 4.2vw, 36px);\n      font-weight: 700;\n      letter-spacing: 0.04em;\n      background: linear-gradient(120deg, #fff8e8, #ffdca0, #c8d6ff);\n      -webkit-background-clip: text;\n      background-clip: text;\n      color: transparent;\n      text-shadow: 0 0 40px rgba(255, 220, 160, 0.25);\n    }\n\n    .naam-japa-mantra-iast {\n      margin: 4px 0 0;\n      font-size: 14px;\n      letter-spacing: 0.06em;\n      color: rgba(214, 222, 255, 0.82);\n      font-weight: 500;\n    }\n\n    .naam-japa-audio-wrap {\n      display: flex;\n      flex-wrap: wrap;\n      align-items: center;\n      gap: 10px;\n    }\n\n    .naam-japa-play {\n      display: inline-flex;\n      align-items: center;\n      gap: 8px;\n      padding: 10px 16px;\n      border-radius: 999px;\n      border: 1px solid rgba(255, 216, 150, 0.45);\n      background: linear-gradient(118deg, rgba(255, 206, 130, 0.22), rgba(96, 120, 220, 0.2));\n      color: #fff7e8;\n      font-family: inherit;\n      font-size: 13px;\n      font-weight: 600;\n      cursor: pointer;\n      transition:\n        transform 0.22s ease,\n        box-shadow 0.22s ease,\n        border-color 0.22s ease;\n    }\n\n    .naam-japa-play:focus-visible {\n      outline: 2px solid rgba(255, 224, 160, 0.95);\n      outline-offset: 2px;\n    }\n\n    .naam-japa-play:hover:not(:disabled) {\n      transform: translateY(-1px);\n      box-shadow: 0 10px 28px rgba(18, 22, 52, 0.45);\n    }\n\n    .naam-japa-play:disabled {\n      opacity: 0.5;\n      cursor: not-allowed;\n    }\n\n    .naam-japa-audio-status {\n      font-size: 12px;\n      color: rgba(214, 220, 255, 0.72);\n      min-height: 1.2em;\n    }\n\n    .naam-japa-body {\n      margin: 14px 0 0;\n      padding-top: 12px;\n      border-top: 1px solid rgba(255, 255, 255, 0.08);\n    }\n\n    .naam-japa-body p {\n      margin: 0 0 12px;\n      font-size: 14px;\n      line-height: 1.62;\n      color: rgba(232, 236, 255, 0.88);\n    }\n\n    .naam-japa-body p:last-child {\n      margin-bottom: 0;\n    }\n\n    .naam-japa-muted {\n      font-size: 12px;\n      line-height: 1.55;\n      color: rgba(196, 204, 232, 0.72);\n    }\n\n    @keyframes naamAuraDrift {\n      0% {\n        transform: translate(-2%, -1%) scale(1);\n      }\n      100% {\n        transform: translate(2%, 1%) scale(1.05);\n      }\n    }\n\n    @keyframes naamSparkFloat {\n      0%,\n      100% {\n        transform: translateY(0) scale(1);\n        opacity: 0.35;\n      }\n      50% {\n        transform: translateY(-14px) scale(1.15);\n        opacity: 0.85;\n      }\n    }\n\n    @keyframes naamPulse {\n      0%,\n      100% {\n        transform: scale(1);\n        box-shadow:\n          0 0 0 1px rgba(255, 228, 180, 0.55),\n          0 10px 24px rgba(255, 180, 80, 0.25);\n      }\n      50% {\n        transform: scale(1.04);\n        box-shadow:\n          0 0 0 1px rgba(255, 236, 200, 0.65),\n          0 14px 36px rgba(255, 190, 96, 0.38);\n      }\n    }\n\n    @media (prefers-reduced-motion: reduce) {\n      .naam-japa-sanctuary::before,\n      .naam-japa-sparkles span,\n      .naam-japa-teaser-icon {\n        animation: none !important;\n      }\n\n      .naam-japa-teaser:hover {\n        transform: none;\n      }\n\n      .naam-japa-panel {\n        transition: opacity 0.2s ease;\n      }\n\n      .naam-japa-sanctuary.is-open .naam-japa-panel {\n        max-height: none;\n      }\n    }\n\n    a.nav-comments {\n      border-color: rgba(121, 217, 239, 0.3) !important;\n      background: linear-gradient(\n        145deg,\n        rgba(121, 217, 239, 0.14),\n        rgba(255, 255, 255, 0.03)\n      ) !important;\n    }\n\n    a.nav-comments:hover {\n      border-color: rgba(121, 217, 239, 0.48) !important;\n    }\n\n    .nav-session-pill {\n      max-width: min(220px, 42vw);\n      overflow: hidden;\n      text-overflow: ellipsis;\n      white-space: nowrap;\n    }\n\n    .community-preview {\n      margin: 22px clamp(14px, 4vw, 42px) 18px;\n      scroll-margin-top: 96px;\n    }\n\n    .community-preview-teaser {\n      width: 100%;\n      display: flex;\n      align-items: center;\n      gap: 14px;\n      flex-wrap: wrap;\n      padding: 16px 18px;\n      border: none;\n      border-radius: 18px;\n      cursor: pointer;\n      font-family: inherit;\n      color: #fff9ec;\n      background: linear-gradient(\n        118deg,\n        rgba(121, 217, 239, 0.14) 0%,\n        rgba(68, 92, 210, 0.14) 48%,\n        rgba(255, 206, 120, 0.12) 100%\n      );\n      box-shadow:\n        inset 0 1px 0 rgba(255, 255, 255, 0.1),\n        0 12px 34px rgba(12, 14, 36, 0.42);\n      transition:\n        transform 0.38s cubic-bezier(0.22, 1, 0.36, 1),\n        box-shadow 0.38s ease,\n        filter 0.38s ease;\n      text-align: left;\n    }\n\n    .community-preview-teaser:focus-visible {\n      outline: 2px solid rgba(255, 224, 160, 0.95);\n      outline-offset: 3px;\n    }\n\n    .community-preview-teaser:hover {\n      transform: translateY(-2px);\n      filter: brightness(1.05);\n      box-shadow:\n        inset 0 1px 0 rgba(255, 255, 255, 0.14),\n        0 18px 42px rgba(14, 18, 52, 0.48);\n    }\n\n    .community-preview-teaser:active {\n      transform: translateY(0);\n    }\n\n    .community-preview-teaser-icon {\n      display: inline-flex;\n      align-items: center;\n      justify-content: center;\n      width: 46px;\n      height: 46px;\n      border-radius: 16px;\n      flex-shrink: 0;\n      color: rgba(10, 24, 44, 0.92);\n      background: radial-gradient(circle at 35% 30%, rgba(255, 248, 220, 0.92), rgba(121, 217, 239, 0.35));\n      box-shadow:\n        0 0 0 1px rgba(255, 228, 180, 0.45),\n        0 10px 24px rgba(80, 120, 200, 0.22);\n    }\n\n    .community-preview-teaser-icon svg {\n      display: block;\n    }\n\n    .community-preview-teaser-copy {\n      flex: 1 1 220px;\n      min-width: 0;\n    }\n\n    .community-preview-teaser-kicker {\n      display: block;\n      margin-bottom: 4px;\n      font-size: 11px;\n      letter-spacing: 0.22em;\n      text-transform: uppercase;\n      color: rgba(160, 210, 240, 0.88);\n    }\n\n    .community-preview-teaser-title {\n      display: block;\n      font-size: clamp(17px, 2.4vw, 21px);\n      font-weight: 650;\n      letter-spacing: 0.02em;\n      color: #fffdf4;\n    }\n\n    .community-preview-teaser-hint {\n      display: block;\n      margin-top: 6px;\n      font-size: 13px;\n      line-height: 1.45;\n      color: rgba(231, 236, 255, 0.78);\n    }\n\n    .community-preview-chevron {\n      flex-shrink: 0;\n      width: 28px;\n      height: 28px;\n      border-radius: 50%;\n      display: inline-flex;\n      align-items: center;\n      justify-content: center;\n      background: rgba(255, 255, 255, 0.08);\n      color: rgba(255, 245, 230, 0.92);\n      transition: transform 0.45s cubic-bezier(0.22, 1, 0.36, 1);\n    }\n\n    .community-preview.is-open .community-preview-chevron {\n      transform: rotate(180deg);\n    }\n\n    .community-preview-panel {\n      max-height: 0;\n      opacity: 0;\n      overflow: hidden;\n      transition:\n        max-height 0.65s cubic-bezier(0.22, 1, 0.36, 1),\n        opacity 0.45s ease;\n      pointer-events: none;\n    }\n\n    .community-preview.is-open .community-preview-panel {\n      max-height: min(3200px, 92vh);\n      opacity: 1;\n      pointer-events: auto;\n      margin-top: 14px;\n    }\n\n    .community-preview-lead--panel {\n      max-width: none;\n    }\n\n    @media (prefers-reduced-motion: reduce) {\n      .community-preview-teaser:hover {\n        transform: none;\n      }\n\n      .community-preview-panel {\n        transition: opacity 0.2s ease;\n      }\n\n      .community-preview.is-open .community-preview-panel {\n        max-height: none;\n      }\n    }\n\n    .community-preview-inner {\n      border-radius: 22px;\n      padding: clamp(14px, 3vw, 22px);\n      border: 1px solid rgba(121, 217, 239, 0.16);\n      background:\n        radial-gradient(circle at 92% 8%, rgba(121, 217, 239, 0.09), transparent 42%),\n        linear-gradient(180deg, rgba(255, 255, 255, 0.03), transparent 40%),\n        rgba(7, 13, 24, 0.82);\n      box-shadow: 0 20px 48px rgba(2, 7, 18, 0.38);\n    }\n\n    .community-preview-head {\n      display: flex;\n      flex-wrap: wrap;\n      gap: 14px;\n      justify-content: space-between;\n      align-items: flex-start;\n      margin-bottom: 14px;\n    }\n\n    .community-preview-kicker {\n      margin-bottom: 6px;\n      color: rgba(160, 210, 240, 0.85);\n    }\n\n    .community-preview-title {\n      margin: 0 0 8px;\n      font-size: clamp(18px, 2.4vw, 22px);\n      font-family: var(--font-display);\n      color: #fff8ec;\n      letter-spacing: -0.02em;\n    }\n\n    .community-preview-lead {\n      margin: 0;\n      font-size: 13px;\n      line-height: 1.55;\n      color: var(--muted);\n      max-width: 52ch;\n    }\n\n    .community-preview-full {\n      flex-shrink: 0;\n      font-size: 12px;\n      font-weight: 600;\n      padding: 10px 14px;\n      border-radius: 999px;\n      border: 1px solid rgba(232, 184, 109, 0.35);\n      color: var(--divine-gold);\n      text-decoration: none;\n      background: rgba(232, 184, 109, 0.08);\n    }\n\n    .community-preview-full:hover {\n      border-color: rgba(232, 184, 109, 0.55);\n      background: rgba(232, 184, 109, 0.12);\n    }\n\n    .community-preview-compose {\n      display: grid;\n      gap: 8px;\n      margin-bottom: 14px;\n    }\n\n    .community-preview-label {\n      font-size: 12px;\n      color: var(--muted);\n    }\n\n    .community-preview-compose textarea {\n      width: 100%;\n      border-radius: 14px;\n      border: 1px solid rgba(255, 255, 255, 0.12);\n      background: rgba(4, 10, 19, 0.88);\n      color: #eaf0ff;\n      padding: 10px 12px;\n      font-family: inherit;\n      font-size: 13px;\n      line-height: 1.5;\n      resize: vertical;\n      min-height: 52px;\n    }\n\n    .community-preview-post-btn {\n      justify-self: start;\n      border: none;\n      cursor: pointer;\n      border-radius: 999px;\n      padding: 9px 18px;\n      font-family: inherit;\n      font-weight: 700;\n      font-size: 12px;\n      background: linear-gradient(130deg, rgba(232, 200, 114, 0.88), rgba(178, 140, 72, 0.82));\n      color: #161008;\n    }\n\n    .community-preview-signin-hint {\n      margin: 0 0 12px;\n      font-size: 13px;\n      color: var(--muted);\n      line-height: 1.55;\n    }\n\n    .community-preview-thread {\n      border-radius: 14px;\n      padding: 12px;\n      margin-bottom: 10px;\n      border: 1px solid rgba(255, 255, 255, 0.08);\n      background: rgba(4, 10, 20, 0.45);\n    }\n\n    .community-preview-meta {\n      font-size: 11px;\n      color: var(--muted);\n      margin-bottom: 6px;\n    }\n\n    .community-preview-meta strong {\n      color: rgba(232, 210, 160, 0.95);\n      font-weight: 600;\n    }\n\n    .community-preview-body {\n      margin: 0;\n      font-size: 13px;\n      line-height: 1.55;\n      white-space: pre-wrap;\n      color: rgba(232, 236, 255, 0.92);\n    }\n\n    .community-preview-replies {\n      margin-top: 10px;\n      padding-left: 12px;\n      border-left: 2px solid rgba(232, 200, 114, 0.22);\n      display: grid;\n      gap: 8px;\n    }\n\n    .community-preview-reply-form {\n      margin-top: 10px;\n      display: grid;\n      gap: 6px;\n    }\n\n    .community-preview-reply-form textarea {\n      min-height: 48px;\n      font-size: 12px;\n      border-radius: 12px;\n      border: 1px solid rgba(255, 255, 255, 0.1);\n      background: rgba(4, 10, 19, 0.75);\n      color: #eaf0ff;\n      padding: 8px 10px;\n      font-family: inherit;\n      resize: vertical;\n    }\n\n    .community-preview-reply-btn {\n      justify-self: start;\n      border: 1px solid rgba(121, 217, 239, 0.4);\n      background: rgba(121, 217, 239, 0.1);\n      color: #d4eefc;\n      border-radius: 999px;\n      padding: 7px 14px;\n      font-size: 11px;\n      font-weight: 600;\n      cursor: pointer;\n      font-family: inherit;\n    }\n\n    .community-preview-load-wrap {\n      display: flex;\n      flex-wrap: wrap;\n      align-items: center;\n      gap: 12px;\n      margin-top: 8px;\n    }\n\n    .community-preview-more {\n      font-size: 12px;\n      padding: 8px 14px;\n    }\n\n    .community-preview-status {\n      margin: 8px 0 0;\n      font-size: 12px;\n      min-height: 1.2em;\n      color: rgba(230, 180, 170, 0.85);\n    }\n\n    .community-preview-status.is-ok {\n      color: rgba(155, 217, 196, 0.9);\n    }\n\n    .hero-signal-card .today-kicker {\n      margin: 0;\n      color: #f1d48e;\n      font-size: 12px;\n      letter-spacing: 0.18em;\n      text-transform: uppercase;\n    }\n\n    .hero-signal-verse {\n      margin: 0;\n      font-size: clamp(24px, 2.7vw, 36px);\n      line-height: 1.28;\n      color: #fff7df;\n      font-weight: 700;\n    }\n\n    .hero-signal-note {\n      margin: 0;\n      color: var(--text-muted);\n      font-size: 14px;\n      line-height: 1.7;\n    }\n\n    .landing-title {\n      font-size: clamp(24px, 3.1vw, 38px);\n      line-height: 1.04;\n      max-width: min(38ch, 100%);\n      margin-left: auto;\n      margin-right: auto;\n      text-align: center;\n    }\n\n    .landing-subtitle {\n      max-width: min(72ch, 100%);\n      margin-left: auto;\n      margin-right: auto;\n      font-size: 14px;\n      line-height: 1.55;\n      text-align: center;\n    }\n\n    .landing-intro-pill {\n      padding: 7px 11px;\n      font-size: 10.5px;\n    }\n\n    @media (max-width: 980px) {\n      .conversation-panel-head {\n        align-items: stretch;\n      }\n\n      .conversation-toolbar {\n        justify-items: stretch;\n      }\n\n      .conversation-toolbar-main,\n      .conversation-toolbar-meta {\n        justify-content: flex-start;\n      }\n\n      .landing-intro {\n        padding: 16px;\n      }\n    }\n\n    @media (max-width: 720px) {\n      .conversation-toolbar-main,\n      .conversation-toolbar-meta {\n        width: 100%;\n      }\n\n      .conversation-reset-btn {\n        width: 100%;\n        justify-content: center;\n      }\n\n      .landing-intro-pills {\n        flex-direction: column;\n      }\n    }\n\n    /* \xe2\x80\x94\xe2\x80\x94 Sanctum pass: calmer \xe2\x80\x9cfuture-temple\xe2\x80\x9d chrome (above prior rules) \xe2\x80\x94\xe2\x80\x94 */\n    body.gita-sanctum .top-nav {\n      border: 1px solid rgba(232, 184, 109, 0.22);\n      background: linear-gradient(165deg, rgba(20, 24, 40, 0.92) 0%, rgba(6, 10, 20, 0.88) 100%);\n      box-shadow:\n        0 0 0 1px rgba(0, 0, 0, 0.28),\n        0 22px 60px rgba(2, 4, 10, 0.55),\n        inset 0 1px 0 rgba(255, 255, 255, 0.06);\n      border-radius: 24px;\n    }\n    body.gita-sanctum .eyebrow {\n      letter-spacing: 0.22em;\n      font-family: var(--font-ui);\n      color: #f0dfa8;\n    }\n    body.gita-sanctum .hero {\n      border: 1px solid rgba(232, 184, 109, 0.32);\n      background:\n        radial-gradient(ellipse 90% 50% at 0% 0%, rgba(232, 184, 109, 0.1), transparent 40%),\n        linear-gradient(152deg, rgba(12, 16, 30, 0.92) 0%, rgba(18, 28, 45, 0.82) 50%, rgba(32, 22, 40, 0.78) 100%);\n      box-shadow:\n        0 0 0 1px rgba(0, 0, 0, 0.25),\n        0 28px 64px rgba(2, 4, 10, 0.55);\n    }\n    body.gita-sanctum .hero h1,\n    body.gita-sanctum .panel h2,\n    body.gita-sanctum .panel h3,\n    body.gita-sanctum .message-stream h1 {\n      font-family: var(--font-display);\n      font-weight: 600;\n      text-shadow: 0 0 50px rgba(232, 184, 109, 0.16);\n    }\n    body.gita-sanctum .hero.hero-sanctum .hero-grid {\n      flex: 1 1 auto;\n    }\n\n    /* \xe2\x94\x80\xe2\x94\x80 Mood Check-In Strip \xe2\x94\x80\xe2\x94\x80\xe2\x94\x80\xe2\x94\x80\xe2\x94\x80\xe2\x94\x80\xe2\x94\x80\xe2\x94\x80\xe2\x94\x80\xe2\x94\x80\xe2\x94\x80\xe2\x94\x80\xe2\x94\x80\xe2\x94\x80\xe2\x94\x80\xe2\x94\x80\xe2\x94\x80\xe2\x94\x80\xe2\x94\x80\xe2\x94\x80\xe2\x94\x80\xe2\x94\x80\xe2\x94\x80\xe2\x94\x80\xe2\x94\x80\xe2\x94\x80\xe2\x94\x80\xe2\x94\x80\xe2\x94\x80\xe2\x94\x80\xe2\x94\x80\xe2\x94\x80\xe2\x94\x80\xe2\x94\x80\xe2\x94\x80\xe2\x94\x80\xe2\x94\x80\xe2\x94\x80\xe2\x94\x80 */\n    .mood-strip {\n      margin: 18px 0 0;\n      padding: 18px 20px;\n      border-radius: 18px;\n      border: 1px solid rgba(232,184,109,0.2);\n      background: linear-gradient(135deg, rgba(232,184,109,0.07), rgba(107,78,158,0.06));\n      backdrop-filter: blur(10px);\n    }\n    .mood-strip-title {\n      font-size: 13px;\n      font-weight: 700;\n      color: var(--text-muted);\n      letter-spacing: 0.06em;\n      text-transform: uppercase;\n      margin-bottom: 12px;\n    }\n    .mood-pills {\n      display: flex;\n      flex-wrap: wrap;\n      gap: 8px;\n    }\n    .mood-pill {\n      display: inline-flex;\n      align-items: center;\n      gap: 5px;\n      padding: 7px 14px;\n      border-radius: 999px;\n      border: 1px solid rgba(255,255,255,0.12);\n      background: rgba(255,255,255,0.05);\n      color: var(--text-muted);\n      font-size: 13px;\n      font-weight: 600;\n      cursor: pointer;\n      transition: all 0.18s ease;\n      font-family: inherit;\n    }\n    .mood-pill:hover,\n    .mood-pill.active {\n      border-color: rgba(232,184,109,0.55);\n      background: rgba(232,184,109,0.14);\n      color: #f3d694;\n      transform: translateY(-1px);\n      box-shadow: 0 4px 14px rgba(232,184,109,0.15);\n    }\n    .mood-pill .mood-emoji { font-size: 16px; line-height: 1; }\n\n    /* \xe2\x94\x80\xe2\x94\x80 Enhanced Reply Action Bar \xe2\x94\x80\xe2\x94\x80\xe2\x94\x80\xe2\x94\x80\xe2\x94\x80\xe2\x94\x80\xe2\x94\x80\xe2\x94\x80\xe2\x94\x80\xe2\x94\x80\xe2\x94\x80\xe2\x94\x80\xe2\x94\x80\xe2\x94\x80\xe2\x94\x80\xe2\x94\x80\xe2\x94\x80\xe2\x94\x80\xe2\x94\x80\xe2\x94\x80\xe2\x94\x80\xe2\x94\x80\xe2\x94\x80\xe2\x94\x80\xe2\x94\x80\xe2\x94\x80\xe2\x94\x80\xe2\x94\x80\xe2\x94\x80\xe2\x94\x80\xe2\x94\x80\xe2\x94\x80\xe2\x94\x80 */\n    .reply-actions-bar {\n      display: flex;\n      align-items: center;\n      gap: 4px;\n      padding-top: 10px;\n      border-top: 1px solid rgba(255,255,255,0.06);\n      margin-top: 4px;\n      flex-wrap: wrap;\n    }\n    .reply-act-btn {\n      display: inline-flex;\n      align-items: center;\n      gap: 5px;\n      padding: 6px 12px;\n      border-radius: 999px;\n      border: 1px solid rgba(255,255,255,0.1);\n      background: rgba(255,255,255,0.04);\n      color: var(--text-muted);\n      font-size: 12px;\n      font-weight: 600;\n      cursor: pointer;\n      font-family: inherit;\n      transition: all 0.16s ease;\n      user-select: none;\n    }\n    .reply-act-btn:hover { background: rgba(255,255,255,0.09); color: #fff; }\n    .reply-act-btn.act-like:hover, .reply-act-btn.act-like.active {\n      border-color: rgba(74,222,128,0.5); background: rgba(74,222,128,0.1); color: #4ade80;\n    }\n    .reply-act-btn.act-dislike:hover, .reply-act-btn.act-dislike.active {\n      border-color: rgba(248,113,113,0.5); background: rgba(248,113,113,0.1); color: #f87171;\n    }\n    .reply-act-btn.act-copy.copied {\n      border-color: rgba(34,211,238,0.4); background: rgba(34,211,238,0.08); color: #22d3ee;\n    }\n    .reply-act-sep {\n      width: 1px; height: 18px; background: rgba(255,255,255,0.1); margin: 0 4px;\n    }\n\n    /* \xe2\x94\x80\xe2\x94\x80 Social Proof + Streak pill \xe2\x94\x80\xe2\x94\x80\xe2\x94\x80\xe2\x94\x80\xe2\x94\x80\xe2\x94\x80\xe2\x94\x80\xe2\x94\x80\xe2\x94\x80\xe2\x94\x80\xe2\x94\x80\xe2\x94\x80\xe2\x94\x80\xe2\x94\x80\xe2\x94\x80\xe2\x94\x80\xe2\x94\x80\xe2\x94\x80\xe2\x94\x80\xe2\x94\x80\xe2\x94\x80\xe2\x94\x80\xe2\x94\x80\xe2\x94\x80\xe2\x94\x80\xe2\x94\x80\xe2\x94\x80\xe2\x94\x80\xe2\x94\x80\xe2\x94\x80\xe2\x94\x80\xe2\x94\x80 */\n    .hero-meta-pill.social-proof {\n      background: linear-gradient(135deg, rgba(232,184,109,0.18), rgba(232,184,109,0.06));\n      border-color: rgba(232,184,109,0.4);\n      color: #f3d694;\n    }\n    .streak-pill {\n      display: inline-flex;\n      align-items: center;\n      gap: 5px;\n      padding: 4px 12px;\n      border-radius: 999px;\n      border: 1px solid rgba(255,153,0,0.4);\n      background: rgba(255,153,0,0.12);\n      color: #ffa500;\n      font-size: 12px;\n      font-weight: 800;\n      margin-left: 8px;\n      animation: streakPulse 2.4s ease-in-out infinite;\n    }\n    @keyframes streakPulse {\n      0%,100% { box-shadow: 0 0 0 0 rgba(255,153,0,0); }\n      50% { box-shadow: 0 0 10px 3px rgba(255,153,0,0.22); }\n    }\n\n    /* \xe2\x94\x80\xe2\x94\x80 Post-session Verse Card (fullscreen immersive) \xe2\x94\x80\xe2\x94\x80\xe2\x94\x80\xe2\x94\x80\xe2\x94\x80\xe2\x94\x80\xe2\x94\x80\xe2\x94\x80\xe2\x94\x80\xe2\x94\x80\xe2\x94\x80\xe2\x94\x80 */\n    .verse-immersive-card {\n      position: relative;\n      border-radius: 20px;\n      overflow: hidden;\n      min-height: 220px;\n      display: flex;\n      align-items: flex-end;\n      border: 1px solid rgba(232,184,109,0.22);\n      margin-bottom: 8px;\n    }\n    .verse-immersive-bg {\n      position: absolute;\n      inset: 0;\n      background:\n        linear-gradient(to bottom, rgba(5,6,13,0.18) 0%, rgba(5,6,13,0.78) 70%),\n        linear-gradient(135deg, rgba(23,48,68,0.9), rgba(44,22,53,0.85));\n    }\n    .verse-immersive-content {\n      position: relative;\n      z-index: 1;\n      padding: 22px 20px 18px;\n      width: 100%;\n    }\n    .verse-immersive-label {\n      font-size: 10px;\n      letter-spacing: 0.22em;\n      text-transform: uppercase;\n      color: rgba(255,255,255,0.55);\n      margin-bottom: 10px;\n    }\n    .verse-immersive-text {\n      font-family: var(--font-display);\n      font-size: 19px;\n      font-weight: 600;\n      line-height: 1.55;\n      color: #fff7df;\n      margin: 0 0 10px;\n    }\n    .verse-immersive-ref {\n      font-size: 13px;\n      font-weight: 700;\n      color: #f3d694;\n    }\n    .verse-progress-bar {\n      height: 3px;\n      border-radius: 2px;\n      background: rgba(255,255,255,0.12);\n      margin-bottom: 14px;\n      overflow: hidden;\n    }\n    .verse-progress-bar-fill {\n      height: 100%;\n      background: linear-gradient(90deg, #f3d694, #e8b86d);\n      border-radius: 2px;\n      transition: width 0.6s ease;\n    }\n    .verse-immersive-trigger {\n      border: 1px solid rgba(232,184,109,0.38);\n      background: rgba(8, 10, 18, 0.45);\n      color: #f6dc9f;\n      border-radius: 999px;\n      font-size: 12px;\n      font-weight: 700;\n      letter-spacing: 0.04em;\n      padding: 8px 12px;\n      cursor: pointer;\n      margin-top: 10px;\n    }\n    .verse-immersive-overlay {\n      position: fixed;\n      inset: 0;\n      z-index: 900;\n      background: rgba(4, 6, 12, 0.85);\n      display: none;\n      align-items: center;\n      justify-content: center;\n      padding: 18px;\n      backdrop-filter: blur(6px);\n    }\n    .verse-immersive-overlay.open { display: flex; }\n    .verse-immersive-overlay .verse-immersive-card {\n      width: min(780px, 96vw);\n      min-height: 62vh;\n      margin: 0;\n      box-shadow: 0 24px 60px rgba(0,0,0,0.5);\n    }\n    .verse-immersive-close {\n      position: absolute;\n      top: 12px;\n      right: 12px;\n      border: 1px solid rgba(255,255,255,0.22);\n      background: rgba(7, 8, 15, 0.55);\n      color: #fff;\n      width: 36px;\n      height: 36px;\n      border-radius: 999px;\n      cursor: pointer;\n      font-size: 20px;\n      line-height: 1;\n    }\n\n    /* \xe2\x94\x80\xe2\x94\x80 Gratitude journal prompt \xe2\x94\x80\xe2\x94\x80\xe2\x94\x80\xe2\x94\x80\xe2\x94\x80\xe2\x94\x80\xe2\x94\x80\xe2\x94\x80\xe2\x94\x80\xe2\x94\x80\xe2\x94\x80\xe2\x94\x80\xe2\x94\x80\xe2\x94\x80\xe2\x94\x80\xe2\x94\x80\xe2\x94\x80\xe2\x94\x80\xe2\x94\x80\xe2\x94\x80\xe2\x94\x80\xe2\x94\x80\xe2\x94\x80\xe2\x94\x80\xe2\x94\x80\xe2\x94\x80\xe2\x94\x80\xe2\x94\x80\xe2\x94\x80\xe2\x94\x80\xe2\x94\x80\xe2\x94\x80\xe2\x94\x80\xe2\x94\x80\xe2\x94\x80 */\n    .gratitude-prompt-card {\n      padding: 16px 18px;\n      border-radius: 16px;\n      border: 1px solid rgba(107,78,158,0.3);\n      background: linear-gradient(135deg, rgba(107,78,158,0.1), rgba(44,22,53,0.08));\n      margin-top: 12px;\n    }\n    .gratitude-prompt-title {\n      font-size: 12px;\n      letter-spacing: 0.15em;\n      text-transform: uppercase;\n      color: rgba(155,123,168,0.9);\n      font-weight: 700;\n      margin-bottom: 8px;\n    }\n    .gratitude-lines {\n      display: flex;\n      flex-direction: column;\n      gap: 8px;\n    }\n    .gratitude-line {\n      display: flex;\n      align-items: center;\n      gap: 8px;\n      color: var(--text-muted);\n      font-size: 13.5px;\n      border-bottom: 1px solid rgba(255,255,255,0.1);\n      padding-bottom: 6px;\n    }\n    .gratitude-num {\n      font-size: 11px;\n      font-weight: 700;\n      color: rgba(155,123,168,0.7);\n      min-width: 16px;\n    }\n    .gratitude-input {\n      flex: 1;\n      background: transparent;\n      border: none;\n      outline: none;\n      color: var(--text);\n      font-family: inherit;\n      font-size: 13.5px;\n      padding: 0;\n    }\n    .gratitude-input::placeholder { color: rgba(255,255,255,0.25); }\n  </style>\n  <script src="/static/guide_api/js/gita-web-portal.js" defer></script>\n</head>\n<body\n  class="gita-sanctum"\n  data-google-client-id="946531000928-gmopvk9eqk3fv66bagetck977ruclvb6.apps.googleusercontent.com"\n  data-ui-language="en"\n>\n  <div class="page-progress" data-page-progress></div>\n  <div class="aurora-veils"></div>\n  <div class="sacred-grid"></div>\n  <div class="cursor-aura" data-cursor-aura></div>\n  <div class="stardust"></div>\n  <div class="bg-orb orb-1"></div>\n  <div class="bg-orb orb-2"></div>\n  <div class="bg-orb orb-3"></div>\n\n  <main class="app">\n    <nav class="top-nav" aria-label="Primary">\n      <div class="nav-brand">\n        <a\n          class="nav-home"\n          href="/api/chat-ui/?mode=simple&language=en"\n        >\n          Home\n        </a>\n      </div>\n      <div class="nav-toolbar">\n        <div class="nav-cluster" role="group" aria-label="Language">\n          <form method="get" class="nav-language-form">\n            <label class="nav-language-label" for="nav_language">\n              Language\n            </label>\n            <input type="hidden" name="mode" value="simple">\n            \n            <select\n              id="nav_language"\n              name="language"\n              class="nav-language-select"\n              onchange="this.form.submit()"\n            >\n              <option value="en" selected>English</option>\n              <option value="hi" >\xe0\xa4\xb9\xe0\xa4\xbf\xe0\xa4\x82\xe0\xa4\xa6\xe0\xa5\x80</option>\n            </select>\n          </form>\n        </div>\n        <div class="nav-cluster nav-cluster--cta" role="group" aria-label="Read and discuss">\n          <button\n            type="button"\n            class="nav-btn nav-btn-secondary"\n            data-open-gita-reader\n            data-language="en"\n          >\n            <span class="asset-icon" aria-hidden="true">\n              <svg xmlns="http://www.w3.org/2000/svg" viewBox="0 0 24 24" fill="none" stroke-width="2" stroke-linecap="round" stroke-linejoin="round">\n                <path d="M12 7v14" />\n                <path d="M3 18a1 1 0 0 1-1-1V4a1 1 0 0 1 1-1h5a4 4 0 0 1 4 4 4 4 0 0 1 4-4h5a1 1 0 0 1 1 1v13a1 1 0 0 1-1 1h-6a3 3 0 0 0-3 3 3 3 0 0 0-3-3z" />\n              </svg>\n            </span>\n            Read Gita\n          </button>\n          <a\n            href="/practice/?language=en"\n            class="nav-btn nav-btn-secondary"\n            title="Guided sadhana \xe2\x80\x94 yoga, breath, mantra"\n          >\n            Practice\n          </a>\n          <a\n            href="/sadhana/?language=en"\n            class="nav-btn nav-btn-secondary"\n            title="Sadhana programs \xe2\x80\x94 Gita-inspired journeys"\n          >\n            Sadhana\n          </a>\n          <a\n            href="/read-gita/?language=en"\n            class="nav-btn nav-btn-secondary"\n            title="Read the Gita \xe2\x80\x94 all chapters and verses"\n          >\n            Read Gita\n          </a>\n          <a\n            href="/japa/?language=en"\n            class="nav-btn nav-btn-secondary"\n            title="Naam Japa \xe2\x80\x94 mantra practice"\n          >\n            Japa\n          </a>\n          <a\n            href="/quote-art/?language=en"\n            class="nav-btn nav-btn-secondary"\n            title="Divine verse art"\n          >\n            Art\n          </a>\n          <a\n            href="#community-preview-discussion"\n            class="nav-btn nav-btn-secondary nav-comments"\n            title="Comments and replies \xe2\x80\x94 community discussion"\n          >\n            Comments\n          </a>\n          <a\n            href="/plans/?language=en"\n            class="nav-btn nav-btn-secondary"\n            title="Plans and subscription"\n          >\n            Plans\n          </a>\n          \n            <a\n              href="/insights/?language=en"\n              class="nav-btn nav-btn-secondary"\n              title="My journey and insights"\n            >\n              Insights\n            </a>\n            <a\n              href="/account/?language=en"\n              class="nav-btn nav-btn-secondary"\n              title="My account"\n            >\n              Account\n            </a>\n            <form method="post" class="nav-inline-form">\n              <input type="hidden" name="csrfmiddlewaretoken" value="TZ8puka45hZCtw55vQpegyk758qgDVY3M1CgTqoUt5UwMapSD2MTgGLl5XTTCNqV">\n              <input type="hidden" name="action" value="logout">\n              <input type="hidden" name="language" value="en">\n              <button type="submit" class="nav-btn">\n                Logout\n              </button>\n            </form>\n          \n          \n        </div>\n        \n          <div class="auth-pill nav-session-pill">\n            \n              Signed in: demo-user\n            \n          </div>\n        \n      </div>\n    </nav>\n\n    <section\n      class="hero hero-sanctum animate__animated animate__fadeInDown"\n      data-aos="fade-up"\n      data-parallax\n      data-depth="16"\n      aria-label="Introduction"\n    >\n      <div class="hero-aurora" aria-hidden="true"></div>\n      <div class="hero-grid">\n        <div class="hero-copy" data-parallax data-depth="10">\n          <div class="eyebrow">\n            <span class="asset-icon hero-mark" aria-hidden="true">\n              <svg xmlns="http://www.w3.org/2000/svg" viewBox="0 0 24 24" fill="none" stroke-width="2" stroke-linecap="round" stroke-linejoin="round">\n                <path d="M11.017 2.814a1 1 0 0 1 1.966 0l1.051 5.558a2 2 0 0 0 1.594 1.594l5.558 1.051a1 1 0 0 1 0 1.966l-5.558 1.051a2 2 0 0 0-1.594 1.594l-1.051 5.558a1 1 0 0 1-1.966 0l-1.051-5.558a2 2 0 0 0-1.594-1.594l-5.558-1.051a1 1 0 0 1 0-1.966l5.558-1.051a2 2 0 0 0 1.594-1.594z" />\n                <path d="M20 2v4" />\n                <path d="M22 4h-4" />\n                <circle cx="4" cy="20" r="2" />\n              </svg>\n            </span>\n            Gita Guidance For Real Life Questions\n          </div>\n          <h1>Ask Your Life Question. Get Guided By The Gita.</h1>\n          <p>\n            \n              Describe your anxiety, confusion, relationship pain, discipline struggle, career doubt,\n              or search for purpose in plain words. This app finds relevant Bhagavad Gita verses,\n              explains Krishna\xe2\x80\x99s teaching, and applies it to your situation with a practical next step.\n            \n          </p>\n          <div class="hero-meta">\n            <span class="hero-meta-pill">\n              Finds relevant verses\n            </span>\n            <span class="hero-meta-pill">\n              Applied to your real problem\n            </span>\n            <span class="hero-meta-pill">\n              Clear next steps\n            </span>\n            <span class="hero-meta-pill social-proof" aria-label="Social proof">\n              \xe2\x9c\xa6 47,000+ seekers guided\n            </span>\n            \n          </div>\n        </div>\n        <div id="today-signal-panel" class="hero-blessing" data-parallax data-depth="20" data-daily-signal-card data-language="en">\n          <div class="hero-quick-ask hero-signal-card">\n            <div class="hero-blessing-kicker">\n              <span class="asset-icon" aria-hidden="true">\n                <svg xmlns="http://www.w3.org/2000/svg" viewBox="0 0 24 24" fill="none" stroke-width="2" stroke-linecap="round" stroke-linejoin="round">\n                  <path d="M11.017 2.814a1 1 0 0 1 1.966 0l1.051 5.558a2 2 0 0 0 1.594 1.594l5.558 1.051a1 1 0 0 1 0 1.966l-5.558 1.051a2 2 0 0 0-1.594 1.594l-1.051 5.558a1 1 0 0 1-1.966 0l-1.051-5.558a2 2 0 0 0-1.594-1.594l-5.558-1.051a1 1 0 0 1 0-1.966l5.558-1.051a2 2 0 0 0 1.594-1.594z" />\n                  <path d="M20 2v4" />\n                  <path d="M22 4h-4" />\n                  <circle cx="4" cy="20" r="2" />\n                </svg>\n              </span>\n              Today\'s Signal\n            </div>\n            <div class="today-kicker">Today</div>\n            <p class="today-verse hero-signal-verse" data-daily-signal-quote>\n              \n                "Steady effort matters more than anxious attachment to outcomes."\n              \n            </p>\n            <p class="today-note hero-signal-note" data-daily-signal-meaning>\n              \n                Let today be about one sincere action, one calmer response, and one\n                moment of reflection before reacting.\n              \n            </p>\n            <div class="hero-quick-actions">\n              <a class="hero-soft-link" href="/api/chat-ui/?mode=simple&language=en#chat_message">\n                Ask your question below\n              </a>\n            </div>\n            <button type="button" class="verse-immersive-trigger" data-open-immersive-verse>\n              Open immersive card\n            </button>\n            <div class="hero-support-note">\n              <span data-daily-signal-reference>Bhagavad Gita 2.47 to 2.48</span>\n              <span style="font-size: 11px;">\n                \xe2\x80\xa2 Approach: <strong>simple</strong>\n              </span>\n            </div>\n          </div>\n          <div class="verse-immersive-overlay" data-immersive-verse-overlay>\n            <div class="verse-immersive-card">\n              <div class="verse-immersive-bg"></div>\n              <button type="button" class="verse-immersive-close" data-close-immersive-verse aria-label="Close">\xc3\x97</button>\n              <div class="verse-immersive-content">\n                <div class="verse-immersive-label">Today Meditation</div>\n                <p class="verse-immersive-text" data-daily-signal-quote>\n                  "Steady effort matters more than anxious attachment to outcomes."\n                </p>\n                <div class="verse-progress-bar" aria-hidden="true"><div class="verse-progress-bar-fill" style="width: 72%;"></div></div>\n                <div class="verse-immersive-ref" data-daily-signal-reference>Bhagavad Gita 2.47 to 2.48</div>\n              </div>\n            </div>\n          </div>\n        </div>\n      </div>\n      <div class="hero-glass-deck" role="region" aria-label="Key qualities">\n        <div class="hero-glass-card">\n          <div class="hero-glass-card-icon" aria-hidden="true">\n            <svg xmlns="http://www.w3.org/2000/svg" viewBox="0 0 24 24">\n              <path d="M7 17L17 7M17 7H9M17 7V15" />\n            </svg>\n          </div>\n          <div>\n            <div class="hero-glass-card-kicker">Source</div>\n            <div class="hero-glass-card-title">\n              700 \xc5\x9blokas, one search\n            </div>\n            <p class="hero-glass-card-sub">\n              \n                Every answer stays tied to cited verses and chapter context.\n              \n            </p>\n            <div class="hero-glass-card-meter hero-glass-card-meter--full" aria-hidden="true"><span></span></div>\n          </div>\n        </div>\n        <div class="hero-glass-card">\n          <div class="hero-glass-card-icon" aria-hidden="true">\n            <svg xmlns="http://www.w3.org/2000/svg" viewBox="0 0 24 24">\n              <path d="M7 17L17 7M17 7H9M17 7V15" />\n            </svg>\n          </div>\n          <div>\n            <div class="hero-glass-card-kicker">Languages</div>\n            <div class="hero-glass-card-title">\n              English \xc2\xb7 Hindi\n            </div>\n            <p class="hero-glass-card-sub">\n              \n                Calm pacing and plain language \xe2\x80\x94 guidance without hype.\n              \n            </p>\n            <div class="hero-glass-card-meter hero-glass-card-meter--high" aria-hidden="true"><span></span></div>\n          </div>\n        </div>\n      </div>\n    </section>\n\n    <section\n      class="naam-japa-sanctuary"\n      data-naam-japa\n      aria-labelledby="naam-japa-heading"\n    >\n      <div class="naam-japa-sanctuary__inner">\n        <h2 id="naam-japa-heading" class="sr-only">\n          Hari \xc5\x9bara\xe1\xb9\x87am \xe2\x80\x94 naam japa\n        </h2>\n        <div class="naam-japa-sparkles" aria-hidden="true">\n          <span></span>\n          <span></span>\n          <span></span>\n          <span></span>\n        </div>\n        <button\n          type="button"\n          class="naam-japa-teaser"\n          data-naam-japa-toggle\n          aria-expanded="false"\n          aria-controls="naam-japa-panel"\n        >\n          <span class="naam-japa-teaser-icon" aria-hidden="true">\xe2\x9c\xa6</span>\n          <span class="naam-japa-teaser-copy">\n            <p class="naam-japa-teaser-kicker">\n              Naam japa\n            </p>\n            <p class="naam-japa-teaser-title">\n              \n                Open a breath of refuge \xe2\x80\x94 Hari \xc5\x9bara\xe1\xb9\x87am\n              \n            </p>\n            <p class="naam-japa-teaser-hint">\n              \n                A gentle anchor for the mind \xe2\x80\x94 tap to read and hear the chant.\n              \n            </p>\n          </span>\n          <span class="naam-japa-chevron" aria-hidden="true">\n            <svg xmlns="http://www.w3.org/2000/svg" width="18" height="18" viewBox="0 0 24 24" fill="none" stroke="currentColor" stroke-width="2" stroke-linecap="round" stroke-linejoin="round">\n              <path d="m6 9 6 6 6-6" />\n            </svg>\n          </span>\n        </button>\n        <div\n          class="naam-japa-panel"\n          id="naam-japa-panel"\n          data-naam-japa-panel\n          role="region"\n          aria-label="Hari \xc5\x9bara\xe1\xb9\x87am \xe2\x80\x94 naam japa"\n        >\n          <div class="naam-japa-panel-inner">\n            <div class="naam-japa-mantra-row">\n              <div>\n                <p class="naam-japa-mantra-deva" lang="hi">\xe0\xa4\xb9\xe0\xa4\xb0\xe0\xa4\xbf \xe0\xa4\xb6\xe0\xa4\xb0\xe0\xa4\xa3\xe0\xa4\xae\xe0\xa5\x8d</p>\n                <p class="naam-japa-mantra-iast">Hari \xc5\x9bara\xe1\xb9\x87am \xc2\xb7 Hari Saranam</p>\n              </div>\n              <div class="naam-japa-audio-wrap">\n                <audio\n                  class="sr-only"\n                  preload="none"\n                  data-naam-japa-audio\n                  src="/static/guide_api/audio/hari-saranam-chant.mp3"\n                ></audio>\n                <button\n                  type="button"\n                  class="naam-japa-play"\n                  data-naam-japa-play\n                  data-label-play="Hear pronunciation"\n                  data-label-pause="Pause"\n                  data-audio-error="Could not load audio \xe2\x80\x94 refresh the page and try again."\n                  aria-label="Play Hari \xc5\x9bara\xe1\xb9\x87am pronunciation"\n                >\n                  <svg xmlns="http://www.w3.org/2000/svg" width="18" height="18" viewBox="0 0 24 24" fill="currentColor" aria-hidden="true">\n                    <path d="M8 5v14l11-7z" />\n                  </svg>\n                  <span data-naam-japa-play-label>Hear pronunciation</span>\n                </button>\n                <span class="naam-japa-audio-status" data-naam-japa-audio-status aria-live="polite"></span>\n              </div>\n            </div>\n            <div class="naam-japa-body">\n              \n                <p>\n                  <strong>Hari \xc5\x9bara\xe1\xb9\x87am</strong> means <em>Hari is refuge</em>. In naam\n                  japa we softly repeat the divine name \xe2\x80\x94 a quiet centre for the mind and\n                  a felt sense of being held.\n                </p>\n                <p>\n                  This is not medical advice: pain rarely vanishes in an instant. Yet\n                  returning to the name, again and again, can steady the heart and bring\n                  peace in small, real measures.\n                </p>\n                <p class="naam-japa-muted">\n                  Tap the button above to hear the chant. If playback fails, reload the\n                  page and try again.\n                </p>\n              \n            </div>\n          </div>\n        </div>\n      </div>\n    </section>\n\n    \n    \n      <div class="message success">Logged in as demo-user.</div>\n    \n\n    <section class="layout ">\n      \n      <aside class="stack sidebar-stack">\n        <span class="sr-only">\n          \n            Account Register Login\n          \n        </span>\n        \n          <div class="panel panel-primary" data-aos="fade-right" data-aos-delay="90">\n            <div class="panel-kicker">\n              <span class="asset-icon" aria-hidden="true">\n                <svg xmlns="http://www.w3.org/2000/svg" viewBox="0 0 24 24" fill="none" stroke-width="2" stroke-linecap="round" stroke-linejoin="round">\n                  <path d="M15 12h-5" />\n                  <path d="M15 8h-5" />\n                  <path d="M19 17V5a2 2 0 0 0-2-2H4" />\n                  <path d="M8 21h12a2 2 0 0 0 2-2v-1a1 1 0 0 0-1-1H11a1 1 0 0 0-1 1v1a2 2 0 1 1-4 0V5a2 2 0 1 0-4 0v2a1 1 0 0 0 1 1h3" />\n                </svg>\n              </span>\n              Threads\n            </div>\n            <h2>Conversations</h2>\n            <div class="conversation-history-summary" data-conversation-summary>\n              <div class="conversation-stat-pill">\n                <span class="conversation-stat-value" data-conversation-stat="threads">1</span>\n                <span class="conversation-stat-label">Threads</span>\n              </div>\n              <div class="conversation-stat-pill">\n                <span class="conversation-stat-value" data-conversation-stat="messages">--</span>\n                <span class="conversation-stat-label">Messages</span>\n              </div>\n              <div class="conversation-stat-pill">\n                <span class="conversation-stat-value" data-conversation-stat="latest">--</span>\n                <span class="conversation-stat-label">Latest</span>\n              </div>\n            </div>\n            <div class="conversation-history-controls">\n              <label class="conversation-search-shell">\n                <span class="conversation-search-icon" aria-hidden="true">\n                  <svg xmlns="http://www.w3.org/2000/svg" viewBox="0 0 24 24" fill="none" stroke="currentColor" stroke-width="2" stroke-linecap="round" stroke-linejoin="round">\n                    <circle cx="11" cy="11" r="7"></circle>\n                    <path d="M20 20l-3.5-3.5"></path>\n                  </svg>\n                </span>\n                <input\n                  type="search"\n                  class="conversation-search-input"\n                  data-conversation-search\n                  placeholder="Search saved guidance"\n                  autocomplete="off"\n                >\n                <button type="button" class="conversation-clear-btn" data-conversation-clear hidden>\n                  Clear\n                </button>\n              </label>\n              <div\n                class="conversation-sort-toggle"\n                role="tablist"\n                aria-label="Conversation sort order"\n              >\n                <button type="button" class="conversation-sort-btn active" data-conversation-sort="newest">\n                  Newest\n                </button>\n                <button type="button" class="conversation-sort-btn" data-conversation-sort="oldest">\n                  Oldest\n                </button>\n              </div>\n            </div>\n            <script id="chat-ui-conversation-items" type="application/json">[{"id": 2, "title": "My saved thread", "preview": "My saved thread", "message_count": 1, "message_count_label": "1 message", "updated_label": "just now", "updated_at_display": "09 May 2026, 09:54 AM", "updated_at_iso": "2026-05-09T09:54:04.969515+00:00"}]</script>\n            <div\n              class="conversation-scroll"\n              data-conversation-scroll\n              data-mode="simple"\n              data-language="en"\n              data-user-id="demo-user"\n              data-active-conversation-id=""\n              data-next-offset=""\n              data-has-more="false"\n            >\n              <div class="conversation-list" data-conversation-list>\n                \n                  <div class="conversation-card ">\n                    <div class="conversation-card-top">\n                      <a\n                        href="/api/chat-ui/?conversation_id=2&mode=simple&language=en"\n                        class="conversation-link"\n                        title="09 May 2026, 09:54 AM"\n                      >\n                        <span class="conversation-title">My saved thread</span>\n                        <span class="conversation-preview">My saved thread</span>\n                        <span class="conversation-meta">\n                          <span>1 message</span>\n                          <span>Updated just now</span>\n                        </span>\n                      </a>\n                      <form method="post" class="quick-submit">\n                        <input type="hidden" name="csrfmiddlewaretoken" value="TZ8puka45hZCtw55vQpegyk758qgDVY3M1CgTqoUt5UwMapSD2MTgGLl5XTTCNqV">\n                        <input type="hidden" name="action" value="delete_conversation">\n                        <input type="hidden" name="user_id" value="demo-user">\n                        <input type="hidden" name="mode" value="simple">\n                        <input type="hidden" name="language" value="en">\n                        <input type="hidden" name="conversation_id" value="2">\n                        <input type="hidden" name="active_conversation_id" value="">\n                        <button\n                          type="submit"\n                          class="conversation-delete"\n                          title="Delete conversation 09 May 2026, 09:54 AM"\n                        >\n                          Delete\n                        </button>\n                      </form>\n                    </div>\n                  </div>\n                \n              </div>\n              <div class="conversation-scroll-loading" data-conversation-loading style="display: none;">\n                Loading older conversations...\n              </div>\n              <div class="conversation-empty" data-conversation-empty hidden>\n                <strong>No matching conversations yet</strong>\n                <span>Try another keyword or switch the sort order.</span>\n              </div>\n            </div>\n          </div>\n        \n\n        <!-- Quote Art Panel -->\n        <div class="panel panel-utility quote-art-panel" data-aos="fade-right" data-aos-delay="110" data-quote-art-panel>\n          <div class="panel-kicker">\n            <span class="asset-icon" aria-hidden="true">\n              <svg xmlns="http://www.w3.org/2000/svg" viewBox="0 0 24 24" fill="none" stroke-width="2" stroke-linecap="round" stroke-linejoin="round">\n                <path d="M11.017 2.814a1 1 0 0 1 1.966 0l1.051 5.558a2 2 0 0 0 1.594 1.594l5.558 1.051a1 1 0 0 1 0 1.966l-5.558 1.051a2 2 0 0 0-1.594 1.594l-1.051 5.558a1 1 0 0 1-1.966 0l-1.051-5.558a2 2 0 0 0-1.594-1.594l-5.558-1.051a1 1 0 0 1 0-1.966l5.558-1.051a2 2 0 0 0 1.594-1.594z" />\n                <path d="M20 2v4" />\n                <path d="M22 4h-4" />\n                <circle cx="4" cy="20" r="2" />\n              </svg>\n            </span>\n            Creative Devotion\n          </div>\n          <details class="section-accordion">\n            <summary>\n              <h2>Quote Art</h2>\n            </summary>\n            <div class="section-accordion-body">\n              <p class="hint">\n                \n                  Create beautiful shareable art from Gita verses.\n                \n              </p>\n\n              <h3>Choose Style</h3>\n              <div class="style-grid" data-style-grid>\n                <label class="style-card style-divine selected" data-style="divine">\n                  <input type="radio" name="quote_art_style" value="divine" checked>\n                  <div class="style-card-name">Divine</div>\n                  <div class="style-card-desc">Golden temple aesthetic</div>\n                </label>\n                <label class="style-card style-minimal" data-style="minimal">\n                  <input type="radio" name="quote_art_style" value="minimal">\n                  <div class="style-card-name">Minimal</div>\n                  <div class="style-card-desc">Clean modern design</div>\n                </label>\n                <label class="style-card style-nature" data-style="nature">\n                  <input type="radio" name="quote_art_style" value="nature">\n                  <div class="style-card-name">Nature</div>\n                  <div class="style-card-desc">Forest and lotus</div>\n                </label>\n                <label class="style-card style-cosmic" data-style="cosmic">\n                  <input type="radio" name="quote_art_style" value="cosmic">\n                  <div class="style-card-name">Cosmic</div>\n                  <div class="style-card-desc">Stars and universe</div>\n                </label>\n              </div>\n\n              <label for="quote_art_verse">Verse Reference</label>\n              <input\n                type="text"\n                id="quote_art_verse"\n                name="verse_reference"\n                placeholder="e.g. 2.47 or 18.66"\n                data-quote-art-verse\n              >\n\n              <h4 style="margin-top: 12px; font-size: 12px; color: var(--muted);">Popular Verses</h4>\n              <div class="featured-verses" data-featured-verses>\n                <button type="button" class="featured-verse-chip" data-verse="2.47">2.47</button>\n                <button type="button" class="featured-verse-chip" data-verse="2.14">2.14</button>\n                <button type="button" class="featured-verse-chip" data-verse="6.5">6.5</button>\n                <button type="button" class="featured-verse-chip" data-verse="18.66">18.66</button>\n                <button type="button" class="featured-verse-chip" data-verse="2.48">2.48</button>\n              </div>\n\n              <button\n                type="button"\n                class="btn-secondary"\n                data-generate-quote-art\n                data-language="en"\n              >\n                Generate Art\n              </button>\n\n              <div class="quote-art-preview" data-quote-art-preview>\n                <div class="quote-art-card" data-quote-art-card>\n                  <div class="quote-art-sanskrit" data-quote-art-sanskrit></div>\n                  <div class="quote-art-text" data-quote-art-text></div>\n                  <div class="quote-art-attribution" data-quote-art-attribution></div>\n                </div>\n                <div class="quote-art-actions">\n                  <button type="button" class="btn-ghost" data-copy-quote>\n                    Copy\n                  </button>\n                  <button type="button" class="btn-ghost" data-share-quote>\n                    Share\n                  </button>\n                </div>\n              </div>\n            </div>\n          </details>\n        </div>\n\n        \n\n        <div class="panel panel-utility" data-aos="fade-right" data-aos-delay="130">\n          <div class="panel-kicker">\n            <span class="asset-icon" aria-hidden="true">\n              <svg xmlns="http://www.w3.org/2000/svg" viewBox="0 0 24 24" fill="none" stroke-width="2" stroke-linecap="round" stroke-linejoin="round">\n                <path d="M11.017 2.814a1 1 0 0 1 1.966 0l1.051 5.558a2 2 0 0 0 1.594 1.594l5.558 1.051a1 1 0 0 1 0 1.966l-5.558 1.051a2 2 0 0 0-1.594 1.594l-1.051 5.558a1 1 0 0 1-1.966 0l-1.051-5.558a2 2 0 0 0-1.594-1.594l-5.558-1.051a1 1 0 0 1 0-1.966l5.558-1.051a2 2 0 0 0 1.594-1.594z" />\n                <path d="M20 2v4" />\n                <path d="M22 4h-4" />\n                <circle cx="4" cy="20" r="2" />\n              </svg>\n            </span>\n            View Controls\n          </div>\n          <details class="section-accordion">\n            <summary>\n              <h2>Chat Settings</h2>\n            </summary>\n            <div class="section-accordion-body">\n              \n                <div class="quota">\n                  \n                    Your saved chats stay under <strong>demo-user</strong>.\n                  \n                </div>\n              \n              <form method="get">\n                <label style="margin-bottom: 10px; display: block;">\n                  <strong>Choose Your Approach</strong>\n                  <p style="font-size: 12px; color: var(--text-muted); margin: 6px 0 0;">\n                    \n                      You can use a different approach for each question you ask.\n                    \n                  </p>\n                </label>\n                <select id="sidebar_mode" name="mode">\n                  <option value="simple" selected>\n                    Simple - Quick, clear guidance\n                  </option>\n                  \n                    <option value="deep" disabled>\n                      Deep - Plus / Pro only\n                    </option>\n                  \n                </select>\n                <p style="font-size: 11px; color: var(--text-muted); margin: 8px 0 0; line-height: 1.5;">\n                  \n                    <strong>Simple:</strong> Available on Free, concise and actionable guidance.<br>\n                    <strong>Deep:</strong> Available on Plus/Pro, deeper spiritual insights, meditation, and contemplative guidance.\n                  \n                </p>\n                <label for="sidebar_language" style="margin-top: 14px;">Language</label>\n                <select id="sidebar_language" name="language">\n                  <option value="en" selected>English</option>\n                  <option value="hi" >Hindi</option>\n                </select>\n                \n                <button type="submit" style="margin-top: 10px;">Apply Settings</button>\n              </form>\n            </div>\n          </details>\n        </div>\n\n        \n          <div class="panel panel-utility" data-aos="fade-right" data-aos-delay="140">\n            <div class="panel-kicker">\n              <span class="asset-icon" aria-hidden="true">\n                <svg xmlns="http://www.w3.org/2000/svg" viewBox="0 0 24 24" fill="none" stroke-width="2" stroke-linecap="round" stroke-linejoin="round">\n                  <path d="M4 19.5v-15A2.5 2.5 0 0 1 6.5 2H19a1 1 0 0 1 1 1v18a1 1 0 0 1-1 1H6.5a1 1 0 0 1 0-5H20" />\n                  <path d="M8.62 9.8A2.25 2.25 0 1 1 12 6.836a2.25 2.25 0 1 1 3.38 2.966l-2.626 2.856a.998.998 0 0 1-1.507 0z" />\n                </svg>\n              </span>\n              Membership\n            </div>\n            <details class="section-accordion">\n              <summary>\n                <h2>Plan and Quota</h2>\n              </summary>\n              <div class="section-accordion-body">\n                \n\n                \n                  <div class="upgrade-section">\n                  <div class="panel-kicker">\n                    <span class="asset-icon" aria-hidden="true">\n                      <svg xmlns="http://www.w3.org/2000/svg" viewBox="0 0 24 24" fill="none" stroke-width="2" stroke-linecap="round" stroke-linejoin="round">\n                        <path d="M4 19.5v-15A2.5 2.5 0 0 1 6.5 2H19a1 1 0 0 1 1 1v18a1 1 0 0 1-1 1H6.5a1 1 0 0 1 0-5H20" />\n                        <path d="M8.62 9.8A2.25 2.25 0 1 1 12 6.836a2.25 2.25 0 1 1 3.38 2.966l-2.626 2.856a.998.998 0 0 1-1.507 0z" />\n                      </svg>\n                    </span>\n                    Go Deeper\n                  </div>\n                    <h3>Upgrade your plan</h3>\n                    <ul class="upgrade-list">\n                      <li>Free: 3 questions/day, Deep locked</li>\n                      <li>Plus: 200/month total, up to 40 Deep</li>\n                      <li>\n                        \n                          Pro: 500/month total,\n                          up to 180 Deep\n                        \n                      </li>\n                      <li>Deep Insight: principle, modern application, meditation, contemplation</li>\n                    </ul>\n                    <p class="support-help" style="margin-bottom: 0.85rem;">\n                      \n                        Plus/Pro unlock Deep mode with richer and more structured guidance.\n                      \n                    </p>\n                    <div class="membership-pricing-grid">\n                      \n                      <article class="pricing-plan free">\n                        <div class="pricing-plan-head">\n                          <div class="pricing-plan-title">\xf0\x9f\x94\x93 FREE</div>\n                          <div class="pricing-plan-price">Free</div>\n                        </div>\n                        <ul class="pricing-plan-list">\n                          <li>3 Simple questions per day</li>\n                          <li>100 questions per month</li>\n                          <li>No Deep mode (locked)</li>\n                          <li>Explore example questions</li>\n                          <li>Read full Bhagavad Gita</li>\n                          <li>Guest sessions are temporary</li>\n                        </ul>\n                      </article>\n                      \n\n                      \n                      <article class="pricing-plan plus">\n                        <div class="pricing-plan-head">\n                          <div class="pricing-plan-title">\xf0\x9f\x92\xb3 PLUS</div>\n                          <div class="pricing-plan-price">\n                            \n                              \xe2\x82\xb9199\n                            \n                          </div>\n                        </div>\n                        <ul class="pricing-plan-list">\n                          <li>200 questions/month total</li>\n                          <li>Up to 40 Deep (within total)</li>\n                          <li>\n                            Deep Insight Features\n                            <span\n                              class="pricing-tooltip"\n                              data-tip="Spiritual principle explanation; modern life application; meditation practice aligned to verse; contemplative follow-ups."\n                              aria-label="Deep Insight Features details"\n                            >i</span>\n                          </li>\n                          <li>Save all conversations</li>\n                        </ul>\n                      </article>\n                      \n\n                      <article class="pricing-plan pro">\n                        <div class="pricing-plan-head">\n                          <div class="pricing-plan-title">\xf0\x9f\x92\x8e PRO</div>\n                          <div class="pricing-plan-price">\n                            \n                              \xe2\x82\xb9499\n                            \n                          </div>\n                        </div>\n                        <ul class="pricing-plan-list">\n                          <li>500 questions/month total</li>\n                          <li>\n                            \n                              Up to 180 Deep (within total)\n                            \n                          </li>\n                          <li>\n                            All Plus features +\n                            <span\n                              class="pricing-tooltip"\n                              data-tip="Multi-author commentary access; verse cross-references; meditation program suggestions; custom reflection journals."\n                              aria-label="All Plus features plus details"\n                            >i</span>\n                          </li>\n                          <li>Save unlimited conversations</li>\n                        </ul>\n                      </article>\n                    </div>\n                    <div class="billing-capture-block">\n                      <h4>\n                        \n                          Billing details\n                        \n                      </h4>\n                      <p class="billing-capture-help">\n                        \n                          We store these details in one billing ledger so you can later export clean invoice data into Tally.\n                        \n                      </p>\n                      <div class="billing-capture-grid" id="billing_capture_form">\n                        <div class="billing-capture-field">\n                          <label for="billing_name">\n                            Billing name\n                          </label>\n                          <input\n                            id="billing_name"\n                            type="text"\n                            maxlength="120"\n                            value="demo-user"\n                            placeholder="Name or contact person"\n                          />\n                        </div>\n                        <div class="billing-capture-field">\n                          <label for="billing_email">\n                            Billing email\n                          </label>\n                          <input\n                            id="billing_email"\n                            type="email"\n                            maxlength="254"\n                            value=""\n                            placeholder="billing@example.com"\n                          />\n                        </div>\n                        <div class="billing-capture-field">\n                          <label for="business_name">\n                            Firm / business name\n                          </label>\n                          <input\n                            id="business_name"\n                            type="text"\n                            maxlength="160"\n                            placeholder="Firm name (optional)"\n                          />\n                        </div>\n                        <div class="billing-capture-field">\n                          <label for="gstin">\n                            GSTIN\n                          </label>\n                          <input\n                            id="gstin"\n                            type="text"\n                            maxlength="20"\n                            placeholder="For Indian business invoices"\n                          />\n                        </div>\n                        <div class="billing-capture-field">\n                          <label for="billing_country_code">\n                            Country code\n                          </label>\n                          <input\n                            id="billing_country_code"\n                            type="text"\n                            maxlength="2"\n                            value="IN"\n                            placeholder="IN / ZA / US"\n                          />\n                        </div>\n                        <div class="billing-capture-field">\n                          <label for="billing_country_name">\n                            Country\n                          </label>\n                          <input\n                            id="billing_country_name"\n                            type="text"\n                            maxlength="80"\n                            value="India"\n                            placeholder="India / South Africa"\n                          />\n                        </div>\n                        <div class="billing-capture-field">\n                          <label for="billing_state">\n                            State / Province\n                          </label>\n                          <input\n                            id="billing_state"\n                            type="text"\n                            maxlength="80"\n                            placeholder="State or province"\n                          />\n                        </div>\n                        <div class="billing-capture-field">\n                          <label for="billing_city">\n                            City\n                          </label>\n                          <input\n                            id="billing_city"\n                            type="text"\n                            maxlength="80"\n                            placeholder="City"\n                          />\n                        </div>\n                        <div class="billing-capture-field">\n                          <label for="billing_postal_code">\n                            PIN / Postal code\n                          </label>\n                          <input\n                            id="billing_postal_code"\n                            type="text"\n                            maxlength="20"\n                            placeholder="PIN / ZIP"\n                          />\n                        </div>\n                        <div class="billing-capture-field full">\n                          <label for="billing_address">\n                            Billing address\n                          </label>\n                          <textarea\n                            id="billing_address"\n                            maxlength="600"\n                            placeholder="Full address (optional but useful for invoice)"\n                          ></textarea>\n                        </div>\n                      </div>\n                    </div>\n                    <div class="upgrade-actions">\n                      \n                      <button type="button" onclick="initiatePayment(\'plus\')" class="btn-upgrade btn-upgrade-secondary">\n                        Plus - \xe2\x82\xb9199 per month\n                      </button>\n                      \n                      <button type="button" onclick="initiatePayment(\'pro\')" class="btn-upgrade btn-upgrade-primary">\n                        Pro - \xe2\x82\xb9499 per month\n                      </button>\n                    </div>\n                    \n                  </div>\n                \n\n                \n                \n                <details class="dev-options">\n                  <summary>Dev/Test Options</summary>\n                  <form method="post" class="quick-submit">\n                    <input type="hidden" name="csrfmiddlewaretoken" value="TZ8puka45hZCtw55vQpegyk758qgDVY3M1CgTqoUt5UwMapSD2MTgGLl5XTTCNqV">\n                    <input type="hidden" name="action" value="plan">\n                    <input type="hidden" name="user_id" value="demo-user">\n                    <input type="hidden" name="mode" value="simple">\n                    <input type="hidden" name="language" value="en">\n                    <input type="hidden" name="message" value="">\n                    <select id="selected_plan" name="selected_plan">\n                      <option value="free" >Free</option>\n                      <option value="plus" >Plus</option>\n                      <option value="pro" >Pro</option>\n                    </select>\n                    <button type="submit" class="btn-secondary">Update</button>\n                  </form>\n                </details>\n                \n                \n              </div>\n            </details>\n          </div>\n        \n\n        <div class="panel panel-utility" data-aos="fade-right" data-aos-delay="145">\n          <div class="panel-kicker">\n            <span class="asset-icon" aria-hidden="true">\n              <svg xmlns="http://www.w3.org/2000/svg" viewBox="0 0 24 24" fill="none" stroke-width="2" stroke-linecap="round" stroke-linejoin="round">\n                <path d="M21 15a2 2 0 0 1-2 2H7l-4 4V5a2 2 0 0 1 2-2h14a2 2 0 0 1 2 2z" />\n                <path d="M8 10h8" />\n                <path d="M8 7h8" />\n              </svg>\n            </span>\n            Support\n          </div>\n          <details class="section-accordion">\n            <summary>\n              <h2>Need Help?</h2>\n            </summary>\n            <div class="section-accordion-body">\n              <p class="support-help">\n                \n                  For payment, account, or technical issues, contact us directly.\n                \n                <br>\n                <a href="mailto:askbhagwatgitasupport@gmail.com">askbhagwatgitasupport@gmail.com</a>\n              </p>\n\n              <form method="post" class="quick-submit support-form">\n                <input type="hidden" name="csrfmiddlewaretoken" value="TZ8puka45hZCtw55vQpegyk758qgDVY3M1CgTqoUt5UwMapSD2MTgGLl5XTTCNqV">\n                <input type="hidden" name="action" value="support">\n                <input type="hidden" name="mode" value="simple">\n                <input type="hidden" name="language" value="en">\n                \n\n                <label for="support_name">Your Name</label>\n                <input\n                  id="support_name"\n                  name="support_name"\n                  maxlength="100"\n                  value="demo-user"\n                  placeholder="Enter your name"\n                  required\n                />\n\n                <label for="support_email">Email</label>\n                <input\n                  id="support_email"\n                  name="support_email"\n                  type="email"\n                  value=""\n                  placeholder="you@example.com"\n                  required\n                />\n\n                <label for="support_issue_type">Issue Type</label>\n                <select id="support_issue_type" name="support_issue_type">\n                  <option value="payment" >Payment</option>\n                  <option value="account" >Account</option>\n                  <option value="bug" >Bug</option>\n                  <option value="other" selected>Other</option>\n                </select>\n\n                <label for="support_message">Message</label>\n                <textarea\n                  id="support_message"\n                  name="support_message"\n                  maxlength="2000"\n                  placeholder="Describe your issue in detail"\n                  required\n                ></textarea>\n\n                <button type="submit">Send Support Request</button>\n              </form>\n            </div>\n          </details>\n        </div>\n\n        <div class="panel panel-utility" data-aos="fade-right" data-aos-delay="150" >\n          <div class="panel-kicker">\n            <span class="asset-icon" aria-hidden="true">\n              <svg xmlns="http://www.w3.org/2000/svg" viewBox="0 0 24 24" fill="none" stroke-width="2" stroke-linecap="round" stroke-linejoin="round">\n                <path d="M12 7v14" />\n                <path d="M3 18a1 1 0 0 1-1-1V4a1 1 0 0 1 1-1h5a4 4 0 0 1 4 4 4 4 0 0 1 4-4h5a1 1 0 0 1 1 1v13a1 1 0 0 1-1 1h-6a3 3 0 0 0-3 3 3 3 0 0 0-3-3z" />\n              </svg>\n            </span>\n            Identity & Access\n          </div>\n          <details class="section-accordion">\n            <summary>\n              <h2>Account</h2>\n            </summary>\n            <div class="section-accordion-body">\n              \n                <p class="hint">\n                  \n                    Logged in as <strong>demo-user</strong>.\n                    Use this account for quota, saved reflections, and engagement.\n                  \n                </p>\n                <form method="post" class="quick-submit">\n                  <input type="hidden" name="csrfmiddlewaretoken" value="TZ8puka45hZCtw55vQpegyk758qgDVY3M1CgTqoUt5UwMapSD2MTgGLl5XTTCNqV">\n                  <input type="hidden" name="action" value="logout">\n                  <input type="hidden" name="language" value="en">\n                  <button type="submit" class="btn-ghost">Logout</button>\n                </form>\n              \n            </div>\n          </details>\n        </div>\n      \n      </aside>\n\n      <section class="stack main-stack">\n        <div class="panel panel-primary chat-shell on-landing" data-aos="fade-left" data-aos-delay="40" data-chat-shell>\n          <div class="conversation-panel-head">\n            <div class="conversation-title-block">\n              <div class="panel-kicker">\n                <span class="asset-icon" aria-hidden="true">\n                  <svg xmlns="http://www.w3.org/2000/svg" viewBox="0 0 24 24" fill="none" stroke-width="2" stroke-linecap="round" stroke-linejoin="round">\n                    <path d="M15 12h-5" />\n                    <path d="M15 8h-5" />\n                    <path d="M19 17V5a2 2 0 0 0-2-2H4" />\n                    <path d="M8 21h12a2 2 0 0 0 2-2v-1a1 1 0 0 0-1-1H11a1 1 0 0 0-1 1v1a2 2 0 1 1-4 0V5a2 2 0 1 0-4 0v2a1 1 0 0 0 1 1h3" />\n                  </svg>\n                </span>\n                Living Dialogue\n              </div>\n              <h2>\n                \n                  Start Chatting\n                \n              </h2>\n              <p class="conversation-panel-meta">\n                \n                  \n                    \n                      Open a saved thread or send your first message below.\n                    \n                  \n                \n              </p>\n            </div>\n            <div class="conversation-toolbar">\n              <div class="conversation-toolbar-main">\n                <div class="conversation-mode-switcher">\n                  <span class="conversation-mode-switcher-label">\n                    Approach\n                  </span>\n                  <a\n                    href="/api/chat-ui/?conversation_id=&mode=simple&language=en"\n                    class="mode-switch-btn active"\n                    title="Quick, clear guidance"\n                  >\n                    <span>Simple</span>\n                  </a>\n                  <a\n                    href="/api/chat-ui/?conversation_id=&mode=deep&language=en"\n                    class="mode-switch-btn "\n                    title="Deeper reflection"\n                  >\n                    <span>Deep</span>\n                  </a>\n                </div>\n              </div>\n              \n            </div>\n          </div>\n\n          \n\n          <div class="chat-scroll-area">\n            \n            <div\n              class="transcript"\n              data-transcript\n              data-thread-total-count="0"\n              data-thread-empty-label="No messages yet. Start the conversation below."\n            >\n              \n                <!-- Landing Page - shown when no conversation is active -->\n                <div class="landing-page">\n                  <div class="landing-hero-grid">\n                    <div class="landing-intro">\n                      <div class="landing-logo">\xf0\x9f\x99\x8f</div>\n                      <div class="landing-kicker">\n                        Living Dialogue\n                      </div>\n                      <h1 class="landing-title">Get Verse-Based Guidance For Your Problem</h1>\n                      <p class="landing-subtitle">\n                        \n                          Ask about anxiety, career, relationships, discipline, fear, or purpose and receive relevant Bhagavad Gita guidance.\n                        \n                      </p>\n                      <div class="landing-intro-pills">\n                        <span class="landing-intro-pill">Relevant verses</span>\n                        <span class="landing-intro-pill">Plain-language meaning</span>\n                        <span class="landing-intro-pill">A grounded next step</span>\n                      </div>\n                    </div>\n                  </div>\n\n                  <div class="landing-actions">\n                    <div class="landing-card landing-card-chat" data-start-conversation>\n                      <div class="landing-card-icon">\n                        <span class="asset-icon large" aria-hidden="true">\n                          <svg xmlns="http://www.w3.org/2000/svg" viewBox="0 0 24 24" fill="none" stroke-width="2" stroke-linecap="round" stroke-linejoin="round">\n                            <path d="M11.017 2.814a1 1 0 0 1 1.966 0l1.051 5.558a2 2 0 0 0 1.594 1.594l5.558 1.051a1 1 0 0 1 0 1.966l-5.558 1.051a2 2 0 0 0-1.594 1.594l-1.051 5.558a1 1 0 0 1-1.966 0l-1.051-5.558a2 2 0 0 0-1.594-1.594l-5.558-1.051a1 1 0 0 1 0-1.966l5.558-1.051a2 2 0 0 0 1.594-1.594z" />\n                            <path d="M20 2v4" />\n                            <path d="M22 4h-4" />\n                            <circle cx="4" cy="20" r="2" />\n                          </svg>\n                        </span>\n                      </div>\n                      <div class="landing-card-title">\n                        \n                          Ask Your Question\n                        \n                      </div>\n                      <div class="landing-card-desc">\n                        \n                          \n                            Describe your problem and get relevant verses, meaning, and a practical next step.\n                          \n                        \n                      </div>\n                    </div>\n\n                    <div class="landing-card landing-card-gita" data-open-gita-reader data-language="en">\n                      <div class="landing-card-icon">\n                        <span class="asset-icon large" aria-hidden="true">\n                          <svg xmlns="http://www.w3.org/2000/svg" viewBox="0 0 24 24" fill="none" stroke-width="2" stroke-linecap="round" stroke-linejoin="round">\n                            <path d="M12 7v14" />\n                            <path d="M3 18a1 1 0 0 1-1-1V4a1 1 0 0 1 1-1h5a4 4 0 0 1 4 4 4 4 0 0 1 4-4h5a1 1 0 0 1 1 1v13a1 1 0 0 1-1 1h-6a3 3 0 0 0-3 3 3 3 0 0 0-3-3z" />\n                          </svg>\n                        </span>\n                      </div>\n                      <div class="landing-card-title">\n                        Read Gita\n                      </div>\n                      <div class="landing-card-desc">\n                        \n                          Explore all 18 chapters, 700 verses, and rich commentary\n                        \n                      </div>\n                    </div>\n                  </div>\n\n                  <div class="landing-growth">\n                    <div class="landing-sharebar">\n                      <div class="landing-share-copy">\n                        \n                          Share this with a friend who is navigating anxiety, purpose, or a difficult decision.\n                        \n                      </div>\n                      <button type="button" class="btn-secondary" data-share-app>\n                        Share App\n                      </button>\n                      <button type="button" class="btn-ghost" data-copy-app-link>\n                        Copy Link\n                      </button>\n                    </div>\n\n                    <div class="landing-starter-grid">\n                      <button\n                        type="button"\n                        class="landing-starter"\n                        data-seed-question="I am struggling with comparison and envy. How can I find peace?"\n                      >\n                        <strong>Comparison & Envy</strong>\n                        <span>Prefill this dilemma and start instantly.</span>\n                      </button>\n                      <button\n                        type="button"\n                        class="landing-starter"\n                        data-seed-question="I work hard, but fear of results breaks my confidence. What should I do?"\n                      >\n                        <strong>Fear of Outcomes</strong>\n                        <span>Get guidance on action without anxiety.</span>\n                      </button>\n                      <button\n                        type="button"\n                        class="landing-starter"\n                        data-seed-question="In relationships, I react too quickly. How can I respond with steadiness?"\n                      >\n                        <strong>Relational Stability</strong>\n                        <span>Practice pause-before-reaction guidance.</span>\n                      </button>\n                      <button\n                        type="button"\n                        class="landing-starter"\n                        data-seed-question="I feel directionless. What does the Gita teach about my dharma?"\n                      >\n                        <strong>Direction & Dharma</strong>\n                        <span>Find clarity about purpose and role.</span>\n                      </button>\n                    </div>\n\n                    <div class="landing-proof-grid">\n                      <div class="landing-proof">\n                        <strong>Verse-First</strong>\n                        <span>Every answer is grounded in explicit Gita references.</span>\n                      </div>\n                      <div class="landing-proof">\n                        <strong>Practical</strong>\n                        <span>Not just philosophy, but the next concrete step.</span>\n                      </div>\n                      <div class="landing-proof">\n                        <strong>Shareable Wisdom</strong>\n                        <span>Built to be shared with friends in one tap.</span>\n                      </div>\n                    </div>\n                  </div>\n                </div>\n\n                <!-- Empty state for composer mode -->\n                <div class="transcript-empty composer-prompt" style="display: none;">\n                  \n                    Ask your question and we\xe2\x80\x99ll find the most relevant Gita verse, explain its meaning, and turn it into practical guidance for your situation.\n                  \n                </div>\n              \n            </div>\n          </div>\n\n          <!-- Composer at bottom of chat panel (standard chat UI pattern) -->\n          <div class="chat-bottom-composer">\n            <form method="post" action="/api/chat-ui/" class="quick-submit">\n              <input type="hidden" name="csrfmiddlewaretoken" value="TZ8puka45hZCtw55vQpegyk758qgDVY3M1CgTqoUt5UwMapSD2MTgGLl5XTTCNqV">\n              <input type="hidden" name="action" value="ask">\n              <input type="hidden" name="conversation_id" value="">\n              <input type="hidden" name="user_id" value="demo-user">\n              <input type="hidden" name="mode" value="simple">\n              <input type="hidden" name="language" value="en">\n              <div class="composer-guidance">\n                <span>\n                  \n                    \n                      <strong>Tip:</strong> a sentence about what you\xe2\x80\x99re facing and how you feel helps tailor the reply.\n                    \n                  \n                </span>\n                \n              </div>\n              <textarea id="chat_message" name="message" rows="2" placeholder="e.g. I feel anxious about my career and future. What should I do?" ></textarea>\n              <div class="chat-composer-actions">\n                \n                <button type="submit" >Send</button>\n              </div>\n            </form>\n          </div>\n        </div>\n\n        \n          <div class="panel panel-secondary" data-aos="fade-left" data-aos-delay="60">\n            <div class="panel-kicker">\n              <span class="asset-icon" aria-hidden="true">\n                <svg xmlns="http://www.w3.org/2000/svg" viewBox="0 0 24 24" fill="none" stroke-width="2" stroke-linecap="round" stroke-linejoin="round">\n                  <path d="M15 12h-5" />\n                  <path d="M15 8h-5" />\n                  <path d="M19 17V5a2 2 0 0 0-2-2H4" />\n                  <path d="M8 21h12a2 2 0 0 0 2-2v-1a1 1 0 0 0-1-1H11a1 1 0 0 0-1 1v1a2 2 0 1 1-4 0V5a2 2 0 1 0-4 0v2a1 1 0 0 0 1 1h3" />\n                </svg>\n              </span>\n              Guidance Tone\n            </div>\n            <h2>How this helps</h2>\n            <p class="hint">\n              \n                This assistant gives Bhagavad Gita-based spiritual guidance for modern life problems and is not a replacement\n                for crisis, medical, or legal support.\n              \n            </p>\n            <h3>Try a starter prompt</h3>\n            <div class="chips">\n              \n                \n                <form method="post" class="chip-form quick-submit">\n                  <input type="hidden" name="csrfmiddlewaretoken" value="TZ8puka45hZCtw55vQpegyk758qgDVY3M1CgTqoUt5UwMapSD2MTgGLl5XTTCNqV">\n                  <input type="hidden" name="action" value="ask">\n                  <input type="hidden" name="user_id" value="demo-user">\n                  <input type="hidden" name="mode" value="simple">\n                  <input type="hidden" name="language" value="en">\n                  <input type="hidden" name="conversation_id" value="">\n                  <input type="hidden" name="message" value="I feel anxious about my career growth and future. What should I do?">\n                  <button type="submit" class="chip-btn">I feel anxious about my career growth and future. What should I do?</button>\n                </form>\n                \n                <form method="post" class="chip-form quick-submit">\n                  <input type="hidden" name="csrfmiddlewaretoken" value="TZ8puka45hZCtw55vQpegyk758qgDVY3M1CgTqoUt5UwMapSD2MTgGLl5XTTCNqV">\n                  <input type="hidden" name="action" value="ask">\n                  <input type="hidden" name="user_id" value="demo-user">\n                  <input type="hidden" name="mode" value="simple">\n                  <input type="hidden" name="language" value="en">\n                  <input type="hidden" name="conversation_id" value="">\n                  <input type="hidden" name="message" value="I get angry quickly in relationships. How can I respond with more control?">\n                  <button type="submit" class="chip-btn">I get angry quickly in relationships. How can I respond with more control?</button>\n                </form>\n                \n                <form method="post" class="chip-form quick-submit">\n                  <input type="hidden" name="csrfmiddlewaretoken" value="TZ8puka45hZCtw55vQpegyk758qgDVY3M1CgTqoUt5UwMapSD2MTgGLl5XTTCNqV">\n                  <input type="hidden" name="action" value="ask">\n                  <input type="hidden" name="user_id" value="demo-user">\n                  <input type="hidden" name="mode" value="simple">\n                  <input type="hidden" name="language" value="en">\n                  <input type="hidden" name="conversation_id" value="">\n                  <input type="hidden" name="message" value="I feel stuck and directionless. How do I find purpose and direction?">\n                  <button type="submit" class="chip-btn">I feel stuck and directionless. How do I find purpose and direction?</button>\n                </form>\n                \n                <form method="post" class="chip-form quick-submit">\n                  <input type="hidden" name="csrfmiddlewaretoken" value="TZ8puka45hZCtw55vQpegyk758qgDVY3M1CgTqoUt5UwMapSD2MTgGLl5XTTCNqV">\n                  <input type="hidden" name="action" value="ask">\n                  <input type="hidden" name="user_id" value="demo-user">\n                  <input type="hidden" name="mode" value="simple">\n                  <input type="hidden" name="language" value="en">\n                  <input type="hidden" name="conversation_id" value="">\n                  <input type="hidden" name="message" value="I procrastinate and lose discipline. What daily practice should I start?">\n                  <button type="submit" class="chip-btn">I procrastinate and lose discipline. What daily practice should I start?</button>\n                </form>\n                \n              \n            </div>\n          </div>\n\n          \n        \n\n        \n          <div class="panel" data-aos="fade-up" data-aos-delay="80">\n            <h2>Guidance</h2>\n            <div class="section">\n              \n                Ask your first question to see guidance, verses, actions, and reflection in a clean modern layout.\n              \n            </div>\n          </div>\n        \n\n        <section\n          id="community-preview-discussion"\n          class="community-preview"\n          data-community-preview\n          data-preview-limit="4"\n          data-community-logged-in="1"\n          data-api-base="/api/community/posts/"\n          data-lang="en"\n        >\n          <button\n            type="button"\n            class="community-preview-teaser"\n            data-community-toggle\n            aria-expanded="false"\n            aria-controls="community-preview-panel"\n            id="community-preview-teaser-btn"\n          >\n            <span class="community-preview-teaser-icon" aria-hidden="true">\n              <svg xmlns="http://www.w3.org/2000/svg" width="22" height="22" viewBox="0 0 24 24" fill="none" stroke="currentColor" stroke-width="2" stroke-linecap="round" stroke-linejoin="round">\n                <path d="M21 15a2 2 0 0 1-2 2H7l-4 4V5a2 2 0 0 1 2-2h14a2 2 0 0 1 2 2z" />\n              </svg>\n            </span>\n            <span class="community-preview-teaser-copy">\n              <span class="community-preview-teaser-kicker">\n                Community\n              </span>\n              <span class="community-preview-teaser-title">\n                Comments &amp; replies\n              </span>\n              <span class="community-preview-teaser-hint">\n                \n                  Click to expand \xc2\xb7 after your guidance\n                \n              </span>\n            </span>\n            <span class="community-preview-chevron" aria-hidden="true">\n              <svg xmlns="http://www.w3.org/2000/svg" width="18" height="18" viewBox="0 0 24 24" fill="none" stroke="currentColor" stroke-width="2" stroke-linecap="round" stroke-linejoin="round">\n                <path d="m6 9 6 6 6-6" />\n              </svg>\n            </span>\n          </button>\n          <div\n            class="community-preview-panel"\n            id="community-preview-panel"\n            role="region"\n            aria-labelledby="community-preview-teaser-btn"\n            data-community-panel\n            aria-hidden="true"\n          >\n            <div class="community-preview-inner">\n              <header class="community-preview-head">\n                <p class="community-preview-lead community-preview-lead--panel">\n                  \n                    Short preview here \xe2\x80\x94 open the full page to edit or remove posts.\n                  \n                </p>\n                <a\n                  class="community-preview-full"\n                  href="/community/?language=en"\n                >\n                  Open full page\n                </a>\n              </header>\n\n              \n                <div class="community-preview-compose">\n                  <label class="community-preview-label" for="community-root-input">\n                    New comment\n                  </label>\n                  <textarea\n                    id="community-root-input"\n                    data-community-root-input\n                    maxlength="4000"\n                    rows="2"\n                    placeholder="Share a brief reflection\xe2\x80\xa6"\n                  ></textarea>\n                  <button type="button" class="community-preview-post-btn" data-community-root-submit>\n                    Post\n                  </button>\n                </div>\n              \n\n              <div class="community-preview-list" data-community-preview-list aria-live="polite"></div>\n              <div class="community-preview-load-wrap" data-community-load-wrap hidden>\n                <button type="button" class="btn-ghost community-preview-more" data-community-load-more>\n                  Load more\n                </button>\n              </div>\n              <p class="community-preview-status" data-community-preview-status aria-live="polite"></p>\n            </div>\n          </div>\n        </section>\n      </section>\n    </section>\n  </main>\n\n  <!-- Gita Reader Modal -->\n  <div class="gita-reader-overlay" data-gita-reader-overlay></div>\n  <div class="gita-reader-modal" data-gita-reader-modal>\n    <div class="reader-container">\n      <div class="reader-header">\n        <h2 class="reader-title" data-reader-title>\n          Shrimad Bhagavad Gita\n        </h2>\n        <button type="button" class="reader-close-btn" data-close-gita-reader>\n          Close \xe2\x9c\x95\n        </button>\n      </div>\n      <div class="reader-nav" data-reader-nav>\n        <button type="button" class="reader-nav-item active" data-nav="chapters">\n          Chapters\n        </button>\n      </div>\n      <div class="reader-content" data-reader-content>\n        <!-- Content loaded dynamically -->\n      </div>\n    </div>\n  </div>\n\n  \n\n  <script src="https://unpkg.com/aos@2.3.1/dist/aos.js"></script>\n  <script src="https://cdnjs.cloudflare.com/ajax/libs/gsap/3.12.5/gsap.min.js"></script>\n  <script src="https://checkout.razorpay.com/v1/checkout.js"></script>\n  \n    <script src="https://accounts.google.com/gsi/client" async defer></script>\n  \n  <script\n    src="https://cdnjs.cloudflare.com/ajax/libs/gsap/3.12.5/ScrollTrigger.min.js"\n  ></script>\n  <script\n    src="https://cdnjs.cloudflare.com/ajax/libs/vanilla-tilt/1.8.1/vanilla-tilt.min.js"\n    crossorigin="anonymous"\n    referrerpolicy="no-referrer"\n  ></script>\n  <script>\n    window.initChatUi = function initChatUi() {\n      function initAos() {\n        if (!window.AOS) {\n          return;\n        }\n        window.AOS.init({\n          duration: 520,\n          once: true,\n          offset: 18,\n          easing: "ease-out-cubic",\n        });\n        window.AOS.refreshHard();\n      }\n\n      function initGsapMotion() {\n        if (!window.gsap) {\n          return;\n        }\n\n        if (window.ScrollTrigger) {\n          window.gsap.registerPlugin(window.ScrollTrigger);\n        }\n\n        // Entrance rhythm keeps the UI responsive after each partial\n        // rerender of the chat shell.\n        window.gsap.from(".top-nav", {\n          y: -14,\n          opacity: 0,\n          duration: 0.36,\n          ease: "power2.out",\n        });\n        window.gsap.from(".hero", {\n          y: -10,\n          opacity: 0,\n          duration: 0.4,\n          delay: 0.04,\n          ease: "power2.out",\n        });\n        window.gsap.from(".naam-japa-sanctuary", {\n          y: 12,\n          opacity: 0,\n          duration: 0.46,\n          delay: 0.1,\n          ease: "power2.out",\n        });\n        window.gsap.from(".panel", {\n          y: 14,\n          opacity: 0,\n          duration: 0.42,\n          stagger: 0.04,\n          delay: 0.08,\n          ease: "power2.out",\n          clearProps: "all",\n        });\n        window.gsap.to(".bg-orb.orb-1", {\n          yPercent: -10,\n          xPercent: 6,\n          duration: 8,\n          repeat: -1,\n          yoyo: true,\n          ease: "sine.inOut",\n        });\n        window.gsap.to(".bg-orb.orb-2", {\n          yPercent: 8,\n          xPercent: -5,\n          duration: 9,\n          repeat: -1,\n          yoyo: true,\n          ease: "sine.inOut",\n        });\n        window.gsap.to(".bg-orb.orb-3", {\n          yPercent: -7,\n          xPercent: 4,\n          duration: 7,\n          repeat: -1,\n          yoyo: true,\n          ease: "sine.inOut",\n        });\n      }\n\n      function initTilt() {\n        if (!window.VanillaTilt) {\n          return;\n        }\n\n        const tiltTargets = document.querySelectorAll(\n          ".today-card, .conversation-card",\n        );\n        tiltTargets.forEach((node) => {\n          if (node.dataset.tiltBound === "true") {\n            return;\n          }\n          node.dataset.tiltBound = "true";\n          window.VanillaTilt.init(node, {\n            max: 4,\n            speed: 380,\n            glare: false,\n            scale: 1.01,\n          });\n        });\n      }\n\n      function initAmbientEffects() {\n        const progress = document.querySelector("[data-page-progress]");\n        const aura = document.querySelector("[data-cursor-aura]");\n        const parallaxNodes = document.querySelectorAll("[data-parallax]");\n        const reduceMotion = window.matchMedia("(prefers-reduced-motion: reduce)").matches;\n\n        function updateProgress() {\n          if (!progress) {\n            return;\n          }\n          const scrollTop = window.scrollY || document.documentElement.scrollTop || 0;\n          const docHeight = document.documentElement.scrollHeight - window.innerHeight;\n          const ratio = docHeight > 0 ? Math.min(scrollTop / docHeight, 1) : 0;\n          progress.style.width = `${ratio * 100}%`;\n        }\n\n        updateProgress();\n        window.addEventListener("scroll", updateProgress, { passive: true });\n\n        if (reduceMotion) {\n          return;\n        }\n\n        let rafId = null;\n        let pointerX = window.innerWidth / 2;\n        let pointerY = window.innerHeight / 2;\n\n        function applyParallax() {\n          rafId = null;\n          const offsetX = (pointerX / window.innerWidth - 0.5) * 2;\n          const offsetY = (pointerY / window.innerHeight - 0.5) * 2;\n\n          if (aura) {\n            aura.style.left = `${pointerX}px`;\n            aura.style.top = `${pointerY}px`;\n          }\n\n          parallaxNodes.forEach((node) => {\n            const depth = Number(node.dataset.depth || 8);\n            node.style.transform = `translate3d(${offsetX * depth}px, ${offsetY * depth}px, 0)`;\n          });\n        }\n\n        function requestParallax() {\n          if (rafId !== null) {\n            return;\n          }\n          rafId = window.requestAnimationFrame(applyParallax);\n        }\n\n        window.addEventListener("mousemove", (event) => {\n          pointerX = event.clientX;\n          pointerY = event.clientY;\n          requestParallax();\n        }, { passive: true });\n\n        window.addEventListener("mouseleave", () => {\n          if (aura) {\n            aura.style.opacity = "0";\n          }\n        });\n\n        window.addEventListener("mouseenter", () => {\n          if (aura) {\n            aura.style.opacity = "";\n          }\n        });\n      }\n\n      function scrollTranscriptToLatest() {\n        const transcript = document.querySelector("[data-transcript]");\n        if (transcript) {\n          transcript.scrollTop = transcript.scrollHeight;\n        }\n      }\n\n      function scrollTranscriptToLatestReplyStart() {\n        const transcript = document.querySelector("[data-transcript]");\n        if (!transcript) {\n          return;\n        }\n\n        const assistantBubbles = transcript.querySelectorAll(".chat-bubble.assistant");\n        const latestAssistant = assistantBubbles[assistantBubbles.length - 1];\n        if (!latestAssistant) {\n          scrollTranscriptToLatest();\n          return;\n        }\n\n        const topOffset = latestAssistant.offsetTop - 12;\n        transcript.scrollTop = Math.max(topOffset, 0);\n      }\n\n      function scrollToUserBubbleInTranscript() {\n        // Scroll inside the transcript container to show the user\'s newest message\n        const transcript = document.querySelector("[data-transcript]");\n        if (!transcript) {\n          return;\n        }\n\n        const userBubbles = transcript.querySelectorAll(".chat-bubble.user");\n        const latestUser = userBubbles[userBubbles.length - 1];\n        if (latestUser) {\n          const topOffset = latestUser.offsetTop - 12;\n          transcript.scrollTop = Math.max(topOffset, 0);\n          // Also bring the transcript into the viewport\n          latestUser.scrollIntoView({ behavior: "auto", block: "nearest" });\n        }\n      }\n\n      function scrollToLatestAssistantInTranscript() {\n        // Scroll inside the transcript container so the newest assistant reply is visible\n        const transcript = document.querySelector("[data-transcript]");\n        if (!transcript) {\n          return;\n        }\n\n        const assistantBubbles = transcript.querySelectorAll(".chat-bubble.assistant");\n        const latestAssistant = assistantBubbles[assistantBubbles.length - 1];\n        if (latestAssistant) {\n          const topOffset = latestAssistant.offsetTop - 12;\n          transcript.scrollTop = Math.max(topOffset, 0);\n          // Also bring the assistant bubble into the page viewport\n          latestAssistant.scrollIntoView({ behavior: "auto", block: "nearest" });\n        } else {\n          scrollTranscriptToLatest();\n        }\n      }\n\n      const forms = document.querySelectorAll(".quick-submit");\n      forms.forEach((form) => {\n        if (form.dataset.quickBound === "true") {\n          return;\n        }\n        form.dataset.quickBound = "true";\n        form.addEventListener("submit", () => {\n          form.classList.add("loading");\n        });\n      });\n\n      function animateTyping(container, speed) {\n        if (!container) {\n          return;\n        }\n\n        const textNode = container.querySelector(".typing-text");\n        const cursorNode = container.querySelector(".typing-cursor");\n        if (!textNode || !cursorNode) {\n          return;\n        }\n\n        const fullText = textNode.textContent || "";\n        textNode.textContent = "";\n        let index = 0;\n\n        // Only animate the newest assistant output so revisiting a thread\n        // keeps older history instantly readable for the user.\n        function tick() {\n          if (index >= fullText.length) {\n            textNode.textContent = fullText;\n            cursorNode.remove();\n            container.classList.remove("typing-live");\n            return;\n          }\n\n          const step = fullText[index] === " " ? 1 : Math.min(2, fullText.length - index);\n          textNode.textContent += fullText.slice(index, index + step);\n          index += step;\n          window.setTimeout(\n            tick,\n            fullText[index - 1] === " " ? speed / 2 : speed,\n          );\n        }\n\n        tick();\n      }\n\n      animateTyping(\n        document.querySelector(\'[data-typing-target="latest-reply"]\'),\n        18,\n      );\n      animateTyping(\n        document.querySelector(\'[data-typing-target="guidance-panel"]\'),\n        11,\n      );\n\n      function buildBubble(role, contentHtml) {\n        const currentLanguage = (\n          document.querySelector("#sidebar_language")?.value\n          || document.querySelector(\'input[name="language"]\')?.value\n          || "en"\n        );\n        const bubble = document.createElement("div");\n        bubble.className = `chat-bubble ${role}`;\n\n        const label = document.createElement("span");\n        label.className = "chat-role";\n        if (role === "user") {\n          label.textContent = currentLanguage === "hi" ? "\xe0\xa4\x86\xe0\xa4\xaa" : "You";\n        } else {\n          label.textContent = (\n            currentLanguage === "hi"\n              ? "\xe0\xa4\xae\xe0\xa4\xbe\xe0\xa4\xb0\xe0\xa5\x8d\xe0\xa4\x97\xe0\xa4\xa6\xe0\xa4\xb0\xe0\xa5\x8d\xe0\xa4\xb6\xe0\xa4\xa8"\n              : "Guide"\n          );\n        }\n        bubble.appendChild(label);\n\n        const content = document.createElement("div");\n        content.innerHTML = contentHtml;\n        bubble.appendChild(content);\n        if (window.gsap) {\n          window.gsap.fromTo(\n            bubble,\n            { y: 8, opacity: 0 },\n            { y: 0, opacity: 1, duration: 0.22, ease: "power1.out" },\n          );\n        }\n        return bubble;\n      }\n\n      function ensureTranscript() {\n        let transcript = document.querySelector("[data-transcript]");\n        if (transcript) {\n          return transcript;\n        }\n\n        const chatShell = document.querySelector(".chat-shell");\n        if (!chatShell) {\n          return null;\n        }\n\n        const scrollArea = chatShell.querySelector(".chat-scroll-area");\n        if (!scrollArea) {\n          return null;\n        }\n\n        transcript = document.createElement("div");\n        transcript.className = "transcript";\n        transcript.setAttribute("data-transcript", "");\n        scrollArea.appendChild(transcript);\n        return transcript;\n      }\n\n      function replaceAppFromHtml(html, nextUrl) {\n        const parser = new DOMParser();\n        const doc = parser.parseFromString(html, "text/html");\n        const nextApp = doc.querySelector("main.app");\n        const currentApp = document.querySelector("main.app");\n\n        if (!nextApp || !currentApp) {\n          window.location.reload();\n          return false;\n        }\n\n        currentApp.replaceWith(nextApp);\n        if (nextUrl) {\n          window.history.replaceState({}, "", nextUrl);\n        }\n        if (typeof window.initChatUi === "function") {\n          window.initChatUi();\n        }\n        return true;\n      }\n\n      async function handleLiveAsk(form) {\n        const transcript = ensureTranscript();\n        if (!transcript) {\n          form.submit();\n          return;\n        }\n\n        const formData = new FormData(form);\n        const action = String(formData.get("action") || "");\n        if (action !== "ask") {\n          form.submit();\n          return;\n        }\n\n        const message = String(formData.get("message") || "").trim();\n        if (!message) {\n          form.submit();\n          return;\n        }\n\n        form.classList.add("loading");\n\n        if (typeof window.postAnalyticsEvent === "function") {\n          window.postAnalyticsEvent({\n            event_type: "ask_submit",\n            source: "chat_ui",\n            path: window.location.pathname,\n            metadata: {\n              mode: String(formData.get("mode") || "simple"),\n              language: String(formData.get("language") || "en"),\n            },\n          });\n        }\n\n        const emptyState = transcript.querySelector(".transcript-empty");\n        if (emptyState) {\n          emptyState.remove();\n        }\n\n        // Show the user\'s new message immediately so the chat feels live,\n        // then keep a thinking bubble in place until the server reply arrives.\n        const userBubble = buildBubble(\n          "user",\n          message.replace(/&/g, "&amp;").replace(/</g, "&lt;").replace(/>/g, "&gt;"),\n        );\n        userBubble.setAttribute("data-live-user", "true");\n        transcript.appendChild(userBubble);\n        const thinkingBubble = buildBubble(\n          "assistant",\n          (\n            \'<div class="thinking-bubble">\'\n            + \'<div class="chakra-loader-wrap">\'\n            + \'<span class="chakra-loader" aria-hidden="true"></span>\'\n            + \'<span class="chakra-caption">\'\n            + (\n              (document.querySelector("#sidebar_language")?.value || "en") === "hi"\n                ? "\xe0\xa4\xa6\xe0\xa4\xbf\xe0\xa4\xb5\xe0\xa5\x8d\xe0\xa4\xaf \xe0\xa4\xae\xe0\xa4\xbe\xe0\xa4\xb0\xe0\xa5\x8d\xe0\xa4\x97\xe0\xa4\xa6\xe0\xa4\xb0\xe0\xa5\x8d\xe0\xa4\xb6\xe0\xa4\xa8 \xe0\xa4\xaa\xe0\xa5\x8d\xe0\xa4\xb0\xe0\xa4\x95\xe0\xa4\x9f \xe0\xa4\xb9\xe0\xa5\x8b \xe0\xa4\xb0\xe0\xa4\xb9\xe0\xa4\xbe \xe0\xa4\xb9\xe0\xa5\x88..."\n                : "Receiving divine guidance..."\n            )\n            + \'</span>\'\n            + "</div>"\n            + "</div>"\n          ),\n        );\n        transcript.appendChild(thinkingBubble);\n\n        // Clear the textarea immediately after sending\n        const textarea = form.querySelector("textarea[name=\'message\']");\n        if (textarea) {\n          textarea.value = "";\n        }\n\n        // Keep the newest waiting state (Sudarshan loader) in view\n        // so users never need to manually scroll after sending.\n        transcript.scrollTop = transcript.scrollHeight;\n        thinkingBubble.scrollIntoView({ behavior: "auto", block: "nearest" });\n\n        try {\n          // Use getAttribute because form.action is shadowed by the <input name="action"> element\n          const formAction = form.getAttribute("action") || window.location.pathname;\n          const mode = String(formData.get("mode") || "simple");\n          const language = String(formData.get("language") || "en");\n          const canonicalNextUrl = (\n            `/api/chat-ui/?mode=${encodeURIComponent(mode)}`\n            + `&language=${encodeURIComponent(language)}`\n          );\n          const response = await fetch(formAction, {\n            method: "POST",\n            body: formData,\n            headers: {\n              "X-Requested-With": "XMLHttpRequest",\n            },\n          });\n          const html = await response.text();\n          // The server may create a new conversation_id on first ask (guest or signed-in).\n          // If we don\'t carry that id into the URL, the next render defaults back to the\n          // landing state and the chat appears to "disappear" even though the thread exists.\n          let nextUrl = canonicalNextUrl;\n          try {\n            const parser = new DOMParser();\n            const doc = parser.parseFromString(html, "text/html");\n            const idCandidates = Array.from(\n              doc.querySelectorAll(\'input[name="conversation_id"]\'),\n            )\n              .map((node) => (node && node.value ? String(node.value).trim() : ""))\n              .filter((value) => value);\n            const conversationId = idCandidates[0];\n            if (conversationId) {\n              nextUrl = (\n                `/api/chat-ui/?conversation_id=${encodeURIComponent(conversationId)}`\n                + `&mode=${encodeURIComponent(mode)}`\n                + `&language=${encodeURIComponent(language)}`\n              );\n            }\n          } catch (e) {\n            nextUrl = canonicalNextUrl;\n          }\n\n          const swapped = replaceAppFromHtml(html, nextUrl);\n          if (!swapped) {\n            return;\n          }\n          // After DOM replacement, if server returned an error keep it in view,\n          // otherwise scroll to the newest assistant reply.\n          window.setTimeout(() => {\n            const serverError = document.querySelector("main.app .message.error");\n            if (serverError) {\n              serverError.scrollIntoView({ behavior: "auto", block: "nearest" });\n              return;\n            }\n            scrollToLatestAssistantInTranscript();\n          }, 50);\n        } catch (error) {\n          thinkingBubble.remove();\n          form.classList.remove("loading");\n          const currentLanguage = (\n            document.querySelector("#sidebar_language")?.value\n            || document.querySelector(\'input[name="language"]\')?.value\n            || "en"\n          );\n          const fallbackMessage = document.createElement("div");\n          fallbackMessage.className = "message error";\n          fallbackMessage.textContent = (\n            currentLanguage === "hi"\n              ? "\xe0\xa4\xb2\xe0\xa4\xbe\xe0\xa4\x87\xe0\xa4\xb5 \xe0\xa4\x89\xe0\xa4\xa4\xe0\xa5\x8d\xe0\xa4\xa4\xe0\xa4\xb0 \xe0\xa4\xb2\xe0\xa5\x8b\xe0\xa4\xa1 \xe0\xa4\xa8\xe0\xa4\xb9\xe0\xa5\x80\xe0\xa4\x82 \xe0\xa4\xb9\xe0\xa5\x8b \xe0\xa4\xb8\xe0\xa4\x95\xe0\xa4\xbe\xe0\xa5\xa4 \xe0\xa4\x95\xe0\xa5\x83\xe0\xa4\xaa\xe0\xa4\xaf\xe0\xa4\xbe \xe0\xa4\xab\xe0\xa4\xbf\xe0\xa4\xb0 \xe0\xa4\xb8\xe0\xa5\x87 \xe0\xa4\xaa\xe0\xa5\x8d\xe0\xa4\xb0\xe0\xa4\xaf\xe0\xa4\xbe\xe0\xa4\xb8 \xe0\xa4\x95\xe0\xa4\xb0\xe0\xa5\x87\xe0\xa4\x82\xe0\xa5\xa4"\n              : "The live reply failed to load. Please try again."\n          );\n          const app = document.querySelector("main.app");\n          if (app) {\n            app.prepend(fallbackMessage);\n          }\n        }\n      }\n\n      document.querySelectorAll("form.quick-submit").forEach((form) => {\n        if (form.dataset.liveAskBound === "true") {\n          return;\n        }\n        form.dataset.liveAskBound = "true";\n        form.addEventListener("submit", (event) => {\n          const actionInput = form.querySelector(\'input[name="action"]\');\n          if (!actionInput || actionInput.value !== "ask") {\n            return;\n          }\n          event.preventDefault();\n          handleLiveAsk(form);\n        });\n      });\n\n      function initConversationScrollPaging() {\n        const scrollRoot = document.querySelector("[data-conversation-scroll]");\n        if (!scrollRoot || scrollRoot.dataset.bound === "true") {\n          return;\n        }\n        scrollRoot.dataset.bound = "true";\n\n        const list = scrollRoot.querySelector("[data-conversation-list]");\n        const loading = scrollRoot.querySelector("[data-conversation-loading]");\n        const empty = scrollRoot.querySelector("[data-conversation-empty]");\n        const panel = scrollRoot.closest(".panel") || scrollRoot.parentElement;\n        const searchInput = panel?.querySelector("[data-conversation-search]");\n        const clearBtn = panel?.querySelector("[data-conversation-clear]");\n        const sortButtons = Array.from(\n          panel?.querySelectorAll("[data-conversation-sort]") || []\n        );\n        const threadStat = panel?.querySelector(\'[data-conversation-stat="threads"]\');\n        const messageStat = panel?.querySelector(\'[data-conversation-stat="messages"]\');\n        const latestStat = panel?.querySelector(\'[data-conversation-stat="latest"]\');\n        const initialItemsNode = document.getElementById("chat-ui-conversation-items");\n        if (!list) {\n          return;\n        }\n\n        const language = scrollRoot.dataset.language || "en";\n        const locale = language === "hi" ? "hi-IN" : undefined;\n        const labels = language === "hi"\n          ? {\n              today: "\xe0\xa4\x86\xe0\xa4\x9c",\n              thisWeek: "\xe0\xa4\x87\xe0\xa4\xb8 \xe0\xa4\xb8\xe0\xa4\xaa\xe0\xa5\x8d\xe0\xa4\xa4\xe0\xa4\xbe\xe0\xa4\xb9",\n              earlier: "\xe0\xa4\xaa\xe0\xa5\x81\xe0\xa4\xb0\xe0\xa4\xbe\xe0\xa4\xa8\xe0\xa5\x87",\n              updated: "\xe0\xa4\x85\xe0\xa4\xaa\xe0\xa4\xa1\xe0\xa5\x87\xe0\xa4\x9f",\n              deleteLabel: "\xe0\xa4\xb9\xe0\xa4\x9f\xe0\xa4\xbe\xe0\xa4\x8f\xe0\xa4\x82",\n            }\n          : {\n              today: "Today",\n              thisWeek: "This week",\n              earlier: "Earlier",\n              updated: "Updated",\n              deleteLabel: "Delete",\n            };\n\n        let fetching = false;\n        let searchQuery = "";\n        let sortOrder = "newest";\n        let items = [];\n\n        function escapeHtml(value) {\n          return String(value || "")\n            .replaceAll("&", "&amp;")\n            .replaceAll("<", "&lt;")\n            .replaceAll(">", "&gt;");\n        }\n\n        function readJsonScript(node) {\n          if (!node || !node.textContent) {\n            return [];\n          }\n          try {\n            const parsed = JSON.parse(node.textContent);\n            return Array.isArray(parsed) ? parsed : [];\n          } catch (error) {\n            return [];\n          }\n        }\n\n        function getCsrfToken() {\n          const tokenInput = document.querySelector(\'[name="csrfmiddlewaretoken"]\');\n          if (tokenInput && tokenInput.value) {\n            return tokenInput.value;\n          }\n          const match = document.cookie.match(/(?:^|; )csrftoken=([^;]+)/);\n          return match ? decodeURIComponent(match[1]) : "";\n        }\n\n        function normalizeItem(item) {\n          if (!item || item.id === undefined || item.id === null) {\n            return null;\n          }\n          return {\n            ...item,\n            id: String(item.id),\n            message_count: Number(item.message_count) || 0,\n            updated_at_iso: String(item.updated_at_iso || ""),\n          };\n        }\n\n        function rowDate(item) {\n          const raw = item.updated_at_iso || "";\n          const date = raw ? new Date(raw) : new Date(0);\n          return Number.isNaN(date.getTime()) ? new Date(0) : date;\n        }\n\n        function formatShortDate(value) {\n          const date = value ? new Date(value) : new Date(0);\n          if (Number.isNaN(date.getTime()) || date.getTime() === 0) {\n            return "-";\n          }\n          return date.toLocaleDateString(locale, {\n            month: "short",\n            day: "numeric",\n          });\n        }\n\n        function updateStats() {\n          const totalMessages = items.reduce(\n            (sum, item) => sum + (Number(item.message_count) || 0),\n            0,\n          );\n          if (threadStat) {\n            threadStat.textContent = String(items.length);\n          }\n          if (messageStat) {\n            messageStat.textContent = String(totalMessages);\n          }\n          if (latestStat) {\n            latestStat.textContent = formatShortDate(items[0]?.updated_at_iso || "");\n          }\n        }\n\n        function setSortState() {\n          sortButtons.forEach((button) => {\n            const isActive = button.dataset.conversationSort === sortOrder;\n            button.classList.toggle("active", isActive);\n            button.setAttribute("aria-pressed", isActive ? "true" : "false");\n          });\n        }\n\n        function getFilteredItems() {\n          let filtered = items;\n          if (searchQuery.trim()) {\n            const query = searchQuery.trim().toLowerCase();\n            filtered = items.filter((item) => {\n              const title = String(item.title || "").toLowerCase();\n              const preview = String(item.preview || "").toLowerCase();\n              return title.includes(query) || preview.includes(query);\n            });\n          }\n          if (sortOrder === "oldest") {\n            filtered = [...filtered].reverse();\n          }\n          return filtered;\n        }\n\n        function groupItems(sourceItems) {\n          const now = new Date();\n          const startOfToday = new Date(\n            now.getFullYear(),\n            now.getMonth(),\n            now.getDate(),\n          );\n          const startOfWeek = new Date(startOfToday);\n          startOfWeek.setDate(startOfWeek.getDate() - 7);\n\n          const today = [];\n          const thisWeek = [];\n          const earlier = [];\n\n          sourceItems.forEach((item) => {\n            const updatedAt = rowDate(item);\n            if (updatedAt >= startOfToday) {\n              today.push(item);\n            } else if (updatedAt >= startOfWeek) {\n              thisWeek.push(item);\n            } else {\n              earlier.push(item);\n            }\n          });\n\n          const groups = [];\n          if (today.length) {\n            groups.push({ label: labels.today, items: today });\n          }\n          if (thisWeek.length) {\n            groups.push({ label: labels.thisWeek, items: thisWeek });\n          }\n          if (earlier.length) {\n            groups.push({ label: labels.earlier, items: earlier });\n          }\n          if (!groups.length && sourceItems.length) {\n            groups.push({ label: labels.earlier, items: [...sourceItems] });\n          }\n          return groups;\n        }\n\n        function renderCard(item, csrfToken) {\n          const mode = scrollRoot.dataset.mode || "simple";\n          const activeId = scrollRoot.dataset.activeConversationId || "";\n          const userId = scrollRoot.dataset.userId || "guest";\n          const isActive = String(item.id) === String(activeId);\n          const csrfField = csrfToken\n            ? `<input type="hidden" name="csrfmiddlewaretoken" value="${escapeHtml(csrfToken)}">`\n            : "";\n          return `\n            <div class="conversation-card${isActive ? " active" : ""}">\n              <div class="conversation-card-top">\n                <a\n                  href="/api/chat-ui/?conversation_id=${encodeURIComponent(item.id)}&mode=${encodeURIComponent(mode)}&language=${encodeURIComponent(language)}"\n                  class="conversation-link"\n                  title="${escapeHtml(item.updated_at_display)}"\n                >\n                  <span class="conversation-title">${escapeHtml(item.title)}</span>\n                  <span class="conversation-preview">${escapeHtml(item.preview)}</span>\n                  <span class="conversation-meta">\n                    <span>${escapeHtml(item.message_count_label)}</span>\n                    <span>${labels.updated} ${escapeHtml(item.updated_label)}</span>\n                  </span>\n                </a>\n                <form method="post" class="quick-submit">\n                  ${csrfField}\n                  <input type="hidden" name="action" value="delete_conversation">\n                  <input type="hidden" name="user_id" value="${escapeHtml(userId)}">\n                  <input type="hidden" name="mode" value="${escapeHtml(mode)}">\n                  <input type="hidden" name="language" value="${escapeHtml(language)}">\n                  <input type="hidden" name="conversation_id" value="${escapeHtml(item.id)}">\n                  <input type="hidden" name="active_conversation_id" value="${escapeHtml(activeId)}">\n                  <button\n                    type="submit"\n                    class="conversation-delete"\n                    title="${escapeHtml(item.updated_at_display)}"\n                  >\n                    ${labels.deleteLabel}\n                  </button>\n                </form>\n              </div>\n            </div>\n          `;\n        }\n\n        function renderList() {\n          const filteredItems = getFilteredItems();\n          const groups = groupItems(filteredItems);\n          const csrfToken = getCsrfToken();\n\n          if (clearBtn) {\n            clearBtn.hidden = !searchQuery.trim();\n          }\n          setSortState();\n          updateStats();\n\n          if (!filteredItems.length) {\n            list.innerHTML = "";\n            if (empty) {\n              empty.hidden = false;\n            }\n            return;\n          }\n\n          if (empty) {\n            empty.hidden = true;\n          }\n\n          list.innerHTML = groups.map((group) => `\n            <section class="conversation-group">\n              <div class="conversation-group-label">${escapeHtml(group.label)}</div>\n              <div class="conversation-group-items">\n                ${group.items.map((item) => renderCard(item, csrfToken)).join("")}\n              </div>\n            </section>\n          `).join("");\n        }\n\n        function mergeItems(nextItems) {\n          const seenIds = new Set(items.map((item) => String(item.id)));\n          nextItems.forEach((rawItem) => {\n            const item = normalizeItem(rawItem);\n            if (!item || seenIds.has(item.id)) {\n              return;\n            }\n            seenIds.add(item.id);\n            items.push(item);\n          });\n          renderList();\n        }\n\n        items = readJsonScript(initialItemsNode)\n          .map(normalizeItem)\n          .filter(Boolean);\n        renderList();\n\n        async function maybeLoadMore() {\n          if (fetching) {\n            return;\n          }\n          if (scrollRoot.dataset.hasMore !== "true") {\n            return;\n          }\n          if (\n            scrollRoot.scrollTop + scrollRoot.clientHeight\n            < scrollRoot.scrollHeight - 36\n          ) {\n            return;\n          }\n\n          const nextOffset = scrollRoot.dataset.nextOffset || "";\n          if (!nextOffset) {\n            scrollRoot.dataset.hasMore = "false";\n            return;\n          }\n\n          fetching = true;\n          if (loading) {\n            loading.style.display = "block";\n          }\n\n          try {\n            const mode = scrollRoot.dataset.mode || "simple";\n            const language = scrollRoot.dataset.language || "en";\n            const url = (\n              `/api/chat-ui/?fragment=conversations&offset=${encodeURIComponent(nextOffset)}`\n              + `&limit=3&mode=${encodeURIComponent(mode)}&language=${encodeURIComponent(language)}`\n            );\n            const response = await fetch(url, {\n              method: "GET",\n              headers: { "X-Requested-With": "XMLHttpRequest" },\n            });\n            if (!response.ok) {\n              throw new Error("conversation_fragment_load_failed");\n            }\n            const payload = await response.json();\n            mergeItems(payload.items || []);\n            scrollRoot.dataset.hasMore = payload.has_more ? "true" : "false";\n            scrollRoot.dataset.nextOffset = (\n              payload.next_offset === null || payload.next_offset === undefined\n                ? ""\n                : String(payload.next_offset)\n            );\n          } catch (error) {\n            scrollRoot.dataset.hasMore = "false";\n          } finally {\n            fetching = false;\n            if (loading) {\n              loading.style.display = "none";\n            }\n          }\n        }\n\n        searchInput?.addEventListener("input", (event) => {\n          searchQuery = String(event.target.value || "");\n          renderList();\n        });\n\n        clearBtn?.addEventListener("click", () => {\n          searchQuery = "";\n          if (searchInput) {\n            searchInput.value = "";\n            searchInput.focus();\n          }\n          renderList();\n        });\n\n        sortButtons.forEach((button) => {\n          button.addEventListener("click", () => {\n            const nextSort = button.dataset.conversationSort || "newest";\n            if (sortOrder === nextSort) {\n              return;\n            }\n            sortOrder = nextSort;\n            renderList();\n          });\n        });\n\n        scrollRoot.addEventListener("scroll", maybeLoadMore);\n      }\n\n      /**\n       * Fetch for same-origin routes guarded by GitaBrowseAPIPermission: browser\n       * access must not send Authorization: Token (Free plan would get 403).\n       * Always sends cookies (session) for CSRF on POST.\n       */\n      function fetchPublicBrowse(url, options = {}) {\n        const { headers: rawHeaders, ...rest } = options;\n        const h = new Headers(rawHeaders || {});\n        h.delete("Authorization");\n        return fetch(url, {\n          ...rest,\n          credentials: "same-origin",\n          headers: h,\n        });\n      }\n\n      function getChatTokenCookie() {\n        const match = document.cookie.match(/(?:^|;\\s*)chat_token=([^;]+)/);\n        return match ? decodeURIComponent(match[1]) : "";\n      }\n\n      function initConversationThreadPaging() {\n        const controls = document.querySelector(\'[data-thread-controls]\');\n        const transcript = document.querySelector(\'[data-transcript]\');\n        if (!controls || !transcript || controls.dataset.bound === \'true\') {\n          return;\n        }\n        controls.dataset.bound = \'true\';\n\n        const refreshBtn = controls.querySelector(\'[data-thread-refresh]\');\n        const loadOlderBtn = controls.querySelector(\'[data-thread-load-older]\');\n        const statusNode = controls.querySelector(\'[data-thread-status]\');\n        const conversationId = String(controls.dataset.conversationId || \'\').trim();\n        const threadLimit = Math.max(\n          parseInt(controls.dataset.threadLimit || \'30\', 10) || 30,\n          1,\n        );\n\n        if (!conversationId) {\n          return;\n        }\n\n        function currentLanguage() {\n          return (\n            document.querySelector(\'#sidebar_language\')?.value\n            || document.querySelector(\'input[name="language"]\')?.value\n            || \'en\'\n          );\n        }\n\n        function setStatus(message, isError = false) {\n          if (!statusNode) {\n            return;\n          }\n          statusNode.textContent = message || \'\';\n          statusNode.classList.toggle(\'is-error\', Boolean(message && isError));\n        }\n\n        function setBusy(button, busy) {\n          if (!button) {\n            return;\n          }\n          const defaultLabel = button.dataset.labelDefault || button.textContent || \'\';\n          const loadingLabel = button.dataset.labelLoading || defaultLabel;\n          button.disabled = busy;\n          button.textContent = busy ? loadingLabel : defaultLabel;\n        }\n\n        function buildReplyPayload(content) {\n          return {\n            message: \'\',\n            guidance: String(content || \'\'),\n            response_preview: String(content || \'\'),\n            response_mode: \'fallback\',\n            verse_references: [],\n            conversation_id: conversationId,\n            language: currentLanguage(),\n          };\n        }\n\n        function buildThreadBubble(message) {\n          const language = currentLanguage();\n          const isUser = String(message?.role || \'\') === \'user\';\n          const bubble = document.createElement(\'div\');\n          bubble.className = `chat-bubble ${isUser ? \'user\' : \'assistant\'}`;\n\n          const label = document.createElement(\'span\');\n          label.className = \'chat-role\';\n          label.textContent = isUser\n            ? (language === \'hi\' ? \'\xe0\xa4\x86\xe0\xa4\xaa\' : \'You\')\n            : (language === \'hi\' ? \'\xe0\xa4\xae\xe0\xa4\xbe\xe0\xa4\xb0\xe0\xa5\x8d\xe0\xa4\x97\xe0\xa4\xa6\xe0\xa4\xb0\xe0\xa5\x8d\xe0\xa4\xb6\xe0\xa4\xa8\' : \'Guide\');\n          bubble.appendChild(label);\n\n          if (isUser) {\n            bubble.appendChild(\n              document.createTextNode(String(message?.content || \'\')),\n            );\n            return bubble;\n          }\n\n          const stack = document.createElement(\'div\');\n          stack.className = \'assistant-stack\';\n\n          const replyMain = document.createElement(\'div\');\n          replyMain.className = \'reply-main\';\n          const replyText = document.createElement(\'span\');\n          replyText.className = \'typing-text\';\n          replyText.textContent = String(message?.content || \'\');\n          replyMain.appendChild(replyText);\n          stack.appendChild(replyMain);\n\n          const shareRow = document.createElement(\'div\');\n          shareRow.className = \'reply-share-row\';\n\n          const actionsBar = document.createElement(\'div\');\n          actionsBar.className = \'reply-actions-bar\';\n          actionsBar.setAttribute(\'data-reply-actions\', \'\');\n\n          if (controls.dataset.threadAuthenticated === \'1\') {\n            const likeBtn = document.createElement(\'button\');\n            likeBtn.type = \'button\';\n            likeBtn.className = \'reply-act-btn act-like\';\n            likeBtn.setAttribute(\'data-reply-like\', \'\');\n            likeBtn.textContent = language === \'hi\' ? \'\xf0\x9f\x91\x8d \xe0\xa4\xaa\xe0\xa4\xb8\xe0\xa4\x82\xe0\xa4\xa6\' : \'\xf0\x9f\x91\x8d Like\';\n            actionsBar.appendChild(likeBtn);\n\n            const dislikeBtn = document.createElement(\'button\');\n            dislikeBtn.type = \'button\';\n            dislikeBtn.className = \'reply-act-btn act-dislike\';\n            dislikeBtn.setAttribute(\'data-reply-dislike\', \'\');\n            dislikeBtn.textContent = language === \'hi\' ? \'\xf0\x9f\x91\x8e \xe0\xa4\xa8\xe0\xa4\xb9\xe0\xa5\x80\xe0\xa4\x82\' : \'\xf0\x9f\x91\x8e Dislike\';\n            actionsBar.appendChild(dislikeBtn);\n          }\n\n          const copyBtn = document.createElement(\'button\');\n          copyBtn.type = \'button\';\n          copyBtn.className = \'reply-act-btn act-copy\';\n          copyBtn.setAttribute(\'data-reply-copy\', \'\');\n          copyBtn.textContent = language === \'hi\' ? \'\xf0\x9f\x93\x8b \xe0\xa4\x95\xe0\xa5\x89\xe0\xa4\xaa\xe0\xa5\x80\' : \'\xf0\x9f\x93\x8b Copy\';\n          actionsBar.appendChild(copyBtn);\n\n          const shareBtn = document.createElement(\'button\');\n          shareBtn.type = \'button\';\n          shareBtn.className = \'reply-act-btn\';\n          shareBtn.setAttribute(\'data-share-answer\', \'\');\n          shareBtn.dataset.language = language;\n          shareBtn.textContent = language === \'hi\' ? \'\xe2\x86\x97 \xe0\xa4\xb6\xe0\xa5\x87\xe0\xa4\xaf\xe0\xa4\xb0\' : \'\xe2\x86\x97 Share\';\n          actionsBar.appendChild(shareBtn);\n\n          shareRow.appendChild(actionsBar);\n\n          const shareAnswerBtn = document.createElement(\'button\');\n          shareAnswerBtn.type = \'button\';\n          shareAnswerBtn.className = \'btn-ghost reply-share-btn\';\n          shareAnswerBtn.setAttribute(\'data-share-answer\', \'\');\n          shareAnswerBtn.dataset.language = language;\n          shareAnswerBtn.textContent = language === \'hi\'\n            ? \'\xe0\xa4\x87\xe0\xa4\xb8 \xe0\xa4\x89\xe0\xa4\xa4\xe0\xa5\x8d\xe0\xa4\xa4\xe0\xa4\xb0 \xe0\xa4\x95\xe0\xa5\x8b \xe0\xa4\xb6\xe0\xa5\x87\xe0\xa4\xaf\xe0\xa4\xb0 \xe0\xa4\x95\xe0\xa4\xb0\xe0\xa5\x87\xe0\xa4\x82\'\n            : \'Share this answer\';\n          shareRow.appendChild(shareAnswerBtn);\n\n          const payloadNode = document.createElement(\'script\');\n          payloadNode.type = \'application/json\';\n          payloadNode.setAttribute(\'data-reply-payload\', \'\');\n          payloadNode.textContent = JSON.stringify(\n            buildReplyPayload(String(message?.content || \'\')),\n          );\n          shareRow.appendChild(payloadNode);\n\n          stack.appendChild(shareRow);\n          bubble.appendChild(stack);\n          return bubble;\n        }\n\n        async function loadThreadPage(offset) {\n          const chatToken = getChatTokenCookie();\n          const headers = new Headers();\n          if (chatToken) {\n            headers.set(\'Authorization\', `Token ${chatToken}`);\n          }\n          const response = await fetch(\n            `/api/v1/conversations/${encodeURIComponent(conversationId)}/messages/?limit=${encodeURIComponent(threadLimit)}&offset=${encodeURIComponent(offset)}`,\n            {\n              credentials: \'same-origin\',\n              headers,\n            },\n          );\n          if (!response.ok) {\n            throw new Error(\'thread_page_fetch_failed\');\n          }\n          return response.json();\n        }\n\n        if (refreshBtn) {\n          refreshBtn.addEventListener(\'click\', async () => {\n            const refreshUrl = controls.dataset.threadRefreshUrl || window.location.href;\n            setBusy(refreshBtn, true);\n            setStatus(\'\');\n            try {\n              const response = await fetch(refreshUrl, {\n                headers: {\n                  \'X-Requested-With\': \'XMLHttpRequest\',\n                },\n                credentials: \'same-origin\',\n              });\n              const html = await response.text();\n              const swapped = replaceAppFromHtml(html, refreshUrl);\n              if (!swapped) {\n                return;\n              }\n              window.setTimeout(() => {\n                scrollTranscriptToLatestReplyStart();\n              }, 40);\n            } catch (_) {\n              setBusy(refreshBtn, false);\n              setStatus(\n                currentLanguage() === \'hi\'\n                  ? \'\xe0\xa4\xa7\xe0\xa4\xbe\xe0\xa4\x97\xe0\xa4\xbe \xe0\xa4\xa4\xe0\xa4\xbe\xe0\xa4\x9c\xe0\xa4\xbc\xe0\xa4\xbe \xe0\xa4\xa8\xe0\xa4\xb9\xe0\xa5\x80\xe0\xa4\x82 \xe0\xa4\xb9\xe0\xa5\x8b \xe0\xa4\xb8\xe0\xa4\x95\xe0\xa4\xbe\xe0\xa5\xa4 \xe0\xa4\x95\xe0\xa5\x83\xe0\xa4\xaa\xe0\xa4\xaf\xe0\xa4\xbe \xe0\xa4\xab\xe0\xa4\xbf\xe0\xa4\xb0 \xe0\xa4\xb8\xe0\xa5\x87 \xe0\xa4\xaa\xe0\xa5\x8d\xe0\xa4\xb0\xe0\xa4\xaf\xe0\xa4\xbe\xe0\xa4\xb8 \xe0\xa4\x95\xe0\xa4\xb0\xe0\xa5\x87\xe0\xa4\x82\xe0\xa5\xa4\'\n                  : \'The thread could not be refreshed. Please try again.\',\n                true,\n              );\n            }\n          });\n        }\n\n        if (loadOlderBtn) {\n          loadOlderBtn.addEventListener(\'click\', async () => {\n            const nextOffset = parseInt(controls.dataset.threadNextOffset || \'\', 10);\n            if (!Number.isFinite(nextOffset)) {\n              loadOlderBtn.hidden = true;\n              return;\n            }\n\n            setBusy(loadOlderBtn, true);\n            setStatus(\'\');\n            const previousHeight = transcript.scrollHeight;\n            const previousTop = transcript.scrollTop;\n            try {\n              const data = await loadThreadPage(nextOffset);\n              const rows = Array.isArray(data.results) ? data.results : [];\n              if (!rows.length) {\n                controls.dataset.threadNextOffset = \'\';\n                loadOlderBtn.hidden = true;\n                setBusy(loadOlderBtn, false);\n                return;\n              }\n\n              const fragment = document.createDocumentFragment();\n              rows.forEach((message) => {\n                fragment.appendChild(buildThreadBubble(message));\n              });\n              transcript.prepend(fragment);\n              initShareAnswerBtn();\n              initReplyActionBar();\n\n              const next = data.next_offset;\n              controls.dataset.threadNextOffset = (\n                next === null || next === undefined ? \'\' : String(next)\n              );\n              loadOlderBtn.hidden = next === null || next === undefined;\n\n              const addedHeight = transcript.scrollHeight - previousHeight;\n              transcript.scrollTop = previousTop + addedHeight;\n            } catch (_) {\n              setStatus(\n                currentLanguage() === \'hi\'\n                  ? \'\xe0\xa4\xaa\xe0\xa5\x81\xe0\xa4\xb0\xe0\xa4\xbe\xe0\xa4\xa8\xe0\xa5\x87 \xe0\xa4\xb8\xe0\xa4\x82\xe0\xa4\xa6\xe0\xa5\x87\xe0\xa4\xb6 \xe0\xa4\xb2\xe0\xa5\x8b\xe0\xa4\xa1 \xe0\xa4\xa8\xe0\xa4\xb9\xe0\xa5\x80\xe0\xa4\x82 \xe0\xa4\xb9\xe0\xa5\x8b \xe0\xa4\xb8\xe0\xa4\x95\xe0\xa5\x87\xe0\xa5\xa4 \xe0\xa4\x95\xe0\xa5\x83\xe0\xa4\xaa\xe0\xa4\xaf\xe0\xa4\xbe \xe0\xa4\xab\xe0\xa4\xbf\xe0\xa4\xb0 \xe0\xa4\xb8\xe0\xa5\x87 \xe0\xa4\xaa\xe0\xa5\x8d\xe0\xa4\xb0\xe0\xa4\xaf\xe0\xa4\xbe\xe0\xa4\xb8 \xe0\xa4\x95\xe0\xa4\xb0\xe0\xa5\x87\xe0\xa4\x82\xe0\xa5\xa4\'\n                  : \'Older messages could not be loaded. Please try again.\',\n                true,\n              );\n            } finally {\n              setBusy(loadOlderBtn, false);\n            }\n          });\n        }\n      }\n\n      // Quote Art functionality\n      function initQuoteArt() {\n        const panel = document.querySelector(\'[data-quote-art-panel]\');\n        if (!panel) return;\n\n        const styleCards = panel.querySelectorAll(\'.style-card\');\n        const verseInput = panel.querySelector(\'[data-quote-art-verse]\');\n        const generateBtn = panel.querySelector(\'[data-generate-quote-art]\');\n        const previewContainer = panel.querySelector(\'[data-quote-art-preview]\');\n        const previewCard = panel.querySelector(\'[data-quote-art-card]\');\n        const sanskritEl = panel.querySelector(\'[data-quote-art-sanskrit]\');\n        const textEl = panel.querySelector(\'[data-quote-art-text]\');\n        const attributionEl = panel.querySelector(\'[data-quote-art-attribution]\');\n        const copyBtn = panel.querySelector(\'[data-copy-quote]\');\n        const shareBtn = panel.querySelector(\'[data-share-quote]\');\n        const featuredChips = panel.querySelectorAll(\'.featured-verse-chip\');\n\n        let currentArtData = null;\n\n        // Get CSRF token from cookie\n        function getCsrfToken() {\n          const name = \'csrftoken\';\n          let cookieValue = null;\n          if (document.cookie && document.cookie !== \'\') {\n            const cookies = document.cookie.split(\';\');\n            for (let i = 0; i < cookies.length; i++) {\n              const cookie = cookies[i].trim();\n              if (cookie.substring(0, name.length + 1) === (name + \'=\')) {\n                cookieValue = decodeURIComponent(cookie.substring(name.length + 1));\n                break;\n              }\n            }\n          }\n          return cookieValue;\n        }\n\n        // Style selection\n        styleCards.forEach(card => {\n          card.addEventListener(\'click\', () => {\n            styleCards.forEach(c => c.classList.remove(\'selected\'));\n            card.classList.add(\'selected\');\n            card.querySelector(\'input[type="radio"]\').checked = true;\n            // Regenerate if we have a verse\n            if (verseInput.value.trim() && currentArtData) {\n              generateQuoteArt();\n            }\n          });\n        });\n\n        // Featured verse chips\n        featuredChips.forEach(chip => {\n          chip.addEventListener(\'click\', () => {\n            verseInput.value = chip.dataset.verse;\n            generateQuoteArt();\n          });\n        });\n\n        // Generate button\n        if (generateBtn) {\n          generateBtn.addEventListener(\'click\', generateQuoteArt);\n        }\n\n        // Enter key in verse input\n        if (verseInput) {\n          verseInput.addEventListener(\'keypress\', (e) => {\n            if (e.key === \'Enter\') {\n              e.preventDefault();\n              generateQuoteArt();\n            }\n          });\n        }\n\n        async function generateQuoteArt() {\n          const verse = verseInput.value.trim();\n          if (!verse) {\n            alert(\'Please enter a verse reference (e.g., 2.47)\');\n            return;\n          }\n\n          const selectedStyle = panel.querySelector(\'.style-card.selected\');\n          const style = selectedStyle ? selectedStyle.dataset.style : \'divine\';\n          const language = generateBtn.dataset.language || \'en\';\n\n          generateBtn.disabled = true;\n          generateBtn.textContent = language === \'hi\' ? \'\xe0\xa4\xac\xe0\xa4\xa8\xe0\xa4\xbe \xe0\xa4\xb0\xe0\xa4\xb9\xe0\xa5\x87 \xe0\xa4\xb9\xe0\xa5\x88\xe0\xa4\x82...\' : \'Generating...\';\n\n          try {\n            const csrfToken = getCsrfToken();\n            const headers = {\n              \'Content-Type\': \'application/json\',\n            };\n            if (csrfToken) {\n              headers[\'X-CSRFToken\'] = csrfToken;\n            }\n\n            const response = await fetchPublicBrowse(\'/api/v1/quote-art/generate/\', {\n              method: \'POST\',\n              headers: headers,\n              body: JSON.stringify({\n                verse_reference: verse,\n                style: style,\n                language: language\n              })\n            });\n\n            if (!response.ok) {\n              let detail = language === \'hi\'\n                ? \'\xe0\xa4\x95\xe0\xa4\xb2\xe0\xa4\xbe \xe0\xa4\xac\xe0\xa4\xa8\xe0\xa4\xbe\xe0\xa4\xa8\xe0\xa5\x87 \xe0\xa4\xae\xe0\xa5\x87\xe0\xa4\x82 \xe0\xa4\xb8\xe0\xa4\xae\xe0\xa4\xb8\xe0\xa5\x8d\xe0\xa4\xaf\xe0\xa4\xbe \xe0\xa4\x86\xe0\xa4\x88\xe0\xa5\xa4 \xe0\xa4\x95\xe0\xa5\x83\xe0\xa4\xaa\xe0\xa4\xaf\xe0\xa4\xbe \xe0\xa4\xab\xe0\xa4\xbf\xe0\xa4\xb0 \xe0\xa4\xb8\xe0\xa5\x87 \xe0\xa4\xaa\xe0\xa5\x8d\xe0\xa4\xb0\xe0\xa4\xaf\xe0\xa4\xbe\xe0\xa4\xb8 \xe0\xa4\x95\xe0\xa4\xb0\xe0\xa5\x87\xe0\xa4\x82\xe0\xa5\xa4\'\n                : \'Could not generate quote art. Please try again.\';\n              try {\n                const errorData = await response.json();\n                detail = (\n                  errorData.detail\n                  || errorData.message\n                  || (errorData.error && errorData.error.message)\n                  || detail\n                );\n              } catch (e) {\n                /* use default detail */\n              }\n              throw new Error(detail);\n            }\n\n            const data = await response.json();\n            currentArtData = data;\n            displayQuoteArt(data);\n          } catch (error) {\n            alert(error.message || \'An error occurred while generating quote art\');\n          } finally {\n            generateBtn.disabled = false;\n            generateBtn.textContent = language === \'hi\' ? \'\xe0\xa4\x95\xe0\xa4\xb2\xe0\xa4\xbe \xe0\xa4\xac\xe0\xa4\xa8\xe0\xa4\xbe\xe0\xa4\x8f\xe0\xa4\x82\' : \'Generate Art\';\n          }\n        }\n\n        function displayQuoteArt(data) {\n          const styleConfig = data.style;\n\n          // Apply style to preview card\n          previewCard.style.background = `linear-gradient(135deg, ${styleConfig.gradient.join(\', \')})`;\n          previewCard.style.color = styleConfig.text_color;\n\n          // Set content\n          sanskritEl.textContent = data.sanskrit_text || \'\';\n          textEl.textContent = `"${data.quote_text}"`;\n          attributionEl.textContent = `\xe2\x80\x94 ${data.attribution}`;\n          attributionEl.style.color = styleConfig.accent_color;\n\n          // Show preview\n          previewContainer.classList.add(\'visible\');\n\n          // Animate with GSAP if available\n          if (window.gsap) {\n            window.gsap.fromTo(previewContainer,\n              { opacity: 0, y: 12 },\n              { opacity: 1, y: 0, duration: 0.35, ease: \'power2.out\' }\n            );\n          }\n        }\n\n        // Copy functionality\n        if (copyBtn) {\n          copyBtn.addEventListener(\'click\', () => {\n            if (!currentArtData) return;\n            navigator.clipboard.writeText(currentArtData.share_text).then(() => {\n              const originalText = copyBtn.textContent;\n              copyBtn.textContent = \'\xe2\x9c\x93\';\n              setTimeout(() => {\n                copyBtn.textContent = originalText;\n              }, 1500);\n            });\n          });\n        }\n\n        // Share functionality\n        if (shareBtn) {\n          shareBtn.addEventListener(\'click\', async () => {\n            if (!currentArtData) return;\n            if (navigator.share) {\n              try {\n                await navigator.share({\n                  title: currentArtData.attribution,\n                  text: currentArtData.share_text,\n                });\n              } catch (err) {\n                // User cancelled or share failed\n              }\n            } else {\n              // Fallback to copy\n              navigator.clipboard.writeText(currentArtData.share_text);\n              const originalText = shareBtn.textContent;\n              shareBtn.textContent = \'\xe2\x9c\x93 Copied\';\n              setTimeout(() => {\n                shareBtn.textContent = originalText;\n              }, 1500);\n            }\n          });\n        }\n      }\n\n      // Gita Reader functionality\n      function initGitaReader() {\n        const openBtns = document.querySelectorAll(\'[data-open-gita-reader]\');\n        const overlay = document.querySelector(\'[data-gita-reader-overlay]\');\n        const modal = document.querySelector(\'[data-gita-reader-modal]\');\n        const closeBtn = document.querySelector(\'[data-close-gita-reader]\');\n        const content = document.querySelector(\'[data-reader-content]\');\n        const nav = document.querySelector(\'[data-reader-nav]\');\n        const titleEl = document.querySelector(\'[data-reader-title]\');\n\n        if (openBtns.length === 0 || !modal) return;\n\n        const lang = openBtns[0].dataset.language || \'en\';\n        let currentView = \'chapters\';\n        let currentChapter = null;\n        let chaptersCache = null;\n        let currentVerses = [];  // Store verses for prev/next navigation\n        let currentVerseIndex = -1;  // Current verse index in currentVerses\n\n        // Labels\n        const labels = {\n          en: {\n            title: \'Shrimad Bhagavad Gita\',\n            chapters: \'Chapters\',\n            verses: \'Verses\',\n            chapter: \'Chapter\',\n            back: \'\xe2\x86\x90 Back\',\n            backToChapter: \'\xe2\x86\x90 Back to Chapter\',\n            prev: \'\xe2\x86\x90 Prev\',\n            next: \'Next \xe2\x86\x92\',\n            loading: \'Loading...\',\n            speaker: \'Speaker\',\n            sanskrit: \'Sanskrit\',\n            transliteration: \'Transliteration\',\n            english: \'English Meaning\',\n            hindi: \'Hindi Meaning (\xe0\xa4\xb9\xe0\xa4\xbf\xe0\xa4\x82\xe0\xa4\xa6\xe0\xa5\x80 \xe0\xa4\x85\xe0\xa4\xb0\xe0\xa5\x8d\xe0\xa4\xa5)\',\n            commentaries: \'Commentaries\',\n            integratedWisdom: \'Integrated Verse Wisdom\',\n            overview: \'Overall Summary\',\n            commentaryConsensus: \'Commentary Bridge\',\n            lifeApplication: \'Living Application\',\n            keyPoints: \'Key Points\',\n            copyVerse: \'Copy Verse\',\n            shareVerse: \'Share\',\n            createArt: \'Create Art\',\n            verseCount: \'verses\',\n            loadFailed: \'Could not load this section. Please try again.\',\n          },\n          hi: {\n            title: \'\xe0\xa4\xb6\xe0\xa5\x8d\xe0\xa4\xb0\xe0\xa5\x80\xe0\xa4\xae\xe0\xa4\xa6\xe0\xa5\x8d\xe0\xa4\xad\xe0\xa4\x97\xe0\xa4\xb5\xe0\xa4\xa6\xe0\xa5\x8d\xe0\xa4\x97\xe0\xa5\x80\xe0\xa4\xa4\xe0\xa4\xbe\',\n            chapters: \'\xe0\xa4\x85\xe0\xa4\xa7\xe0\xa5\x8d\xe0\xa4\xaf\xe0\xa4\xbe\xe0\xa4\xaf\',\n            verses: \'\xe0\xa4\xb6\xe0\xa5\x8d\xe0\xa4\xb2\xe0\xa5\x8b\xe0\xa4\x95\',\n            chapter: \'\xe0\xa4\x85\xe0\xa4\xa7\xe0\xa5\x8d\xe0\xa4\xaf\xe0\xa4\xbe\xe0\xa4\xaf\',\n            back: \'\xe2\x86\x90 \xe0\xa4\xb5\xe0\xa4\xbe\xe0\xa4\xaa\xe0\xa4\xb8\',\n            backToChapter: \'\xe2\x86\x90 \xe0\xa4\x85\xe0\xa4\xa7\xe0\xa5\x8d\xe0\xa4\xaf\xe0\xa4\xbe\xe0\xa4\xaf \xe0\xa4\xaa\xe0\xa4\xb0 \xe0\xa4\xb5\xe0\xa4\xbe\xe0\xa4\xaa\xe0\xa4\xb8\',\n            prev: \'\xe2\x86\x90 \xe0\xa4\xaa\xe0\xa4\xbf\xe0\xa4\x9b\xe0\xa4\xb2\xe0\xa4\xbe\',\n            next: \'\xe0\xa4\x85\xe0\xa4\x97\xe0\xa4\xb2\xe0\xa4\xbe \xe2\x86\x92\',\n            loading: \'\xe0\xa4\xb2\xe0\xa5\x8b\xe0\xa4\xa1 \xe0\xa4\xb9\xe0\xa5\x8b \xe0\xa4\xb0\xe0\xa4\xb9\xe0\xa4\xbe \xe0\xa4\xb9\xe0\xa5\x88...\',\n            speaker: \'\xe0\xa4\xb5\xe0\xa4\x95\xe0\xa5\x8d\xe0\xa4\xa4\xe0\xa4\xbe\',\n            sanskrit: \'\xe0\xa4\xb8\xe0\xa4\x82\xe0\xa4\xb8\xe0\xa5\x8d\xe0\xa4\x95\xe0\xa5\x83\xe0\xa4\xa4\',\n            transliteration: \'\xe0\xa4\xb2\xe0\xa4\xbf\xe0\xa4\xaa\xe0\xa5\x8d\xe0\xa4\xaf\xe0\xa4\x82\xe0\xa4\xa4\xe0\xa4\xb0\xe0\xa4\xa3\',\n            english: \'\xe0\xa4\x85\xe0\xa4\x82\xe0\xa4\x97\xe0\xa5\x8d\xe0\xa4\xb0\xe0\xa5\x87\xe0\xa4\x9c\xe0\xa4\xbc\xe0\xa5\x80 \xe0\xa4\x85\xe0\xa4\xb0\xe0\xa5\x8d\xe0\xa4\xa5\',\n            hindi: \'\xe0\xa4\xb9\xe0\xa4\xbf\xe0\xa4\x82\xe0\xa4\xa6\xe0\xa5\x80 \xe0\xa4\x85\xe0\xa4\xb0\xe0\xa5\x8d\xe0\xa4\xa5\',\n            commentaries: \'\xe0\xa4\x9f\xe0\xa5\x80\xe0\xa4\x95\xe0\xa4\xbe\xe0\xa4\x8f\xe0\xa4\x82\',\n            integratedWisdom: \'\xe0\xa4\xb8\xe0\xa4\xae\xe0\xa5\x87\xe0\xa4\x95\xe0\xa4\xbf\xe0\xa4\xa4 \xe0\xa4\xb6\xe0\xa5\x8d\xe0\xa4\xb2\xe0\xa5\x8b\xe0\xa4\x95 \xe0\xa4\xa6\xe0\xa5\x83\xe0\xa4\xb7\xe0\xa5\x8d\xe0\xa4\x9f\xe0\xa4\xbf\',\n            overview: \'\xe0\xa4\xb8\xe0\xa4\xae\xe0\xa4\x97\xe0\xa5\x8d\xe0\xa4\xb0 \xe0\xa4\xb8\xe0\xa4\xbe\xe0\xa4\xb0\',\n            commentaryConsensus: \'\xe0\xa4\x9f\xe0\xa5\x80\xe0\xa4\x95\xe0\xa4\xbe\xe0\xa4\x93\xe0\xa4\x82 \xe0\xa4\x95\xe0\xa4\xbe \xe0\xa4\xb8\xe0\xa4\x82\xe0\xa4\x97\xe0\xa4\xae\',\n            lifeApplication: \'\xe0\xa4\x9c\xe0\xa5\x80\xe0\xa4\xb5\xe0\xa4\xa8 \xe0\xa4\xae\xe0\xa5\x87\xe0\xa4\x82 \xe0\xa4\xaa\xe0\xa5\x8d\xe0\xa4\xb0\xe0\xa4\xaf\xe0\xa5\x8b\xe0\xa4\x97\',\n            keyPoints: \'\xe0\xa4\xae\xe0\xa5\x81\xe0\xa4\x96\xe0\xa5\x8d\xe0\xa4\xaf \xe0\xa4\xac\xe0\xa4\xbf\xe0\xa4\x82\xe0\xa4\xa6\xe0\xa5\x81\',\n            copyVerse: \'\xe0\xa4\xb6\xe0\xa5\x8d\xe0\xa4\xb2\xe0\xa5\x8b\xe0\xa4\x95 \xe0\xa4\x95\xe0\xa5\x89\xe0\xa4\xaa\xe0\xa5\x80 \xe0\xa4\x95\xe0\xa4\xb0\xe0\xa5\x87\xe0\xa4\x82\',\n            shareVerse: \'\xe0\xa4\xb6\xe0\xa5\x87\xe0\xa4\xaf\xe0\xa4\xb0 \xe0\xa4\x95\xe0\xa4\xb0\xe0\xa5\x87\xe0\xa4\x82\',\n            createArt: \'\xe0\xa4\x95\xe0\xa4\xb2\xe0\xa4\xbe \xe0\xa4\xac\xe0\xa4\xa8\xe0\xa4\xbe\xe0\xa4\x8f\xe0\xa4\x82\',\n            verseCount: \'\xe0\xa4\xb6\xe0\xa5\x8d\xe0\xa4\xb2\xe0\xa5\x8b\xe0\xa4\x95\',\n            loadFailed: \'\xe0\xa4\xaf\xe0\xa4\xb9 \xe0\xa4\xad\xe0\xa4\xbe\xe0\xa4\x97 \xe0\xa4\xb2\xe0\xa5\x8b\xe0\xa4\xa1 \xe0\xa4\xa8\xe0\xa4\xb9\xe0\xa5\x80\xe0\xa4\x82 \xe0\xa4\xb9\xe0\xa5\x8b \xe0\xa4\xb8\xe0\xa4\x95\xe0\xa4\xbe\xe0\xa5\xa4 \xe0\xa4\x95\xe0\xa5\x83\xe0\xa4\xaa\xe0\xa4\xaf\xe0\xa4\xbe \xe0\xa4\xaa\xe0\xa5\x81\xe0\xa4\xa8\xe0\xa4\x83 \xe0\xa4\xaa\xe0\xa5\x8d\xe0\xa4\xb0\xe0\xa4\xaf\xe0\xa4\xbe\xe0\xa4\xb8 \xe0\xa4\x95\xe0\xa4\xb0\xe0\xa5\x87\xe0\xa4\x82\xe0\xa5\xa4\',\n          }\n        };\n        const t = labels[lang] || labels.en;\n\n        function openReader(reference = null) {\n          overlay.classList.add(\'visible\');\n          modal.classList.add(\'visible\');\n          document.body.style.overflow = \'hidden\';\n          if (reference) {\n            loadVerseDetail(reference);\n            return;\n          }\n          loadChapters();\n        }\n\n        function closeReader() {\n          overlay.classList.remove(\'visible\');\n          modal.classList.remove(\'visible\');\n          document.body.style.overflow = \'\';\n        }\n\n        function showLoading() {\n          content.innerHTML = `\n            <div class="reader-loading">\n              <div class="chakra-loader"></div>\n              <div class="reader-loading-text">${t.loading}</div>\n            </div>\n          `;\n        }\n\n        function updateNav(view, chapterNum = null) {\n          currentView = view;\n          let navHTML = `<button type="button" class="reader-nav-item ${view === \'chapters\' ? \'active\' : \'\'}" data-nav="chapters">${t.chapters}</button>`;\n\n          if (chapterNum) {\n            navHTML += `<button type="button" class="reader-nav-item ${view === \'verses\' ? \'active\' : \'\'}" data-nav="verses">${t.chapter} ${chapterNum}</button>`;\n          }\n\n          nav.innerHTML = navHTML;\n\n          // Rebind nav events\n          nav.querySelectorAll(\'.reader-nav-item\').forEach(btn => {\n            btn.addEventListener(\'click\', () => {\n              const navTarget = btn.dataset.nav;\n              if (navTarget === \'chapters\') {\n                loadChapters();\n              } else if (navTarget === \'verses\' && currentChapter) {\n                loadChapterDetail(currentChapter);\n              }\n            });\n          });\n        }\n\n        async function loadChapters() {\n          showLoading();\n          updateNav(\'chapters\');\n          titleEl.textContent = t.title;\n\n          try {\n            if (chaptersCache) {\n              renderChapters(chaptersCache);\n              return;\n            }\n\n            const response = await fetchPublicBrowse(\'/api/v1/chapters/\');\n            if (!response.ok) {\n              content.innerHTML = `<div class="message error">${t.loadFailed}</div>`;\n              return;\n            }\n            const data = await response.json();\n            chaptersCache = data.chapters;\n            renderChapters(data.chapters);\n          } catch (error) {\n            content.innerHTML = `<div class="message error">${t.loadFailed}</div>`;\n          }\n        }\n\n        function synthesisList(items) {\n          if (!Array.isArray(items) || items.length === 0) return \'\';\n          return `\n            <ul class="verse-synthesis-points">\n              ${items.map(item => `<li>${item}</li>`).join(\'\')}\n            </ul>\n          `;\n        }\n\n        function renderChapters(chapters) {\n          let html = \'<div class="chapter-grid">\';\n\n          chapters.forEach(ch => {\n            html += `\n              <div class="chapter-card" data-chapter="${ch.chapter_number}">\n                <div class="chapter-number">${t.chapter} ${ch.chapter_number}</div>\n                <div class="chapter-name">${ch.translation || \'\'}</div>\n                <div class="chapter-name-hi">${ch.name || \'\'}</div>\n                <div class="chapter-meta">${ch.verses_count} ${t.verseCount}</div>\n              </div>\n            `;\n          });\n\n          html += \'</div>\';\n          content.innerHTML = html;\n\n          // Animate with GSAP\n          if (window.gsap) {\n            window.gsap.fromTo(\'.chapter-card\',\n              { opacity: 0, y: 20 },\n              { opacity: 1, y: 0, duration: 0.4, stagger: 0.05, ease: \'power2.out\' }\n            );\n          }\n\n          // Bind click events\n          content.querySelectorAll(\'.chapter-card\').forEach(card => {\n            card.addEventListener(\'click\', () => {\n              const chapterNum = parseInt(card.dataset.chapter);\n              loadChapterDetail(chapterNum);\n            });\n          });\n\n          // Add tilt effect\n          if (window.VanillaTilt) {\n            window.VanillaTilt.init(document.querySelectorAll(\'.chapter-card\'), {\n              max: 5,\n              speed: 400,\n              glare: false,\n              scale: 1.02,\n            });\n          }\n        }\n\n        async function loadChapterDetail(chapterNum) {\n          showLoading();\n          currentChapter = chapterNum;\n          updateNav(\'verses\', chapterNum);\n\n          try {\n            const response = await fetchPublicBrowse(`/api/v1/chapters/${chapterNum}/`);\n            if (!response.ok) {\n              content.innerHTML = `<div class="message error">${t.loadFailed}</div>`;\n              return;\n            }\n            const data = await response.json();\n            renderChapterDetail(data);\n          } catch (error) {\n            content.innerHTML = `<div class="message error">${t.loadFailed}</div>`;\n          }\n        }\n\n        function renderChapterDetail(data) {\n          const ch = data.chapter;\n          const verses = data.verses;\n\n          // Store verses for prev/next navigation\n          currentVerses = verses;\n          currentVerseIndex = -1;\n\n          let html = `\n            <button type="button" class="reader-back-btn" data-back-to-chapters>\n              ${t.back}\n            </button>\n            <div class="chapter-detail-header">\n              <div class="chapter-detail-number">${t.chapter} ${ch.chapter_number}</div>\n              <div class="chapter-detail-name">${ch.translation || \'\'} ${ch.name ? \'(\' + ch.name + \')\' : \'\'}</div>\n              <div class="chapter-detail-translation">${ch.transliteration || \'\'}</div>\n              <div class="chapter-detail-summary">${ch.summary_en || \'\'}</div>\n            </div>\n            <div class="verse-list">\n          `;\n\n          verses.forEach(v => {\n            const preview = v.translation ? v.translation.substring(0, 60) + \'...\' : \'\';\n            html += `\n              <div class="verse-list-item" data-verse-ref="${v.reference}">\n                <div class="verse-list-ref">${v.reference}</div>\n                <div class="verse-list-preview">${preview}</div>\n              </div>\n            `;\n          });\n\n          html += \'</div>\';\n          content.innerHTML = html;\n\n          // Animate\n          if (window.gsap) {\n            window.gsap.fromTo(\'.verse-list-item\',\n              { opacity: 0, scale: 0.95 },\n              { opacity: 1, scale: 1, duration: 0.3, stagger: 0.02, ease: \'power2.out\' }\n            );\n          }\n\n          // Bind events\n          content.querySelector(\'[data-back-to-chapters]\').addEventListener(\'click\', loadChapters);\n\n          content.querySelectorAll(\'.verse-list-item\').forEach((item, idx) => {\n            item.addEventListener(\'click\', () => {\n              const ref = item.dataset.verseRef;\n              currentVerseIndex = idx;  // Track which verse we clicked\n              loadVerseDetail(ref);\n            });\n          });\n        }\n\n        async function loadVerseDetail(reference) {\n          showLoading();\n          const [chapter, verse] = reference.split(\'.\');\n\n          // Update verse index if we have cached verses\n          if (currentVerses.length > 0 && currentVerseIndex === -1) {\n            currentVerseIndex = currentVerses.findIndex(v => v.reference === reference);\n          }\n\n          try {\n            const response = await fetchPublicBrowse(`/api/v1/verses/${chapter}.${verse}/`);\n            if (!response.ok) {\n              content.innerHTML = `<div class="message error">${t.loadFailed}</div>`;\n              return;\n            }\n            const data = await response.json();\n            renderVerseDetail(data);\n          } catch (error) {\n            content.innerHTML = `<div class="message error">${t.loadFailed}</div>`;\n          }\n        }\n\n        function renderVerseDetail(verse) {\n          const hasPrev = currentVerseIndex > 0;\n          const hasNext = currentVerseIndex < currentVerses.length - 1;\n\n          let html = `\n            <div class="verse-nav-top">\n              <button type="button" class="reader-back-btn" data-back-to-chapter="${verse.chapter}">\n                ${t.backToChapter}\n              </button>\n              <div class="verse-nav-arrows">\n                <button type="button" class="verse-nav-btn ${!hasPrev ? \'disabled\' : \'\'}" data-prev-verse ${!hasPrev ? \'disabled\' : \'\'}>\n                  ${t.prev}\n                </button>\n                <span class="verse-nav-current">${verse.verse} / ${currentVerses.length || \'?\'}</span>\n                <button type="button" class="verse-nav-btn ${!hasNext ? \'disabled\' : \'\'}" data-next-verse ${!hasNext ? \'disabled\' : \'\'}>\n                  ${t.next}\n                </button>\n              </div>\n            </div>\n            <div class="verse-detail">\n              <div class="verse-detail-header">\n                <div class="verse-detail-ref">${t.chapter} ${verse.chapter}, ${t.verses} ${verse.verse}</div>\n                ${verse.speaker ? `<div class="verse-detail-speaker">${t.speaker}: ${verse.speaker}</div>` : \'\'}\n                <button type="button" class="verse-audio-btn" id="verse-audio-btn" aria-label="Play Sanskrit recitation">\n                  <svg viewBox="0 0 24 24" fill="currentColor" aria-hidden="true"><path d="M8 5v14l11-7z"/></svg>\n                  Sanskrit\n                </button>\n              </div>\n\n              <div class="verse-sanskrit-box">\n                <div class="verse-sanskrit">${verse.slok || \'\'}</div>\n                ${verse.transliteration ? `<div class="verse-transliteration">${verse.transliteration}</div>` : \'\'}\n              </div>\n          `;\n\n          // English meaning\n          if (verse.english_meaning || verse.translation) {\n            html += `\n              <div class="verse-meaning-section">\n                <div class="verse-meaning-label">${t.english}</div>\n                <div class="verse-meaning-text">${verse.english_meaning || verse.translation}</div>\n              </div>\n            `;\n          }\n\n          // Hindi meaning\n          if (verse.hindi_meaning) {\n            html += `\n              <div class="verse-meaning-section">\n                <div class="verse-meaning-label">${t.hindi}</div>\n                <div class="verse-meaning-text hindi">${verse.hindi_meaning}</div>\n              </div>\n            `;\n          }\n\n          // Commentaries\n          if (verse.commentaries && verse.commentaries.length > 0) {\n            html += `\n              <div class="verse-commentaries">\n                <div class="verse-commentaries-title">${t.commentaries}</div>\n            `;\n            verse.commentaries.forEach(c => {\n              html += `\n                <div class="commentary-item">\n                  <div class="commentary-author">${c.author}</div>\n                  <div class="commentary-text">${c.text}</div>\n                </div>\n              `;\n            });\n            html += \'</div>\';\n          }\n\n          if (verse.synthesis) {\n            const synthesis = verse.synthesis;\n            const overview = lang === \'hi\' ? synthesis.overview_hi : synthesis.overview_en;\n            const commentaryConsensus = lang === \'hi\'\n              ? synthesis.commentary_consensus_hi\n              : synthesis.commentary_consensus_en;\n            const lifeApplication = lang === \'hi\'\n              ? synthesis.life_application_hi\n              : synthesis.life_application_en;\n            const keyPoints = lang === \'hi\'\n              ? synthesis.key_points_hi\n              : synthesis.key_points_en;\n\n            html += `\n              <div class="verse-synthesis">\n                <div class="verse-commentaries-title">${t.integratedWisdom}</div>\n                <div class="verse-synthesis-columns">\n                  <div class="verse-synthesis-card">\n                    <div class="verse-synthesis-title">${t.overview}</div>\n                    <div class="verse-synthesis-copy">${overview || \'\'}</div>\n                  </div>\n                  <div class="verse-synthesis-card">\n                    <div class="verse-synthesis-title">${t.commentaryConsensus}</div>\n                    <div class="verse-synthesis-copy">${commentaryConsensus || \'\'}</div>\n                  </div>\n                </div>\n                <div class="verse-synthesis-card">\n                  <div class="verse-synthesis-title">${t.lifeApplication}</div>\n                  <div class="verse-synthesis-copy">${lifeApplication || \'\'}</div>\n                </div>\n                <div class="verse-synthesis-card">\n                  <div class="verse-synthesis-title">${t.keyPoints}</div>\n                  ${synthesisList(keyPoints)}\n                </div>\n              </div>\n            `;\n          }\n\n          // Actions\n          html += `\n              <div class="verse-actions">\n                <button type="button" class="verse-action-btn btn-ghost" data-copy-verse="${verse.reference}">\n                  ${t.copyVerse}\n                </button>\n                <button type="button" class="verse-action-btn btn-secondary" data-create-art="${verse.reference}">\n                  ${t.createArt}\n                </button>\n              </div>\n            </div>\n          `;\n\n          content.innerHTML = html;\n\n          // Animate\n          if (window.gsap) {\n            window.gsap.fromTo(\'.verse-detail\',\n              { opacity: 0, y: 15 },\n              { opacity: 1, y: 0, duration: 0.4, ease: \'power2.out\' }\n            );\n            window.gsap.fromTo(\'.verse-sanskrit-box\',\n              { opacity: 0, scale: 0.98 },\n              { opacity: 1, scale: 1, duration: 0.5, delay: 0.1, ease: \'power2.out\' }\n            );\n            window.gsap.fromTo(\'.verse-meaning-section, .commentary-item\',\n              { opacity: 0, x: -10 },\n              { opacity: 1, x: 0, duration: 0.35, stagger: 0.08, delay: 0.2, ease: \'power2.out\' }\n            );\n          }\n\n          // Bind events\n          content.querySelector(`[data-back-to-chapter="${verse.chapter}"]`).addEventListener(\'click\', () => {\n            loadChapterDetail(verse.chapter);\n          });\n\n          // Prev/Next verse navigation\n          const prevBtn = content.querySelector(\'[data-prev-verse]\');\n          const nextBtn = content.querySelector(\'[data-next-verse]\');\n\n          if (prevBtn && currentVerseIndex > 0) {\n            prevBtn.addEventListener(\'click\', () => {\n              currentVerseIndex--;\n              const prevVerse = currentVerses[currentVerseIndex];\n              if (prevVerse) loadVerseDetail(prevVerse.reference);\n            });\n          }\n\n          if (nextBtn && currentVerseIndex < currentVerses.length - 1) {\n            nextBtn.addEventListener(\'click\', () => {\n              currentVerseIndex++;\n              const nextVerse = currentVerses[currentVerseIndex];\n              if (nextVerse) loadVerseDetail(nextVerse.reference);\n            });\n          }\n\n          // Sanskrit audio play/pause\n          (function () {\n            const ch = String(verse.chapter).padStart(3, \'0\');\n            const vs = String(verse.verse).padStart(3, \'0\');\n            const audioUrl = `https://gita-audio.jkyog.org/audio/sanskrit/gita_audios/${ch}_${vs}.mp3`;\n            const audioBtn = content.querySelector(\'#verse-audio-btn\');\n            let audio = null;\n\n            function setPlayIcon() {\n              audioBtn.innerHTML = \'<svg viewBox="0 0 24 24" fill="currentColor" aria-hidden="true"><path d="M8 5v14l11-7z"/></svg> Sanskrit\';\n              audioBtn.setAttribute(\'aria-label\', \'Play Sanskrit recitation\');\n            }\n            function setPauseIcon() {\n              audioBtn.innerHTML = \'<svg viewBox="0 0 24 24" fill="currentColor" aria-hidden="true"><path d="M6 19h4V5H6v14zm8-14v14h4V5h-4z"/></svg> Sanskrit\';\n              audioBtn.setAttribute(\'aria-label\', \'Pause Sanskrit recitation\');\n            }\n            function setLoadingIcon() {\n              audioBtn.innerHTML = \'<svg viewBox="0 0 24 24" fill="currentColor" aria-hidden="true" style="animation:spin 1s linear infinite"><path d="M12 4V1L8 5l4 4V6c3.31 0 6 2.69 6 6s-2.69 6-6 6-6-2.69-6-6H4c0 4.42 3.58 8 8 8s8-3.58 8-8-3.58-8-8-8z"/></svg> Sanskrit\';\n              audioBtn.disabled = true;\n            }\n\n            if (!document.getElementById(\'verse-audio-spin-style\')) {\n              const s = document.createElement(\'style\');\n              s.id = \'verse-audio-spin-style\';\n              s.textContent = \'@keyframes spin { to { transform: rotate(360deg); } }\';\n              document.head.appendChild(s);\n            }\n\n            audioBtn.addEventListener(\'click\', function () {\n              if (!audio) {\n                setLoadingIcon();\n                audio = new Audio(audioUrl);\n                audio.addEventListener(\'canplaythrough\', function () {\n                  audioBtn.disabled = false;\n                  audio.play();\n                  setPauseIcon();\n                }, { once: true });\n                audio.addEventListener(\'ended\', function () {\n                  setPlayIcon();\n                  audio = null;\n                });\n                audio.addEventListener(\'error\', function () {\n                  audioBtn.disabled = false;\n                  setPlayIcon();\n                  audio = null;\n                });\n                audio.load();\n                return;\n              }\n              if (audio.paused) {\n                audio.play();\n                setPauseIcon();\n              } else {\n                audio.pause();\n                setPlayIcon();\n              }\n            });\n\n            // Stop audio when navigating away (prev/next/back)\n            function stopAudio() {\n              if (audio) { audio.pause(); audio = null; }\n            }\n            content.querySelector(`[data-back-to-chapter="${verse.chapter}"]`)\n              .addEventListener(\'click\', stopAudio);\n            if (prevBtn) prevBtn.addEventListener(\'click\', stopAudio);\n            if (nextBtn) nextBtn.addEventListener(\'click\', stopAudio);\n          }());\n\n          const copyBtn = content.querySelector(\'[data-copy-verse]\');\n          if (copyBtn) {\n            copyBtn.addEventListener(\'click\', () => {\n              const text = `${verse.slok}\\n\\n${verse.transliteration || \'\'}\\n\\n${verse.english_meaning || verse.translation}\\n\\n\xe2\x80\x94 Bhagavad Gita ${verse.reference}`;\n              navigator.clipboard.writeText(text).then(() => {\n                const original = copyBtn.textContent;\n                copyBtn.textContent = \'\xe2\x9c\x93\';\n                setTimeout(() => { copyBtn.textContent = original; }, 1500);\n              });\n            });\n          }\n\n          const artBtn = content.querySelector(\'[data-create-art]\');\n          if (artBtn) {\n            artBtn.addEventListener(\'click\', () => {\n              closeReader();\n              // Fill in the Quote Art verse input\n              const verseInput = document.querySelector(\'[data-quote-art-verse]\');\n              if (verseInput) {\n                verseInput.value = verse.reference;\n                verseInput.scrollIntoView({ behavior: \'smooth\', block: \'center\' });\n                // Trigger generation\n                const generateBtn = document.querySelector(\'[data-generate-quote-art]\');\n                if (generateBtn) {\n                  setTimeout(() => generateBtn.click(), 300);\n                }\n              }\n            });\n          }\n        }\n\n        // Event bindings\n        openBtns.forEach(btn => btn.addEventListener(\'click\', () => openReader()));\n\n        document.addEventListener(\'click\', event => {\n          const trigger = event.target.closest(\'[data-open-verse-reference]\');\n          if (!trigger) return;\n          event.preventDefault();\n          const reference = trigger.dataset.openVerseReference;\n          if (!reference) return;\n          openReader(reference);\n        });\n        closeBtn.addEventListener(\'click\', closeReader);\n        overlay.addEventListener(\'click\', closeReader);\n\n        // ESC key to close\n        document.addEventListener(\'keydown\', (e) => {\n          if (e.key === \'Escape\' && modal.classList.contains(\'visible\')) {\n            closeReader();\n          }\n        });\n      }\n\n      // Razorpay Payment Integration (global scope for onclick handlers)\n      window.initiatePayment = async function(plan) {\n        try {\n          const selectedPlan = (plan || \'pro\').toLowerCase();\n          const selectedCurrency = \'INR\';\n          const billingCountryCode = (\n            document.getElementById(\'billing_country_code\')?.value || \'\'\n          ).trim().toUpperCase();\n          const billingCountryName = (\n            document.getElementById(\'billing_country_name\')?.value || \'\'\n          ).trim();\n          const billingEmail = (\n            document.getElementById(\'billing_email\')?.value || \'\'\n          ).trim();\n          const billingName = (\n            document.getElementById(\'billing_name\')?.value || \'\'\n          ).trim();\n\n          if (!billingName || !billingEmail || !billingCountryName) {\n            alert(\'Please fill billing name, billing email, and country before checkout.\');\n            return;\n          }\n\n          // Get CSRF token\n          const csrfToken = document.querySelector(\'[name=csrfmiddlewaretoken]\')?.value;\n          if (!csrfToken) {\n            alert(\'Authentication error. Please refresh the page.\');\n            return;\n          }\n\n          // Create order\n          const orderResponse = await fetch(\'/api/payments/create-order/\', {\n            method: \'POST\',\n            credentials: \'same-origin\',\n            headers: {\n              \'Content-Type\': \'application/json\',\n              \'X-CSRFToken\': csrfToken,\n            },\n            body: JSON.stringify({\n              currency: selectedCurrency,\n              plan: selectedPlan,\n              billing_name: billingName,\n              billing_email: billingEmail,\n              business_name: (\n                document.getElementById(\'business_name\')?.value || \'\'\n              ).trim(),\n              gstin: (\n                document.getElementById(\'gstin\')?.value || \'\'\n              ).trim().toUpperCase(),\n              billing_country_code: billingCountryCode,\n              billing_country_name: billingCountryName,\n              billing_state: (\n                document.getElementById(\'billing_state\')?.value || \'\'\n              ).trim(),\n              billing_city: (\n                document.getElementById(\'billing_city\')?.value || \'\'\n              ).trim(),\n              billing_postal_code: (\n                document.getElementById(\'billing_postal_code\')?.value || \'\'\n              ).trim(),\n              billing_address: (\n                document.getElementById(\'billing_address\')?.value || \'\'\n              ).trim(),\n            }),\n          });\n\n          if (!orderResponse.ok) {\n            const errorData = await orderResponse.json();\n            alert(errorData.error || \'Error creating order\');\n            return;\n          }\n\n          const orderData = await orderResponse.json();\n\n          // Configure Razorpay\n          const options = {\n            key: orderData.key_id,\n            amount: orderData.amount,\n            currency: orderData.currency,\n            name: \'Bhagavad Gita Guide\',\n            description: orderData.plan === \'plus\'\n              ? \'Plus Subscription - 1 Month\'\n              : \'Pro Subscription - 1 Month\',\n            order_id: orderData.order_id,\n            handler: async function(response) {\n              // Verify payment\n              const verifyResponse = await fetch(\'/api/payments/verify/\', {\n                method: \'POST\',\n                credentials: \'same-origin\',\n                headers: {\n                  \'Content-Type\': \'application/json\',\n                  \'X-CSRFToken\': csrfToken,\n                },\n                body: JSON.stringify({\n                  razorpay_order_id: response.razorpay_order_id,\n                  razorpay_payment_id: response.razorpay_payment_id,\n                  razorpay_signature: response.razorpay_signature,\n                  plan: selectedPlan,\n                }),\n              });\n\n              if (verifyResponse.ok) {\n                const verifyData = await verifyResponse.json();\n                const planName = (verifyData.plan || selectedPlan || \'pro\').toUpperCase();\n                alert(\n                  \'\xf0\x9f\x8e\x89 Subscription successful! \'\n                  + planName +\n                  \' plan activated.\'\n                );\n                window.location.reload();\n              } else {\n                const verifyError = await verifyResponse.json();\n                alert(verifyError.error || \'Payment verification failed\');\n              }\n            },\n            prefill: {\n              email: orderData.user_email || \'\',\n              name: orderData.user_name || \'\',\n            },\n            theme: {\n              color: \'#764ba2\',\n            },\n            modal: {\n              ondismiss: function() {\n                console.log(\'Payment cancelled\');\n              }\n            }\n          };\n\n          const razorpay = new Razorpay(options);\n          razorpay.on(\'payment.failed\', function(response) {\n            alert(\'Payment failed: \' + response.error.description);\n          });\n          razorpay.open();\n\n        } catch (error) {\n          console.error(\'Payment error:\', error);\n          alert(\'Something went wrong. Please try again.\');\n        }\n      };\n\n      // Landing page button handlers\n      function initLandingPage() {\n        function readCsrfToken() {\n          const tokenInput = document.querySelector(\'[name=csrfmiddlewaretoken]\');\n          if (tokenInput && tokenInput.value) {\n            return tokenInput.value;\n          }\n          const match = document.cookie.match(/(?:^|; )csrftoken=([^;]+)/);\n          return match ? decodeURIComponent(match[1]) : "";\n        }\n\n        function postAnalyticsEvent(payload) {\n          const csrfToken = readCsrfToken();\n          const headers = { "Content-Type": "application/json" };\n          if (csrfToken) {\n            headers["X-CSRFToken"] = csrfToken;\n          }\n          fetch(\'/api/analytics/events/\', {\n            method: \'POST\',\n            credentials: \'same-origin\',\n            headers,\n            body: JSON.stringify(payload),\n          }).catch(() => {\n            // Analytics should never block UX.\n          });\n        }\n\n        window.postAnalyticsEvent = postAnalyticsEvent;\n\n        // Start Conversation - switch to composer mode\n        const startConversationBtn = document.querySelector(\'[data-start-conversation]\');\n        const chatShell = document.querySelector(\'[data-chat-shell]\');\n        const landingGrowth = document.querySelector(\'.landing-page .landing-growth\');\n        const bottomComposer = document.querySelector(\'.chat-bottom-composer\');\n\n        if (\n          chatShell\n          && chatShell.classList.contains(\'on-landing\')\n          && landingGrowth\n          && bottomComposer\n        ) {\n          landingGrowth.classList.add(\'landing-growth-below-composer\');\n          chatShell.appendChild(landingGrowth);\n        }\n\n        if (startConversationBtn && chatShell) {\n          startConversationBtn.addEventListener(\'click\', () => {\n            // Remove landing mode, add composer mode\n            chatShell.classList.remove(\'on-landing\');\n            chatShell.classList.add(\'composer-mode\');\n\n            // Focus the textarea after transition\n            setTimeout(() => {\n              const textarea = document.querySelector(\'#chat_message\');\n              if (textarea) {\n                textarea.focus();\n              }\n            }, 100);\n\n            // Animate the transition\n            if (window.gsap) {\n              window.gsap.fromTo(\'.chat-bottom-composer\',\n                { opacity: 0, y: 20 },\n                { opacity: 1, y: 0, duration: 0.3, ease: \'power2.out\' }\n              );\n              window.gsap.fromTo(\'.conversation-panel-head\',\n                { opacity: 0 },\n                { opacity: 1, duration: 0.3, ease: \'power2.out\' }\n              );\n            }\n          });\n        }\n\n        const starterButtons = document.querySelectorAll(\'[data-seed-question]\');\n        starterButtons.forEach((button) => {\n          button.addEventListener(\'click\', () => {\n            postAnalyticsEvent({\n              event_type: \'starter_click\',\n              source: \'chat_ui\',\n              path: window.location.pathname,\n              metadata: {\n                seed_question: button.dataset.seedQuestion || \'\',\n              },\n            });\n            if (chatShell) {\n              chatShell.classList.remove(\'on-landing\');\n              chatShell.classList.add(\'composer-mode\');\n            }\n\n            const textarea = document.querySelector(\'#chat_message\');\n            if (!textarea) {\n              return;\n            }\n\n            textarea.value = button.dataset.seedQuestion || \'\';\n            textarea.focus();\n            textarea.dispatchEvent(new Event(\'input\', { bubbles: true }));\n          });\n        });\n\n        const shareButton = document.querySelector(\'[data-share-app]\');\n        const copyButton = document.querySelector(\'[data-copy-app-link]\');\n\n        function getSharePayload() {\n          const language = document.querySelector(\'#nav_language\')?.value || \'en\';\n          const shareUrl = `${window.location.origin}/api/chat-ui/?mode=simple&language=${encodeURIComponent(language)}`;\n          if (language === \'hi\') {\n            return {\n              title: \'Bhagavad Gita Guide\',\n              text: \'\xe0\xa4\xae\xe0\xa5\x88\xe0\xa4\x82\xe0\xa4\xa8\xe0\xa5\x87 \xe0\xa4\x8f\xe0\xa4\x95 \xe0\xa4\x97\xe0\xa5\x80\xe0\xa4\xa4\xe0\xa4\xbe-\xe0\xa4\x86\xe0\xa4\xa7\xe0\xa4\xbe\xe0\xa4\xb0\xe0\xa4\xbf\xe0\xa4\xa4 \xe0\xa4\x9c\xe0\xa5\x80\xe0\xa4\xb5\xe0\xa4\xa8 \xe0\xa4\xae\xe0\xa4\xbe\xe0\xa4\xb0\xe0\xa5\x8d\xe0\xa4\x97\xe0\xa4\xa6\xe0\xa4\xb0\xe0\xa5\x8d\xe0\xa4\xb6\xe0\xa4\xa8 \xe0\xa4\x90\xe0\xa4\xaa \xe0\xa4\xaa\xe0\xa4\xbe\xe0\xa4\xaf\xe0\xa4\xbe \xe0\xa4\xb9\xe0\xa5\x88\xe0\xa5\xa4 \xe0\xa4\x86\xe0\xa4\xaa \xe0\xa4\xad\xe0\xa5\x80 \xe0\xa4\x85\xe0\xa4\xaa\xe0\xa4\xa8\xe0\xa4\xbe \xe0\xa4\xaa\xe0\xa5\x8d\xe0\xa4\xb0\xe0\xa4\xb6\xe0\xa5\x8d\xe0\xa4\xa8 \xe0\xa4\xaa\xe0\xa5\x82\xe0\xa4\x9b \xe0\xa4\xb8\xe0\xa4\x95\xe0\xa4\xa4\xe0\xa5\x87 \xe0\xa4\xb9\xe0\xa5\x88\xe0\xa4\x82\xe0\xa5\xa4\',\n              url: shareUrl,\n            };\n          }\n          return {\n            title: \'Bhagavad Gita Guide\',\n            text: \'I found a Gita-based guide for real life dilemmas. Ask your question here.\',\n            url: shareUrl,\n          };\n        }\n\n        function flashButtonDone(button, doneText) {\n          if (!button) {\n            return;\n          }\n          const originalText = button.textContent;\n          button.textContent = doneText;\n          window.setTimeout(() => {\n            button.textContent = originalText;\n          }, 1400);\n        }\n\n        if (shareButton) {\n          shareButton.addEventListener(\'click\', async () => {\n            const payload = getSharePayload();\n            postAnalyticsEvent({\n              event_type: \'share_click\',\n              source: \'chat_ui\',\n              path: window.location.pathname,\n              metadata: {\n                language: document.querySelector(\'#nav_language\')?.value || \'en\',\n              },\n            });\n            try {\n              if (navigator.share) {\n                await navigator.share(payload);\n                return;\n              }\n              await navigator.clipboard.writeText(payload.url);\n              flashButtonDone(shareButton, \'\xe2\x9c\x93\');\n            } catch (error) {\n              // User dismissed share or browser blocked clipboard.\n            }\n          });\n        }\n\n        if (copyButton) {\n          copyButton.addEventListener(\'click\', async () => {\n            const payload = getSharePayload();\n            postAnalyticsEvent({\n              event_type: \'copy_link_click\',\n              source: \'chat_ui\',\n              path: window.location.pathname,\n              metadata: {\n                language: document.querySelector(\'#nav_language\')?.value || \'en\',\n              },\n            });\n            try {\n              await navigator.clipboard.writeText(payload.url);\n              flashButtonDone(copyButton, \'\xe2\x9c\x93\');\n            } catch (error) {\n              // Clipboard may be blocked by browser permissions.\n            }\n          });\n        }\n      }\n\n      function initShareAnswerBtn() {\n        const buttons = Array.from(document.querySelectorAll(\'[data-share-answer]\'));\n        if (!buttons.length) return;\n\n        function parsePayload(button) {\n          const stack = button.closest(\'.assistant-stack\');\n          const payloadNode = stack ? stack.querySelector(\'[data-reply-payload]\') : null;\n          if (!payloadNode) return null;\n          try {\n            return JSON.parse(payloadNode.textContent || \'{}\');\n          } catch (_) {\n            return null;\n          }\n        }\n\n        buttons.forEach((btn) => {\n          if (btn.dataset.shareBound === \'true\') {\n            return;\n          }\n          btn.dataset.shareBound = \'true\';\n          btn.addEventListener(\'click\', async () => {\n          const payload = parsePayload(btn);\n          if (!payload) return;\n\n          const guidance = payload.guidance || \'\';\n          const language = payload.language || btn.dataset.language || \'en\';\n          const shareText = String(guidance || \'\').trim();\n          if (!shareText) return;\n\n          if (window.postAnalyticsEvent) {\n            window.postAnalyticsEvent({\n              event_type: \'share_click\',\n              source: \'chat_ui\',\n              path: window.location.pathname,\n              metadata: { type: \'answer_card\', language },\n            });\n          }\n\n          try {\n            if (navigator.share) {\n              await navigator.share({\n                title: \'Bhagavad Gita Guidance\',\n                text: shareText,\n              });\n              return;\n            }\n            await navigator.clipboard.writeText(shareText);\n            const orig = btn.textContent;\n            btn.textContent = \'\xe2\x9c\x93 Copied\';\n            window.setTimeout(() => { btn.textContent = orig; }, 1400);\n          } catch (_) { /* dismissed or blocked */ }\n          });\n        });\n      }\n\n      function initReplyActionBar() {\n        const bars = Array.from(document.querySelectorAll(\'[data-reply-actions]\'));\n        if (!bars.length) {\n          return;\n        }\n\n        function getCsrfToken() {\n          const tokenInput = document.querySelector(\'[name=csrfmiddlewaretoken]\');\n          if (tokenInput && tokenInput.value) {\n            return tokenInput.value;\n          }\n          const match = document.cookie.match(/(?:^|; )csrftoken=([^;]+)/);\n          return match ? decodeURIComponent(match[1]) : \'\';\n        }\n\n        function parsePayload(bar) {\n          const stack = bar.closest(\'.assistant-stack\');\n          const payloadNode = stack ? stack.querySelector(\'[data-reply-payload]\') : null;\n          if (!payloadNode) {\n            return null;\n          }\n          try {\n            return JSON.parse(payloadNode.textContent || \'{}\');\n          } catch (_) {\n            return null;\n          }\n        }\n\n        async function submitFeedback(bar, helpful) {\n          const payload = parsePayload(bar);\n          if (!payload) {\n            return false;\n          }\n          const csrfToken = getCsrfToken();\n          const chatToken = getChatTokenCookie();\n          const response = await fetch(\'/api/feedback/\', {\n            method: \'POST\',\n            credentials: \'same-origin\',\n            headers: {\n              \'Content-Type\': \'application/json\',\n              ...(csrfToken ? { \'X-CSRFToken\': csrfToken } : {}),\n              ...(chatToken ? { \'Authorization\': `Token ${chatToken}` } : {}),\n            },\n            body: JSON.stringify({\n              helpful,\n              message: payload.message || \'\',\n              mode: \'simple\',\n              response_mode: payload.response_mode || \'fallback\',\n              surface: \'web_chat_ui\',\n              response_preview: String(payload.response_preview || payload.guidance || \'\').slice(0, 280),\n              verse_references: Array.isArray(payload.verse_references)\n                ? payload.verse_references\n                : [],\n              conversation_id: payload.conversation_id || undefined,\n            }),\n          });\n          return response.ok;\n        }\n\n        bars.forEach((bar) => {\n          if (bar.dataset.replyBound === \'true\') {\n            return;\n          }\n          bar.dataset.replyBound = \'true\';\n          const likeBtn = bar.querySelector(\'[data-reply-like]\');\n          const dislikeBtn = bar.querySelector(\'[data-reply-dislike]\');\n          const copyBtn = bar.querySelector(\'[data-reply-copy]\');\n          const bubble = bar.closest(\'.assistant-stack\');\n          const textNode = bubble ? bubble.querySelector(\'.reply-main .typing-text\') : null;\n\n          if (likeBtn) {\n            likeBtn.addEventListener(\'click\', async () => {\n              const ok = await submitFeedback(bar, true);\n              if (!ok) {\n                return;\n              }\n              likeBtn.classList.add(\'active\');\n              if (dislikeBtn) {\n                dislikeBtn.classList.remove(\'active\');\n              }\n            });\n          }\n          if (dislikeBtn) {\n            dislikeBtn.addEventListener(\'click\', async () => {\n              const ok = await submitFeedback(bar, false);\n              if (!ok) {\n                return;\n              }\n              dislikeBtn.classList.add(\'active\');\n              if (likeBtn) {\n                likeBtn.classList.remove(\'active\');\n              }\n            });\n          }\n          if (copyBtn) {\n            copyBtn.addEventListener(\'click\', async () => {\n              const text = textNode ? String(textNode.textContent || \'\').trim() : \'\';\n              if (!text) {\n                return;\n              }\n              try {\n                await navigator.clipboard.writeText(text);\n                copyBtn.classList.add(\'copied\');\n                const original = copyBtn.textContent;\n                copyBtn.textContent = \'\xe2\x9c\x93 Copied\';\n                window.setTimeout(() => {\n                  copyBtn.classList.remove(\'copied\');\n                  copyBtn.textContent = original;\n                }, 1200);\n              } catch (_) {\n                // Clipboard may be blocked by browser permissions.\n              }\n            });\n          }\n        });\n      }\n\n      function initMoodCheckinStrip() {\n        const form = document.querySelector(\'[data-mood-form]\');\n        if (!form) {\n          return;\n        }\n        const moodInput = form.querySelector(\'[data-mood-value]\');\n        const pills = Array.from(form.querySelectorAll(\'[data-mood-pill]\'));\n        if (!moodInput || !pills.length) {\n          return;\n        }\n        pills.forEach((pill) => {\n          pill.addEventListener(\'click\', () => {\n            const mood = pill.getAttribute(\'data-mood-pill\') || \'\';\n            moodInput.value = mood;\n            pills.forEach((node) => node.classList.remove(\'active\'));\n            pill.classList.add(\'active\');\n          });\n        });\n      }\n\n      function initVerseImmersiveCard() {\n        const openBtn = document.querySelector(\'[data-open-immersive-verse]\');\n        const overlay = document.querySelector(\'[data-immersive-verse-overlay]\');\n        const closeBtn = document.querySelector(\'[data-close-immersive-verse]\');\n        if (!openBtn || !overlay || !closeBtn) {\n          return;\n        }\n        const close = () => overlay.classList.remove(\'open\');\n        openBtn.addEventListener(\'click\', () => {\n          overlay.classList.add(\'open\');\n        });\n        closeBtn.addEventListener(\'click\', close);\n        overlay.addEventListener(\'click\', (event) => {\n          if (event.target === overlay) {\n            close();\n          }\n        });\n        window.addEventListener(\'keydown\', (event) => {\n          if (event.key === \'Escape\') {\n            close();\n          }\n        });\n      }\n\n      function initGoogleSignIn() {\n        const clientId = (\n          document.body.dataset.googleClientId || ""\n        ).trim();\n        const container = document.querySelector("[data-google-signin-container]");\n        if (!clientId || !container) {\n          return;\n        }\n\n        function getCsrfTokenFromCookie() {\n          const name = "csrftoken";\n          if (document.cookie && document.cookie !== "") {\n            const cookies = document.cookie.split(";");\n            for (let i = 0; i < cookies.length; i++) {\n              const cookie = cookies[i].trim();\n              if (cookie.substring(0, name.length + 1) === name + "=") {\n                return decodeURIComponent(cookie.substring(name.length + 1));\n              }\n            }\n          }\n          return "";\n        }\n\n        function renderButton() {\n          if (!window.google || !window.google.accounts || !window.google.accounts.id) {\n            return false;\n          }\n          const uiLang =\n            document.body.dataset.uiLanguage ||\n            document.querySelector("#sidebar_language")?.value ||\n            document.querySelector("#nav_language")?.value ||\n            "en";\n\n          window.handleGoogleCredentialResponse = async function (response) {\n            const idToken = response && response.credential;\n            if (!idToken) {\n              return;\n            }\n            const csrf = getCsrfTokenFromCookie();\n            try {\n              const res = await fetch("/api/auth/google/", {\n                method: "POST",\n                credentials: "same-origin",\n                headers: {\n                  "Content-Type": "application/json",\n                  ...(csrf ? { "X-CSRFToken": csrf } : {}),\n                },\n                body: JSON.stringify({ id_token: idToken }),\n              });\n              if (res.ok) {\n                window.location.reload();\n                return;\n              }\n              let msg = "Google sign-in failed.";\n              try {\n                const data = await res.json();\n                const inner = data && (data.error || data.detail);\n                if (inner && typeof inner === "object" && inner.message) {\n                  msg = inner.message;\n                } else if (typeof inner === "string") {\n                  msg = inner;\n                }\n              } catch (_) {\n                /* ignore */\n              }\n              window.alert(msg);\n            } catch (_) {\n              window.alert("Google sign-in failed. Please try again.");\n            }\n          };\n\n          window.google.accounts.id.initialize({\n            client_id: clientId,\n            callback: window.handleGoogleCredentialResponse,\n            ux_mode: "popup",\n          });\n          window.google.accounts.id.renderButton(container, {\n            theme: "filled_blue",\n            size: "large",\n            text: "continue_with",\n            width: Math.min(container.offsetWidth || 360, 400),\n            locale: uiLang === "hi" ? "hi" : "en",\n          });\n          return true;\n        }\n\n        let tries = 0;\n        (function waitForGsi() {\n          if (renderButton()) {\n            return;\n          }\n          tries += 1;\n          if (tries < 80) {\n            window.setTimeout(waitForGsi, 100);\n          }\n        })();\n      }\n\n      function initGuestNavAuth() {\n        const authLinks = document.querySelectorAll(\'[data-nav-auth-target]\');\n        const overlay = document.querySelector(\'[data-auth-modal-overlay]\');\n        const modal = document.querySelector(\'[data-auth-modal]\');\n        const closeBtn = document.querySelector(\'[data-close-auth-modal]\');\n        const tabs = document.querySelectorAll(\'[data-auth-tab]\');\n        const panels = document.querySelectorAll(\'[data-auth-panel]\');\n\n        if (!authLinks.length || !overlay || !modal) {\n          return;\n        }\n\n        function setAuthMode(mode) {\n          tabs.forEach(tab => {\n            tab.classList.toggle(\'active\', tab.dataset.authTab === mode);\n          });\n          panels.forEach(panel => {\n            panel.classList.toggle(\'active\', panel.dataset.authPanel === mode);\n          });\n        }\n\n        function openAuthModal(mode) {\n          setAuthMode(mode);\n          overlay.classList.add(\'visible\');\n          modal.classList.add(\'visible\');\n          document.body.style.overflow = \'hidden\';\n\n          const focusTargets = mode === \'login\'\n            ? [\'#auth_modal_login_username\']\n            : [\'#auth_modal_register_username\'];\n          const field = focusTargets\n            .map(selector => document.querySelector(selector))\n            .find(Boolean);\n          if (field) {\n            setTimeout(() => field.focus(), 180);\n          }\n        }\n\n        function closeAuthModal() {\n          overlay.classList.remove(\'visible\');\n          modal.classList.remove(\'visible\');\n          document.body.style.overflow = \'\';\n        }\n\n        authLinks.forEach(link => {\n          link.addEventListener(\'click\', (event) => {\n            event.preventDefault();\n            openAuthModal(link.dataset.navAuthTarget || \'register\');\n          });\n        });\n\n        tabs.forEach(tab => {\n          tab.addEventListener(\'click\', () => {\n            setAuthMode(tab.dataset.authTab || \'register\');\n          });\n        });\n\n        if (closeBtn) {\n          closeBtn.addEventListener(\'click\', closeAuthModal);\n        }\n        overlay.addEventListener(\'click\', closeAuthModal);\n        document.addEventListener(\'keydown\', (event) => {\n          if (event.key === \'Escape\' && modal.classList.contains(\'visible\')) {\n            closeAuthModal();\n          }\n        });\n      }\n\n      function initNaamJapa() {\n        const root = document.querySelector("[data-naam-japa]");\n        if (!root) {\n          return;\n        }\n\n        const toggle = root.querySelector("[data-naam-japa-toggle]");\n        const panel = root.querySelector("[data-naam-japa-panel]");\n        const audio = root.querySelector("[data-naam-japa-audio]");\n        const playBtn = root.querySelector("[data-naam-japa-play]");\n        const playLabel = root.querySelector("[data-naam-japa-play-label]");\n        const statusNode = root.querySelector("[data-naam-japa-audio-status]");\n\n        function setPlayingUi(isPlaying) {\n          if (!playBtn || !playLabel) {\n            return;\n          }\n          const playText = playBtn.dataset.labelPlay || "Play";\n          const pauseText = playBtn.dataset.labelPause || "Pause";\n          playLabel.textContent = isPlaying ? pauseText : playText;\n        }\n\n        function showStatus(message) {\n          if (statusNode) {\n            statusNode.textContent = message || "";\n          }\n        }\n\n        if (toggle) {\n          toggle.addEventListener("click", () => {\n            const open = root.classList.toggle("is-open");\n            toggle.setAttribute("aria-expanded", open ? "true" : "false");\n          });\n        }\n\n        if (audio && playBtn && playLabel) {\n          audio.addEventListener("play", () => setPlayingUi(true));\n          audio.addEventListener("pause", () => setPlayingUi(false));\n          audio.addEventListener("ended", () => setPlayingUi(false));\n          audio.addEventListener("error", () => {\n            playBtn.disabled = true;\n            showStatus(playBtn.dataset.audioError || "");\n          });\n\n          playBtn.addEventListener("click", async () => {\n            if (playBtn.disabled) {\n              return;\n            }\n            try {\n              if (audio.paused) {\n                showStatus("");\n                await audio.play();\n              } else {\n                audio.pause();\n              }\n            } catch (err) {\n              playBtn.disabled = true;\n              showStatus(playBtn.dataset.audioError || "");\n            }\n          });\n\n          audio.addEventListener("canplaythrough", () => {\n            playBtn.disabled = false;\n          });\n\n          audio.load();\n        }\n      }\n\n      function initCommunityPreview() {\n        const root = document.querySelector("[data-community-preview]");\n        if (!root) {\n          return;\n        }\n\n        const listEl = root.querySelector("[data-community-preview-list]");\n        const statusEl = root.querySelector("[data-community-preview-status]");\n        const loadWrap = root.querySelector("[data-community-load-wrap]");\n        const loadBtn = root.querySelector("[data-community-load-more]");\n        const apiBase = (root.dataset.apiBase || "/api/community/posts/").trim();\n        const pageLimit = Math.min(\n          Math.max(parseInt(root.dataset.previewLimit || "4", 10) || 4, 1),\n          20,\n        );\n        const lang = (root.dataset.lang || "en").trim();\n        const loggedIn = root.dataset.communityLoggedIn === "1";\n\n        let requestOffset = 0;\n        let totalCount = 0;\n        let loading = false;\n\n        function getCsrfToken() {\n          const name = "csrftoken";\n          if (!document.cookie) {\n            return "";\n          }\n          const parts = document.cookie.split(";");\n          for (let i = 0; i < parts.length; i++) {\n            const c = parts[i].trim();\n            if (c.substring(0, name.length + 1) === name + "=") {\n              return decodeURIComponent(c.substring(name.length + 1));\n            }\n          }\n          return "";\n        }\n\n        function truncateText(str, maxLen) {\n          const t = (str || "").trim();\n          if (t.length <= maxLen) {\n            return t;\n          }\n          return `${t.slice(0, maxLen).trim()}\xe2\x80\xa6`;\n        }\n\n        function escHtml(s) {\n          const d = document.createElement("div");\n          d.textContent = s == null ? "" : String(s);\n          return d.innerHTML;\n        }\n\n        function setStatus(message, isOk) {\n          if (!statusEl) {\n            return;\n          }\n          statusEl.textContent = message || "";\n          statusEl.classList.toggle("is-ok", Boolean(message && isOk));\n        }\n\n        async function postJson(payload) {\n          const csrf = getCsrfToken();\n          const res = await fetch(apiBase, {\n            method: "POST",\n            credentials: "same-origin",\n            headers: {\n              "Content-Type": "application/json",\n              ...(csrf ? { "X-CSRFToken": csrf } : {}),\n            },\n            body: JSON.stringify(payload),\n          });\n          if (!res.ok) {\n            setStatus(\n              lang === "hi"\n                ? "\xe0\xa4\xaa\xe0\xa5\x8b\xe0\xa4\xb8\xe0\xa5\x8d\xe0\xa4\x9f \xe0\xa4\xa8\xe0\xa4\xb9\xe0\xa5\x80\xe0\xa4\x82 \xe0\xa4\xb9\xe0\xa5\x8b \xe0\xa4\xb8\xe0\xa4\x95\xe0\xa4\xbe \xe2\x80\x94 \xe0\xa4\xb8\xe0\xa4\xbe\xe0\xa4\x87\xe0\xa4\xa8 \xe0\xa4\x87\xe0\xa4\xa8 \xe0\xa4\x9c\xe0\xa4\xbe\xe0\xa4\x81\xe0\xa4\x9a\xe0\xa5\x87\xe0\xa4\x82\xe0\xa5\xa4"\n                : "Could not post \xe2\x80\x94 sign in may be required.",\n              false,\n            );\n            return false;\n          }\n          setStatus(\n            lang === "hi" ? "\xe0\xa4\xb8\xe0\xa4\xb9\xe0\xa5\x87\xe0\xa4\x9c\xe0\xa4\xbe \xe0\xa4\x97\xe0\xa4\xaf\xe0\xa4\xbe\xe0\xa5\xa4" : "Saved.",\n            true,\n          );\n          return true;\n        }\n\n        function renderReply(reply) {\n          const wrap = document.createElement("div");\n          const meta = document.createElement("div");\n          meta.className = "community-preview-meta";\n          meta.innerHTML =\n            "<strong>" +\n            escHtml(reply.author_username) +\n            "</strong> \xc2\xb7 <span>" +\n            escHtml(reply.created_at || "") +\n            "</span>";\n          const body = document.createElement("p");\n          body.className = "community-preview-body";\n          body.style.fontSize = "12px";\n          body.textContent = truncateText(reply.body, 220);\n          wrap.appendChild(meta);\n          wrap.appendChild(body);\n          return wrap;\n        }\n\n        function renderThread(row) {\n          const thread = document.createElement("article");\n          thread.className = "community-preview-thread";\n\n          const meta = document.createElement("div");\n          meta.className = "community-preview-meta";\n          meta.innerHTML =\n            "<strong>" +\n            escHtml(row.author_username) +\n            "</strong> \xc2\xb7 <span>" +\n            escHtml(row.created_at || "") +\n            "</span>";\n\n          const body = document.createElement("p");\n          body.className = "community-preview-body";\n          body.textContent = truncateText(row.body, 320);\n\n          thread.appendChild(meta);\n          thread.appendChild(body);\n\n          const replies = row.replies || [];\n          if (replies.length) {\n            const rw = document.createElement("div");\n            rw.className = "community-preview-replies";\n            replies.forEach((r) => {\n              rw.appendChild(renderReply(r));\n            });\n            thread.appendChild(rw);\n          }\n\n          if (loggedIn) {\n            const form = document.createElement("div");\n            form.className = "community-preview-reply-form";\n            const ta = document.createElement("textarea");\n            ta.rows = 2;\n            ta.maxLength = 4000;\n            ta.placeholder =\n              lang === "hi" ? "\xe0\xa4\x89\xe0\xa4\xa4\xe0\xa5\x8d\xe0\xa4\xa4\xe0\xa4\xb0 \xe0\xa4\xb2\xe0\xa4\xbf\xe0\xa4\x96\xe0\xa5\x87\xe0\xa4\x82\xe2\x80\xa6" : "Write a reply\xe2\x80\xa6";\n            const btn = document.createElement("button");\n            btn.type = "button";\n            btn.className = "community-preview-reply-btn";\n            btn.textContent = lang === "hi" ? "\xe0\xa4\x89\xe0\xa4\xa4\xe0\xa5\x8d\xe0\xa4\xa4\xe0\xa4\xb0 \xe0\xa4\xa6\xe0\xa5\x87\xe0\xa4\x82" : "Reply";\n            btn.addEventListener("click", async () => {\n              const text = ta.value.trim();\n              if (!text) {\n                return;\n              }\n              const ok = await postJson({ body: text, parent_id: row.id });\n              if (ok) {\n                ta.value = "";\n                requestOffset = 0;\n                await loadThreads(true);\n              }\n            });\n            form.appendChild(ta);\n            form.appendChild(btn);\n            thread.appendChild(form);\n          }\n\n          return thread;\n        }\n\n        async function loadThreads(replace) {\n          if (loading || !listEl) {\n            return;\n          }\n          loading = true;\n          if (replace) {\n            requestOffset = 0;\n            listEl.innerHTML = "";\n          }\n          setStatus("", true);\n          try {\n            const url = `${apiBase}?limit=${pageLimit}&offset=${requestOffset}`;\n            const res = await fetch(url, { credentials: "same-origin" });\n            if (!res.ok) {\n              throw new Error("community_load_failed");\n            }\n            const data = await res.json();\n            totalCount = typeof data.count === "number" ? data.count : 0;\n            const rows = data.results || [];\n            rows.forEach((row) => {\n              listEl.appendChild(renderThread(row));\n            });\n            requestOffset += rows.length;\n            const hasMore = requestOffset < totalCount;\n            if (loadWrap) {\n              loadWrap.hidden = !hasMore;\n            }\n            if (loadBtn) {\n              loadBtn.hidden = !hasMore;\n            }\n            if (replace && !rows.length) {\n              listEl.innerHTML =\n                "<p class=\\"community-preview-lead\\" style=\\"margin:0\\">" +\n                (lang === "hi"\n                  ? "\xe0\xa4\x85\xe0\xa4\xad\xe0\xa5\x80 \xe0\xa4\x95\xe0\xa5\x8b\xe0\xa4\x88 \xe0\xa4\x9f\xe0\xa4\xbf\xe0\xa4\xaa\xe0\xa5\x8d\xe0\xa4\xaa\xe0\xa4\xa3\xe0\xa5\x80 \xe0\xa4\xa8\xe0\xa4\xb9\xe0\xa5\x80\xe0\xa4\x82 \xe2\x80\x94 \xe0\xa4\x86\xe0\xa4\xaa \xe0\xa4\xaa\xe0\xa4\xb9\xe0\xa4\xb2\xe0\xa5\x87 \xe0\xa4\xb2\xe0\xa4\xbf\xe0\xa4\x96 \xe0\xa4\xb8\xe0\xa4\x95\xe0\xa4\xa4\xe0\xa5\x87 \xe0\xa4\xb9\xe0\xa5\x88\xe0\xa4\x82\xe0\xa5\xa4"\n                  : "No comments yet \xe2\x80\x94 you can start the thread.") +\n                "</p>";\n            }\n          } catch (err) {\n            setStatus(\n              lang === "hi"\n                ? "\xe0\xa4\xb2\xe0\xa5\x8b\xe0\xa4\xa1 \xe0\xa4\xa8\xe0\xa4\xb9\xe0\xa5\x80\xe0\xa4\x82 \xe0\xa4\xb9\xe0\xa5\x8b \xe0\xa4\xb8\xe0\xa4\x95\xe0\xa4\xbe \xe2\x80\x94 \xe0\xa4\xb0\xe0\xa4\xbf\xe0\xa4\xab\xe0\xa5\x8d\xe0\xa4\xb0\xe0\xa5\x87\xe0\xa4\xb6 \xe0\xa4\x95\xe0\xa4\xb0\xe0\xa5\x87\xe0\xa4\x82\xe0\xa5\xa4"\n                : "Could not load \xe2\x80\x94 refresh the page.",\n              false,\n            );\n          }\n          loading = false;\n        }\n\n        loadBtn?.addEventListener("click", () => loadThreads(false));\n\n        const rootSubmit = root.querySelector("[data-community-root-submit]");\n        const rootInput = root.querySelector("[data-community-root-input]");\n        rootSubmit?.addEventListener("click", async () => {\n          const text = rootInput?.value?.trim() || "";\n          if (!text) {\n            return;\n          }\n          const ok = await postJson({ body: text });\n          if (ok && rootInput) {\n            rootInput.value = "";\n            requestOffset = 0;\n            await loadThreads(true);\n          }\n        });\n\n        const toggle = root.querySelector("[data-community-toggle]");\n        const panel = root.querySelector("[data-community-panel]");\n        let bootstrapped = false;\n\n        function setPanelOpen(open) {\n          root.classList.toggle("is-open", open);\n          if (toggle) {\n            toggle.setAttribute("aria-expanded", open ? "true" : "false");\n          }\n          if (panel) {\n            panel.setAttribute("aria-hidden", open ? "false" : "true");\n          }\n        }\n\n        function openPanel() {\n          setPanelOpen(true);\n          if (!bootstrapped) {\n            bootstrapped = true;\n            void loadThreads(true);\n          }\n        }\n\n        function closePanel() {\n          setPanelOpen(false);\n        }\n\n        toggle?.addEventListener("click", () => {\n          if (root.classList.contains("is-open")) {\n            closePanel();\n          } else {\n            openPanel();\n          }\n        });\n\n        setPanelOpen(false);\n\n        function openFromHash() {\n          if (window.location.hash !== "#community-preview-discussion") {\n            return;\n          }\n          requestAnimationFrame(() => {\n            root.scrollIntoView({ behavior: "smooth", block: "start" });\n            openPanel();\n          });\n        }\n\n        openFromHash();\n        window.addEventListener("hashchange", () => {\n          if (window.location.hash === "#community-preview-discussion") {\n            openPanel();\n            root.scrollIntoView({ behavior: "smooth", block: "start" });\n          }\n        });\n      }\n\n      function initTodaySignal() {\n        const card = document.querySelector("[data-daily-signal-card]");\n        if (!card) {\n          return;\n        }\n\n        const quoteNode = card.querySelector("[data-daily-signal-quote]");\n        const meaningNode = card.querySelector("[data-daily-signal-meaning]");\n        const referenceNode = card.querySelector("[data-daily-signal-reference]");\n        const language = card.dataset.language || "en";\n\n        fetchPublicBrowse(`/api/daily-verse/?language=${encodeURIComponent(language)}`)\n          .then((response) => {\n            if (!response.ok) {\n              throw new Error("daily_verse_fetch_failed");\n            }\n            return response.json();\n          })\n          .then((payload) => {\n            if (quoteNode && payload.quote) {\n              quoteNode.textContent = `"${payload.quote}"`;\n            }\n            if (meaningNode && payload.meaning) {\n              meaningNode.textContent = payload.meaning;\n            }\n            if (referenceNode && payload.verse && payload.verse.reference) {\n              referenceNode.textContent = language === "hi"\n                ? `\xe0\xa4\xad\xe0\xa4\x97\xe0\xa4\xb5\xe0\xa4\xa6\xe0\xa5\x8d\xe0\xa4\x97\xe0\xa5\x80\xe0\xa4\xa4\xe0\xa4\xbe ${payload.verse.reference}`\n                : `Bhagavad Gita ${payload.verse.reference}`;\n            }\n          })\n          .catch(() => {\n            // Keep the server-rendered fallback copy if the request fails.\n          });\n      }\n\n      initAos();\n      initGsapMotion();\n      initTilt();\n      initAmbientEffects();\n      initConversationScrollPaging();\n      initConversationThreadPaging();\n      initQuoteArt();\n      initGitaReader();\n      initLandingPage();\n      initShareAnswerBtn();\n      initReplyActionBar();\n      initMoodCheckinStrip();\n      initVerseImmersiveCard();\n      initGoogleSignIn();\n      initGuestNavAuth();\n      initNaamJapa();\n      initCommunityPreview();\n      initTodaySignal();\n      scrollTranscriptToLatestReplyStart();\n    };\n\n    window.initChatUi();\n  </script>\n</body>\n</html>\n'

----------------------------------------------------------------------
Ran 2 tests in 0.579s

FAILED (failures=1)
Destroying test database for alias 'default'...
Found 2 test(s).
System check identified no issues (0 silenced).
